<html>
<body>
<pre>
<h1>µVision Build Log</h1>
<h2>Project:</h2>
\\psf\Dropbox\switchbot\switchbotNuvoton\Code_with_Libraries\UART0_write\UART0_write.uvproj
Project File Date:  07/30/2014

<h2>Output:</h2>
Rebuild target 'UART0_Write_test'
compiling UART0_write_test.c...
compiling common.c...
compiling retarget.c...
assembling startup_M051.s...
compiling System_Clock.c...
compiling UART.c...
..\..\Libraries\MiP_Libraries\UART\UART.c(58): warning:  #9-D: nested comment is not allowed
        printf("\n");//*/
..\..\Libraries\MiP_Libraries\UART\UART.c: 1 warning, 0 errors
linking...
Program Size: Code=4588 RO-data=352 RW-data=40 ZI-data=1144  
After Build - User command #1: fromelf --bin ".\output\Timer_Demo.axf" --output ".\output\Timer_Demo.bin"
After Build - User command #2: fromelf --text -c ".\output\Timer_Demo.axf" --output ".\output\Timer_Demo.txt"
".\Output\Timer_Demo.axf" - 0 Error(s), 1 Warning(s).
Load "\\\\psf\\Dropbox\\switchbot\\switchbotNuvoton\\Code_with_Libraries\\UART0_write\\Output\\Timer_Demo.axf" 
</pre>
</body>
</html>
