ARM Linker, 5.03 [Build 76] [MDK-ARM Lite]

==============================================================================

Section Cross References

    combined_timer_interrupt_adc_pwm_spi1_test.o(.text) refers to _printf_percent.o(.ARM.Collect$$_printf_percent$$00000000) for _printf_percent
    combined_timer_interrupt_adc_pwm_spi1_test.o(.text) refers to _printf_d.o(.ARM.Collect$$_printf_percent$$00000009) for _printf_d
    combined_timer_interrupt_adc_pwm_spi1_test.o(.text) refers to _printf_dec.o(.text) for _printf_int_dec
    combined_timer_interrupt_adc_pwm_spi1_test.o(.text) refers to system_clock.o(.text) for Init_System_Clocks_PLL
    combined_timer_interrupt_adc_pwm_spi1_test.o(.text) refers to _printf_f.o(.ARM.Collect$$_printf_percent$$00000003) for _printf_f
    combined_timer_interrupt_adc_pwm_spi1_test.o(.text) refers to printf1.o(x$fpl$printf1) for _printf_fp_dec
    combined_timer_interrupt_adc_pwm_spi1_test.o(.text) refers to uart.o(.text) for Init_Uart0
    combined_timer_interrupt_adc_pwm_spi1_test.o(.text) refers to spi.o(.text) for Init_SPI
    combined_timer_interrupt_adc_pwm_spi1_test.o(.text) refers to imu.o(.text) for Init_Digital_IMU
    combined_timer_interrupt_adc_pwm_spi1_test.o(.text) refers to gpio.o(.text) for Init_GPIO_Output
    combined_timer_interrupt_adc_pwm_spi1_test.o(.text) refers to timers.o(.text) for Init_Timer2_ISR
    combined_timer_interrupt_adc_pwm_spi1_test.o(.text) refers to pwm.o(.text) for Init_PWM
    combined_timer_interrupt_adc_pwm_spi1_test.o(.text) refers to adc.o(.text) for Init_ADC
    combined_timer_interrupt_adc_pwm_spi1_test.o(.text) refers to noretval__2printf.o(.text) for __2printf
    combined_timer_interrupt_adc_pwm_spi1_test.o(.text) refers to f2d.o(.text) for __aeabi_f2d
    combined_timer_interrupt_adc_pwm_spi1_test.o(.text) refers to combined_timer_interrupt_adc_pwm_spi1_test.o(.data) for Timer_Count1
    startup_m051.o(STACK) refers (Special) to heapauxi.o(.text) for __use_two_region_memory
    startup_m051.o(HEAP) refers (Special) to heapauxi.o(.text) for __use_two_region_memory
    startup_m051.o(RESET) refers (Special) to heapauxi.o(.text) for __use_two_region_memory
    startup_m051.o(RESET) refers to startup_m051.o(STACK) for __initial_sp
    startup_m051.o(RESET) refers to startup_m051.o(.text) for Reset_Handler
    startup_m051.o(RESET) refers to combined_timer_interrupt_adc_pwm_spi1_test.o(.text) for TMR2_IRQHandler
    startup_m051.o(RESET) refers to uart.o(.text) for UART0_IRQHandler
    startup_m051.o(.text) refers (Special) to heapauxi.o(.text) for __use_two_region_memory
    startup_m051.o(.text) refers to __main.o(!!!main) for __main
    startup_m051.o(.text) refers to startup_m051.o(HEAP) for Heap_Mem
    startup_m051.o(.text) refers to startup_m051.o(STACK) for Stack_Mem
    imu.o(.text) refers to _printf_percent.o(.ARM.Collect$$_printf_percent$$00000000) for _printf_percent
    imu.o(.text) refers to _printf_f.o(.ARM.Collect$$_printf_percent$$00000003) for _printf_f
    imu.o(.text) refers to printf1.o(x$fpl$printf1) for _printf_fp_dec
    imu.o(.text) refers to spi.o(.text) for SPI_WriteAndWait
    imu.o(.text) refers to fmul.o(x$fpl$fmul) for __aeabi_fmul
    imu.o(.text) refers to faddsub.o(x$fpl$fadd) for __aeabi_fadd
    imu.o(.text) refers to fdiv.o(.text) for __aeabi_fdiv
    imu.o(.text) refers to f2d.o(.text) for __aeabi_f2d
    imu.o(.text) refers to atan2.o(i.atan2) for atan2
    imu.o(.text) refers to daddsub.o(.text) for __aeabi_dadd
    imu.o(.text) refers to d2f.o(.text) for __aeabi_d2f
    imu.o(.text) refers to dmul.o(.text) for __aeabi_dmul
    imu.o(.text) refers to ddiv.o(.text) for __aeabi_ddiv
    imu.o(.text) refers to noretval__2printf.o(.text) for __2printf
    imu.o(.text) refers to imu.o(.data) for Accel1
    spi.o(.text) refers to fflti.o(.text) for __aeabi_ui2f
    spi.o(.text) refers to aeabi_sdiv.o(.text) for __aeabi_idivmod
    system_clock.o(.text) refers to common.o(.text) for Un_Lock_Reg
    adc.o(.text) refers to _printf_percent.o(.ARM.Collect$$_printf_percent$$00000000) for _printf_percent
    adc.o(.text) refers to _printf_d.o(.ARM.Collect$$_printf_percent$$00000009) for _printf_d
    adc.o(.text) refers to _printf_dec.o(.text) for _printf_int_dec
    adc.o(.text) refers to adc.o(i.__ARM_common_switch8) for __ARM_common_switch8
    adc.o(.text) refers to adc.o(.data) for Already_Init
    adc.o(.text) refers to adc.o(.bss) for ADC_Activated
    adc.o(.text) refers to noretval__2printf.o(.text) for __2printf
    pwm.o(.text) refers to adc.o(i.__ARM_common_switch8) for __ARM_common_switch8
    gpio.o(.text) refers to adc.o(i.__ARM_common_switch8) for __ARM_common_switch8
    uart.o(.text) refers to _printf_percent.o(.ARM.Collect$$_printf_percent$$00000000) for _printf_percent
    uart.o(.text) refers to _printf_d.o(.ARM.Collect$$_printf_percent$$00000009) for _printf_d
    uart.o(.text) refers to _printf_dec.o(.text) for _printf_int_dec
[...]
    __printf_flags_wp.o(.text) refers to __printf_flags_wp.o(.constdata) for .constdata
    __printf_ss_wp.o(.text) refers to __printf_wp.o(i._is_digit) for _is_digit
    __printf_ss_wp.o(.text) refers to _printf_percent.o(.ARM.Collect$$_printf_percent$$00000000) for _printf_percent
    __printf_flags_ss_wp.o(.text) refers to __printf_wp.o(i._is_digit) for _is_digit
    __printf_flags_ss_wp.o(.text) refers to _printf_percent.o(.ARM.Collect$$_printf_percent$$00000000) for _printf_percent
    __printf_flags_ss_wp.o(.text) refers to __printf_flags_ss_wp.o(.constdata) for .constdata
    _printf_d.o(.ARM.Collect$$_printf_percent$$00000009) refers (Weak) to _printf_dec.o(.text) for _printf_int_dec
    _printf_f.o(.ARM.Collect$$_printf_percent$$00000003) refers (Weak) to printf1.o(x$fpl$printf1) for _printf_fp_dec
    _printf_percent.o(.ARM.Collect$$_printf_percent$$00000000) refers (Special) to _printf_percent_end.o(.ARM.Collect$$_printf_percent$$00000017) for _printf_percent_end
    __main.o(!!!main) refers to rtentry.o(.ARM.Collect$$rtentry$$00000000) for __rt_entry
    d2f.o(.text) refers (Special) to usenofp.o(x$fpl$usenofp) for __I$use$fp
    daddsub.o(.text) refers (Special) to usenofp.o(x$fpl$usenofp) for __I$use$fp
    ddiv.o(.text) refers (Special) to usenofp.o(x$fpl$usenofp) for __I$use$fp
    ddiv.o(.text) refers to ddiv.o(.constdata) for .constdata
    ddiv.o(.constdata) refers (Special) to usenofp.o(x$fpl$usenofp) for __I$use$fp
    dmul.o(.text) refers (Special) to usenofp.o(x$fpl$usenofp) for __I$use$fp
    f2d.o(.text) refers (Special) to usenofp.o(x$fpl$usenofp) for __I$use$fp
    faddsub.o(x$fpl$fadd) refers (Special) to usenofp.o(x$fpl$usenofp) for __I$use$fp
    faddsub.o(x$fpl$fadd) refers to faddsub.o(x$fpl$fsub) for _fsub1
    faddsub.o(x$fpl$frsb) refers (Special) to usenofp.o(x$fpl$usenofp) for __I$use$fp
    faddsub.o(x$fpl$frsb) refers to faddsub.o(x$fpl$fsub) for _fsub1
    faddsub.o(x$fpl$frsb) refers to faddsub.o(x$fpl$fadd) for _fadd1
    faddsub.o(x$fpl$fsub) refers (Special) to usenofp.o(x$fpl$usenofp) for __I$use$fp
    faddsub.o(x$fpl$fsub) refers to faddsub.o(x$fpl$fadd) for _fadd1
    fdiv.o(.text) refers (Special) to usenofp.o(x$fpl$usenofp) for __I$use$fp
    fdiv.o(.text) refers to fdiv.o(.constdata) for .constdata
    fdiv.o(.constdata) refers (Special) to usenofp.o(x$fpl$usenofp) for __I$use$fp
    fflti.o(.text) refers (Special) to usenofp.o(x$fpl$usenofp) for __I$use$fp
    fmul.o(x$fpl$fmul) refers (Special) to usenofp.o(x$fpl$usenofp) for __I$use$fp
    printf1.o(x$fpl$printf1) refers to _printf_fp_dec.o(.text) for _printf_fp_dec_real
    atan2.o(i.__softfp_atan2) refers (Special) to usenofp.o(x$fpl$usenofp) for __I$use$fp
    atan2.o(i.__softfp_atan2) refers to atan2.o(i.atan2) for atan2
    atan2.o(i.atan2) refers (Special) to usenofp.o(x$fpl$usenofp) for __I$use$fp
    atan2.o(i.atan2) refers to daddsub.o(.text) for __aeabi_dadd
    atan2.o(i.atan2) refers to atan.o(i.atan) for atan
    atan2.o(i.atan2) refers to ddiv.o(.text) for __aeabi_ddiv
    atan2.o(i.atan2) refers to qnan.o(.constdata) for __mathlib_zero
    atan2_x.o(i.____softfp_atan2$lsc) refers (Special) to usenofp.o(x$fpl$usenofp) for __I$use$fp
    atan2_x.o(i.____softfp_atan2$lsc) refers to atan2_x.o(i.__atan2$lsc) for __atan2$lsc
    atan2_x.o(i.__atan2$lsc) refers (Special) to usenofp.o(x$fpl$usenofp) for __I$use$fp
    atan2_x.o(i.__atan2$lsc) refers to daddsub.o(.text) for __aeabi_dadd
    atan2_x.o(i.__atan2$lsc) refers to atan.o(i.atan) for atan
    atan2_x.o(i.__atan2$lsc) refers to _rserrno.o(.text) for __set_errno
    atan2_x.o(i.__atan2$lsc) refers to ddiv.o(.text) for __aeabi_ddiv
    atan2_x.o(i.__atan2$lsc) refers to qnan.o(.constdata) for __mathlib_zero
    rtentry.o(.ARM.Collect$$rtentry$$00000000) refers (Special) to rtentry2.o(.ARM.Collect$$rtentry$$0000000A) for __rt_entry_li
    rtentry.o(.ARM.Collect$$rtentry$$00000000) refers (Special) to rtentry2.o(.ARM.Collect$$rtentry$$0000000D) for __rt_entry_main
    rtentry.o(.ARM.Collect$$rtentry$$00000000) refers (Special) to rtentry2.o(.ARM.Collect$$rtentry$$0000000C) for __rt_entry_postli_1
    rtentry.o(.ARM.Collect$$rtentry$$00000000) refers (Special) to rtentry2.o(.ARM.Collect$$rtentry$$00000009) for __rt_entry_postsh_1
    rtentry.o(.ARM.Collect$$rtentry$$00000000) refers (Special) to rtentry2.o(.ARM.Collect$$rtentry$$00000002) for __rt_entry_presh_1
    rtentry.o(.ARM.Collect$$rtentry$$00000000) refers (Special) to rtentry4.o(.ARM.Collect$$rtentry$$00000004) for __rt_entry_sh
    aeabi_idiv0_sigfpe.o(.text) refers to rt_div0.o(.text) for __rt_div0
    _rserrno.o(.text) refers to rt_errno_addr_intlibspace.o(.text) for __aeabi_errno_addr
    _printf_fp_dec.o(.text) refers (Special) to usenofp.o(x$fpl$usenofp) for __I$use$fp
    _printf_fp_dec.o(.text) refers (Special) to lc_numeric_c.o(locale$$code) for _get_lc_numeric
    _printf_fp_dec.o(.text) refers to bigflt0.o(.text) for _btod_etento
    _printf_fp_dec.o(.text) refers to btod.o(.text) for _btod_d2e
    _printf_fp_dec.o(.text) refers to lludiv10.o(.text) for _ll_udiv10
    _printf_fp_dec.o(.text) refers to fpclassify.o(i.__ARM_fpclassify) for __ARM_fpclassify
    _printf_fp_dec.o(.text) refers to _printf_fp_infnan.o(.text) for _printf_fp_infnan
    _printf_fp_dec.o(.text) refers to rtudiv10.o(.text) for __rt_udiv10
    _printf_fp_dec.o(.text) refers to rt_locale_intlibspace.o(.text) for __rt_locale
    _printf_char_file.o(.text) refers to _printf_char_common.o(.text) for _printf_char_common
    _printf_char_file.o(.text) refers to retarget.o(.text) for ferror
    atan.o(i.__softfp_atan) refers (Special) to usenofp.o(x$fpl$usenofp) for __I$use$fp
    atan.o(i.__softfp_atan) refers to atan.o(i.atan) for atan
    atan.o(i.atan) refers (Special) to usenofp.o(x$fpl$usenofp) for __I$use$fp
    atan.o(i.atan) refers to dscalbn.o(.text) for __ARM_scalbn
    atan.o(i.atan) refers to fpclassify.o(i.__ARM_fpclassify) for __ARM_fpclassify
    atan.o(i.atan) refers to dunder.o(i.__mathlib_dbl_underflow) for __mathlib_dbl_underflow
    atan.o(i.atan) refers to daddsub.o(.text) for __aeabi_dadd
    atan.o(i.atan) refers to ddiv.o(.text) for __aeabi_ddiv
    atan.o(i.atan) refers to dmul.o(.text) for __aeabi_dmul
    atan.o(i.atan) refers to poly.o(i.__kernel_poly) for __kernel_poly
    atan.o(i.atan) refers to atan.o(.constdata) for .constdata
    atan.o(.constdata) refers (Special) to usenofp.o(x$fpl$usenofp) for __I$use$fp
    atan_x.o(i.____softfp_atan$lsc) refers (Special) to usenofp.o(x$fpl$usenofp) for __I$use$fp
    atan_x.o(i.____softfp_atan$lsc) refers to atan_x.o(i.__atan$lsc) for __atan$lsc
    atan_x.o(i.__atan$lsc) refers (Special) to usenofp.o(x$fpl$usenofp) for __I$use$fp
    atan_x.o(i.__atan$lsc) refers to dscalbn.o(.text) for __ARM_scalbn
    atan_x.o(i.__atan$lsc) refers to daddsub.o(.text) for __aeabi_dadd
    atan_x.o(i.__atan$lsc) refers to ddiv.o(.text) for __aeabi_ddiv
    atan_x.o(i.__atan$lsc) refers to dmul.o(.text) for __aeabi_dmul
    atan_x.o(i.__atan$lsc) refers to poly.o(i.__kernel_poly) for __kernel_poly
    atan_x.o(i.__atan$lsc) refers to atan_x.o(.constdata) for .constdata
    atan_x.o(.constdata) refers (Special) to usenofp.o(x$fpl$usenofp) for __I$use$fp
    qnan.o(.constdata) refers (Special) to usenofp.o(x$fpl$usenofp) for __I$use$fp
    rtentry2.o(.ARM.Collect$$rtentry$$00000008) refers to boardinit2.o(.text) for _platform_post_stackheap_init
    rtentry2.o(.ARM.Collect$$rtentry$$0000000A) refers to libinit.o(.ARM.Collect$$libinit$$00000000) for __rt_lib_init
    rtentry2.o(.ARM.Collect$$rtentry$$0000000B) refers to boardinit3.o(.text) for _platform_post_lib_init
    rtentry2.o(.ARM.Collect$$rtentry$$0000000D) refers to combined_timer_interrupt_adc_pwm_spi1_test.o(.text) for main
    rtentry2.o(.ARM.Collect$$rtentry$$0000000D) refers to exit.o(.text) for exit
    rtentry2.o(.ARM.exidx) refers to rtentry2.o(.ARM.Collect$$rtentry$$00000001) for .ARM.Collect$$rtentry$$00000001
    rtentry2.o(.ARM.exidx) refers to rtentry2.o(.ARM.Collect$$rtentry$$00000008) for .ARM.Collect$$rtentry$$00000008
    rtentry2.o(.ARM.exidx) refers to rtentry2.o(.ARM.Collect$$rtentry$$0000000A) for .ARM.Collect$$rtentry$$0000000A
    rtentry2.o(.ARM.exidx) refers to rtentry2.o(.ARM.Collect$$rtentry$$0000000B) for .ARM.Collect$$rtentry$$0000000B
    rtentry2.o(.ARM.exidx) refers to rtentry2.o(.ARM.Collect$$rtentry$$0000000D) for .ARM.Collect$$rtentry$$0000000D
    rtentry4.o(.ARM.Collect$$rtentry$$00000004) refers to sys_stackheap_outer.o(.text) for __user_setup_stackheap
    rtentry4.o(.ARM.exidx) refers to rtentry4.o(.ARM.Collect$$rtentry$$00000004) for .ARM.Collect$$rtentry$$00000004
    rt_div0.o(.text) refers to defsig_fpe_outer.o(.text) for __rt_SIGFPE
    rt_locale.o(.text) refers to rt_locale.o(.bss) for __rt_locale_data
    rt_locale_intlibspace.o(.text) refers to libspace.o(.bss) for __libspace_start
    rt_errno_addr.o(.text) refers to rt_errno_addr.o(.bss) for __aeabi_errno_addr_data
    rt_errno_addr_intlibspace.o(.text) refers to libspace.o(.bss) for __libspace_start
    _printf_char_common.o(.text) refers to __printf_wp.o(.text) for __printf
    bigflt0.o(.text) refers (Special) to usenofp.o(x$fpl$usenofp) for __I$use$fp
    bigflt0.o(.text) refers to aeabi_sdiv.o(.text) for __aeabi_idivmod
    bigflt0.o(.text) refers to btod.o(.text) for _btod_emul
    bigflt0.o(.text) refers to bigflt0.o(.constdata) for .constdata
    bigflt0.o(.constdata) refers (Special) to usenofp.o(x$fpl$usenofp) for __I$use$fp
    btod.o(.text) refers to btod.o(i.__ARM_common_ll_muluu) for __ARM_common_ll_muluu
    lc_numeric_c.o(locale$$data) refers (Special) to libinit2.o(.ARM.Collect$$libinit$$00000014) for __rt_lib_init_lc_numeric_2
    lc_numeric_c.o(locale$$code) refers (Special) to libinit2.o(.ARM.Collect$$libinit$$00000014) for __rt_lib_init_lc_numeric_2
    lc_numeric_c.o(locale$$code) refers to strcmp.o(.text) for strcmp
    lc_numeric_c.o(locale$$code) refers to lc_numeric_c.o(locale$$data) for __lcnum_c_name
    dscalbn.o(.text) refers (Special) to usenofp.o(x$fpl$usenofp) for __I$use$fp
    ieee_status.o(.text) refers (Special) to usenofp.o(x$fpl$usenofp) for __I$use$fp
    dunder.o(i.__mathlib_dbl_underflow) refers to dscalbn.o(.text) for __ARM_scalbn
    fpclassify.o(i.__ARM_fpclassify) refers (Special) to usenofp.o(x$fpl$usenofp) for __I$use$fp
    poly.o(i.__kernel_poly) refers (Special) to usenofp.o(x$fpl$usenofp) for __I$use$fp
    poly.o(i.__kernel_poly) refers to dmul.o(.text) for __aeabi_dmul
    poly.o(i.__kernel_poly) refers to daddsub.o(.text) for __aeabi_dadd
    libspace.o(.text) refers to libspace.o(.bss) for __libspace_start
    sys_stackheap_outer.o(.text) refers to libspace.o(.text) for __user_perproc_libspace
    sys_stackheap_outer.o(.text) refers to startup_m051.o(.text) for __user_initial_stackheap
    sys_stackheap_outer.o(__vectab_stack_and_reset_area) refers to tempstk.o(.text) for __temporary_stack_top
    sys_stackheap_outer.o(__vectab_stack_and_reset_area) refers to __main.o(!!!main) for __main
    exit.o(.text) refers to rtexit.o(.ARM.Collect$$rtexit$$00000000) for __rt_exit
    defsig_fpe_outer.o(.text) refers to defsig_fpe_inner.o(.text) for __rt_SIGFPE_inner
    defsig_fpe_outer.o(.text) refers to defsig_exit.o(.text) for __sig_exit
    defsig_fpe_formal.o(.text) refers to rt_raise.o(.text) for __rt_raise
    libinit.o(.ARM.Collect$$libinit$$00000000) refers (Special) to libinit2.o(.ARM.Collect$$libinit$$0000002C) for __rt_lib_init_alloca_1
    libinit.o(.ARM.Collect$$libinit$$00000000) refers (Special) to libinit2.o(.ARM.Collect$$libinit$$0000002A) for __rt_lib_init_argv_1
    libinit.o(.ARM.Collect$$libinit$$00000000) refers (Special) to libinit2.o(.ARM.Collect$$libinit$$00000019) for __rt_lib_init_atexit_1
    libinit.o(.ARM.Collect$$libinit$$00000000) refers (Special) to libinit2.o(.ARM.Collect$$libinit$$0000001F) for __rt_lib_init_clock_1
    libinit.o(.ARM.Collect$$libinit$$00000000) refers (Special) to libinit2.o(.ARM.Collect$$libinit$$00000030) for __rt_lib_init_cpp_1
    libinit.o(.ARM.Collect$$libinit$$00000000) refers (Special) to libinit2.o(.ARM.Collect$$libinit$$0000002E) for __rt_lib_init_exceptions_1
    libinit.o(.ARM.Collect$$libinit$$00000000) refers (Special) to libinit2.o(.ARM.Collect$$libinit$$00000001) for __rt_lib_init_fp_1
    libinit.o(.ARM.Collect$$libinit$$00000000) refers (Special) to libinit2.o(.ARM.Collect$$libinit$$0000001D) for __rt_lib_init_fp_trap_1
    libinit.o(.ARM.Collect$$libinit$$00000000) refers (Special) to libinit2.o(.ARM.Collect$$libinit$$00000021) for __rt_lib_init_getenv_1
    libinit.o(.ARM.Collect$$libinit$$00000000) refers (Special) to libinit2.o(.ARM.Collect$$libinit$$00000008) for __rt_lib_init_heap_1
    libinit.o(.ARM.Collect$$libinit$$00000000) refers (Special) to libinit2.o(.ARM.Collect$$libinit$$0000000F) for __rt_lib_init_lc_collate_1
    libinit.o(.ARM.Collect$$libinit$$00000000) refers (Special) to libinit2.o(.ARM.Collect$$libinit$$00000011) for __rt_lib_init_lc_ctype_1
    libinit.o(.ARM.Collect$$libinit$$00000000) refers (Special) to libinit2.o(.ARM.Collect$$libinit$$00000013) for __rt_lib_init_lc_monetary_1
    libinit.o(.ARM.Collect$$libinit$$00000000) refers (Special) to libinit2.o(.ARM.Collect$$libinit$$00000015) for __rt_lib_init_lc_numeric_1
    libinit.o(.ARM.Collect$$libinit$$00000000) refers (Special) to libinit2.o(.ARM.Collect$$libinit$$00000017) for __rt_lib_init_lc_time_1
    libinit.o(.ARM.Collect$$libinit$$00000000) refers (Special) to libinit2.o(.ARM.Collect$$libinit$$0000000C) for __rt_lib_init_rand_1
    libinit.o(.ARM.Collect$$libinit$$00000000) refers (Special) to libinit2.o(.ARM.Collect$$libinit$$00000031) for __rt_lib_init_return
    libinit.o(.ARM.Collect$$libinit$$00000000) refers (Special) to libinit2.o(.ARM.Collect$$libinit$$0000001B) for __rt_lib_init_signal_1
    libinit.o(.ARM.Collect$$libinit$$00000000) refers (Special) to libinit2.o(.ARM.Collect$$libinit$$00000023) for __rt_lib_init_stdio_1
    libinit.o(.ARM.Collect$$libinit$$00000000) refers (Special) to libinit2.o(.ARM.Collect$$libinit$$0000000A) for __rt_lib_init_user_alloc_1
    libinit2.o(.ARM.Collect$$libinit$$0000000D) refers (Weak) to rt_locale_intlibspace.o(.text) for __rt_locale
    libinit2.o(.ARM.Collect$$libinit$$0000000E) refers to libinit2.o(.ARM.Collect$$libinit$$0000000D) for .ARM.Collect$$libinit$$0000000D
    libinit2.o(.ARM.Collect$$libinit$$00000010) refers to libinit2.o(.ARM.Collect$$libinit$$0000000D) for .ARM.Collect$$libinit$$0000000D
    libinit2.o(.ARM.Collect$$libinit$$00000012) refers to libinit2.o(.ARM.Collect$$libinit$$0000000D) for .ARM.Collect$$libinit$$0000000D
    libinit2.o(.ARM.Collect$$libinit$$00000014) refers to libinit2.o(.ARM.Collect$$libinit$$0000000D) for .ARM.Collect$$libinit$$0000000D
    libinit2.o(.ARM.Collect$$libinit$$00000014) refers (Weak) to lc_numeric_c.o(locale$$code) for _get_lc_numeric
    libinit2.o(.ARM.Collect$$libinit$$00000016) refers to libinit2.o(.ARM.Collect$$libinit$$0000000D) for .ARM.Collect$$libinit$$0000000D
    libinit2.o(.ARM.Collect$$libinit$$00000024) refers to argv_veneer.o(.text) for __ARM_argv_veneer
    libinit2.o(.ARM.Collect$$libinit$$00000025) refers to argv_veneer.o(.text) for __ARM_argv_veneer
    rtexit.o(.ARM.Collect$$rtexit$$00000000) refers (Special) to rtexit2.o(.ARM.Collect$$rtexit$$00000004) for __rt_exit_exit
    rtexit.o(.ARM.Collect$$rtexit$$00000000) refers (Special) to rtexit2.o(.ARM.Collect$$rtexit$$00000003) for __rt_exit_ls
    rtexit.o(.ARM.Collect$$rtexit$$00000000) refers (Special) to rtexit2.o(.ARM.Collect$$rtexit$$00000002) for __rt_exit_prels_1
    rtexit.o(.ARM.exidx) refers (Special) to rtexit2.o(.ARM.Collect$$rtexit$$00000004) for __rt_exit_exit
    rtexit.o(.ARM.exidx) refers (Special) to rtexit2.o(.ARM.Collect$$rtexit$$00000003) for __rt_exit_ls
    rtexit.o(.ARM.exidx) refers (Special) to rtexit2.o(.ARM.Collect$$rtexit$$00000002) for __rt_exit_prels_1
    rtexit.o(.ARM.exidx) refers to rtexit.o(.ARM.Collect$$rtexit$$00000000) for .ARM.Collect$$rtexit$$00000000
    rt_raise.o(.text) refers to __raise.o(.text) for __raise
    rt_raise.o(.text) refers to sys_exit.o(.text) for _sys_exit
    defsig_exit.o(.text) refers to sys_exit.o(.text) for _sys_exit
    defsig_fpe_inner.o(.text) refers to defsig_general.o(.text) for __default_signal_display
    sys_exit.o(.text) refers (Special) to use_no_semi.o(.text) for __I$use$semihosting
    sys_exit.o(.text) refers (Special) to indicate_semi.o(.text) for __semihosting_library_function
    rtexit2.o(.ARM.Collect$$rtexit$$00000003) refers to libshutdown.o(.ARM.Collect$$libshutdown$$00000000) for __rt_lib_shutdown
    rtexit2.o(.ARM.Collect$$rtexit$$00000004) refers to sys_exit.o(.text) for _sys_exit
    rtexit2.o(.ARM.exidx) refers to rtexit2.o(.ARM.Collect$$rtexit$$00000001) for .ARM.Collect$$rtexit$$00000001
    rtexit2.o(.ARM.exidx) refers to rtexit2.o(.ARM.Collect$$rtexit$$00000003) for .ARM.Collect$$rtexit$$00000003
    rtexit2.o(.ARM.exidx) refers to rtexit2.o(.ARM.Collect$$rtexit$$00000004) for .ARM.Collect$$rtexit$$00000004
    __raise.o(.text) refers to defsig.o(CL$$defsig) for __default_signal_handler
    defsig_general.o(.text) refers to retarget.o(.text) for _ttywrch
    _get_argv_nomalloc.o(.text) refers (Special) to hrguard.o(.text) for __heap_region$guard
    _get_argv_nomalloc.o(.text) refers to defsig_rtmem_outer.o(.text) for __rt_SIGRTMEM
    _get_argv_nomalloc.o(.text) refers to sys_command.o(.text) for _sys_command_string
    sys_command.o(.text) refers (Special) to use_no_semi.o(.text) for __I$use$semihosting
    sys_command.o(.text) refers (Special) to indicate_semi.o(.text) for __semihosting_library_function
    defsig_rtmem_outer.o(.text) refers to defsig_rtmem_inner.o(.text) for __rt_SIGRTMEM_inner
    defsig_rtmem_outer.o(.text) refers to defsig_exit.o(.text) for __sig_exit
    defsig_rtmem_formal.o(.text) refers to rt_raise.o(.text) for __rt_raise
    defsig.o(CL$$defsig) refers to defsig_fpe_inner.o(.text) for __rt_SIGFPE_inner
    defsig.o(CL$$defsig) refers to defsig_rtmem_inner.o(.text) for __rt_SIGRTMEM_inner
    libshutdown.o(.ARM.Collect$$libshutdown$$00000000) refers (Special) to libshutdown2.o(.ARM.Collect$$libshutdown$$00000006) for __rt_lib_shutdown_fp_trap_1
    libshutdown.o(.ARM.Collect$$libshutdown$$00000000) refers (Special) to libshutdown2.o(.ARM.Collect$$libshutdown$$0000000E) for __rt_lib_shutdown_heap_1
    libshutdown.o(.ARM.Collect$$libshutdown$$00000000) refers (Special) to libshutdown2.o(.ARM.Collect$$libshutdown$$0000000F) for __rt_lib_shutdown_return
    libshutdown.o(.ARM.Collect$$libshutdown$$00000000) refers (Special) to libshutdown2.o(.ARM.Collect$$libshutdown$$00000009) for __rt_lib_shutdown_signal_1
    libshutdown.o(.ARM.Collect$$libshutdown$$00000000) refers (Special) to libshutdown2.o(.ARM.Collect$$libshutdown$$00000003) for __rt_lib_shutdown_stdio_1
    libshutdown.o(.ARM.Collect$$libshutdown$$00000000) refers (Special) to libshutdown2.o(.ARM.Collect$$libshutdown$$0000000B) for __rt_lib_shutdown_user_alloc_1
    defsig_abrt_inner.o(.text) refers to defsig_general.o(.text) for __default_signal_display
    defsig_rtred_inner.o(.text) refers to defsig_general.o(.text) for __default_signal_display
    defsig_rtmem_inner.o(.text) refers to defsig_general.o(.text) for __default_signal_display
    defsig_stak_inner.o(.text) refers to defsig_general.o(.text) for __default_signal_display
    defsig_pvfn_inner.o(.text) refers to defsig_general.o(.text) for __default_signal_display
    defsig_cppl_inner.o(.text) refers to defsig_general.o(.text) for __default_signal_display
    defsig_segv_inner.o(.text) refers to defsig_general.o(.text) for __default_signal_display
    defsig_other.o(.text) refers to defsig_general.o(.text) for __default_signal_display


==============================================================================

Removing Unused input sections from the image.

    Removing timers.o(.data), (4 bytes).

1 unused section(s) (total 4 bytes) removed from the image.

==============================================================================

Image Symbol Table

    Local Symbols

    Symbol Name                              Value     Ov Type        Size  Object(Section)

    RESET                                    0x00000000   Section      192  startup_m051.o(RESET)
    ../clib/angel/boardlib.s                 0x00000000   Number         0  boardinit2.o ABSOLUTE
    ../clib/angel/boardlib.s                 0x00000000   Number         0  boardinit3.o ABSOLUTE
    ../clib/angel/boardlib.s                 0x00000000   Number         0  boardshut.o ABSOLUTE
    ../clib/angel/boardlib.s                 0x00000000   Number         0  boardinit1.o ABSOLUTE
    ../clib/angel/handlers.s                 0x00000000   Number         0  __scatter_zi.o ABSOLUTE
    ../clib/angel/handlers.s                 0x00000000   Number         0  __scatter_copy.o ABSOLUTE
    ../clib/angel/kernel.s                   0x00000000   Number         0  rtentry4.o ABSOLUTE
    ../clib/angel/kernel.s                   0x00000000   Number         0  rtexit.o ABSOLUTE
    ../clib/angel/kernel.s                   0x00000000   Number         0  rtexit2.o ABSOLUTE
    ../clib/angel/kernel.s                   0x00000000   Number         0  rtentry.o ABSOLUTE
    ../clib/angel/kernel.s                   0x00000000   Number         0  rtentry2.o ABSOLUTE
    ../clib/angel/rt.s                       0x00000000   Number         0  aeabi_idiv0.o ABSOLUTE
    ../clib/angel/rt.s                       0x00000000   Number         0  rt_locale.o ABSOLUTE
    ../clib/angel/rt.s                       0x00000000   Number         0  rt_errno_addr_intlibspace.o ABSOLUTE
    ../clib/angel/rt.s                       0x00000000   Number         0  rt_errno_addr.o ABSOLUTE
    ../clib/angel/rt.s                       0x00000000   Number         0  rt_div0.o ABSOLUTE
    ../clib/angel/rt.s                       0x00000000   Number         0  rt_raise.o ABSOLUTE
    ../clib/angel/rt.s                       0x00000000   Number         0  aeabi_idiv0_sigfpe.o ABSOLUTE
    ../clib/angel/rt.s                       0x00000000   Number         0  rt_locale_intlibspace.o ABSOLUTE
    ../clib/angel/scatterp.s                 0x00000000   Number         0  __scatter.o ABSOLUTE
    ../clib/angel/startup.s                  0x00000000   Number         0  __main.o ABSOLUTE
    ../clib/angel/sys.s                      0x00000000   Number         0  tempstk.o ABSOLUTE
    ../clib/angel/sys.s                      0x00000000   Number         0  libspace.o ABSOLUTE
    ../clib/angel/sys.s                      0x00000000   Number         0  sys_stackheap_outer.o ABSOLUTE
    ../clib/angel/sys.s                      0x00000000   Number         0  use_no_semi.o ABSOLUTE
    ../clib/angel/sys.s                      0x00000000   Number         0  indicate_semi.o ABSOLUTE
    ../clib/angel/sysapp.c                   0x00000000   Number         0  sys_command.o ABSOLUTE
    ../clib/angel/sysapp.c                   0x00000000   Number         0  sys_exit.o ABSOLUTE
    ../clib/armsys.c                         0x00000000   Number         0  no_argv.o ABSOLUTE
    ../clib/armsys.c                         0x00000000   Number         0  _get_argv_nomalloc.o ABSOLUTE
    ../clib/armsys.c                         0x00000000   Number         0  argv_veneer.o ABSOLUTE
    ../clib/bigflt.c                         0x00000000   Number         0  bigflt0.o ABSOLUTE
    ../clib/btod.c                           0x00000000   Number         0  btod.o ABSOLUTE
    ../clib/division.c                       0x00000000   Number         0  lludiv10.o ABSOLUTE
    ../clib/division.c                       0x00000000   Number         0  rtudiv10.o ABSOLUTE
    ../clib/division.s                       0x00000000   Number         0  aeabi_sdiv_div0.o ABSOLUTE
    ../clib/division.s                       0x00000000   Number         0  aeabi_sdiv.o ABSOLUTE
    ../clib/fenv.c                           0x00000000   Number         0  _rserrno.o ABSOLUTE
    ../clib/heapalloc.c                      0x00000000   Number         0  hrguard.o ABSOLUTE
    ../clib/heapaux.c                        0x00000000   Number         0  heapauxi.o ABSOLUTE
    ../clib/libinit.s                        0x00000000   Number         0  libshutdown2.o ABSOLUTE
    ../clib/libinit.s                        0x00000000   Number         0  libshutdown.o ABSOLUTE
    ../clib/libinit.s                        0x00000000   Number         0  libinit2.o ABSOLUTE
    ../clib/libinit.s                        0x00000000   Number         0  libinit.o ABSOLUTE
    ../clib/locale.s                         0x00000000   Number         0  lc_numeric_c.o ABSOLUTE
    ../clib/misc.s                           0x00000000   Number         0  printf_stubs.o ABSOLUTE
    ../clib/printf.c                         0x00000000   Number         0  _printf_char_common.o ABSOLUTE
    ../clib/printf.c                         0x00000000   Number         0  _printf_char_file.o ABSOLUTE
    ../clib/printf.c                         0x00000000   Number         0  _printf_fp_dec.o ABSOLUTE
    ../clib/printf.c                         0x00000000   Number         0  __printf_nopercent.o ABSOLUTE
    ../clib/printf.c                         0x00000000   Number         0  noretval__2printf.o ABSOLUTE
    ../clib/printf.c                         0x00000000   Number         0  __2printf.o ABSOLUTE
    ../clib/printf.c                         0x00000000   Number         0  __printf.o ABSOLUTE
    ../clib/printf.c                         0x00000000   Number         0  __printf_flags.o ABSOLUTE
    ../clib/printf.c                         0x00000000   Number         0  __printf_ss.o ABSOLUTE
    ../clib/printf.c                         0x00000000   Number         0  __printf_flags_ss.o ABSOLUTE
    ../clib/printf.c                         0x00000000   Number         0  __printf_wp.o ABSOLUTE
    ../clib/printf.c                         0x00000000   Number         0  _printf_intcommon.o ABSOLUTE
    ../clib/printf.c                         0x00000000   Number         0  _printf_dec.o ABSOLUTE
    ../clib/printf.c                         0x00000000   Number         0  __printf_ss_wp.o ABSOLUTE
    ../clib/printf.c                         0x00000000   Number         0  __printf_flags_ss_wp.o ABSOLUTE
    ../clib/printf.c                         0x00000000   Number         0  _printf_fp_infnan.o ABSOLUTE
    ../clib/printf.c                         0x00000000   Number         0  __printf_flags_wp.o ABSOLUTE
    ../clib/printf_percent.s                 0x00000000   Number         0  _printf_d.o ABSOLUTE
    ../clib/printf_percent.s                 0x00000000   Number         0  _printf_f.o ABSOLUTE
    ../clib/printf_percent.s                 0x00000000   Number         0  _printf_percent.o ABSOLUTE
    ../clib/printf_percent.s                 0x00000000   Number         0  _printf_percent_end.o ABSOLUTE
    ../clib/signal.c                         0x00000000   Number         0  defsig_rtmem_formal.o ABSOLUTE
    ../clib/signal.c                         0x00000000   Number         0  __raise.o ABSOLUTE
    ../clib/signal.c                         0x00000000   Number         0  defsig_rtmem_outer.o ABSOLUTE
    ../clib/signal.c                         0x00000000   Number         0  defsig_abrt_inner.o ABSOLUTE
    ../clib/signal.c                         0x00000000   Number         0  defsig_general.o ABSOLUTE
    ../clib/signal.c                         0x00000000   Number         0  defsig_fpe_inner.o ABSOLUTE
    ../clib/signal.c                         0x00000000   Number         0  defsig_exit.o ABSOLUTE
    ../clib/signal.c                         0x00000000   Number         0  defsig_rtred_inner.o ABSOLUTE
    ../clib/signal.c                         0x00000000   Number         0  defsig_rtmem_inner.o ABSOLUTE
    ../clib/signal.c                         0x00000000   Number         0  defsig_fpe_formal.o ABSOLUTE
    ../clib/signal.c                         0x00000000   Number         0  defsig_stak_inner.o ABSOLUTE
    ../clib/signal.c                         0x00000000   Number         0  defsig_pvfn_inner.o ABSOLUTE
    ../clib/signal.c                         0x00000000   Number         0  defsig_cppl_inner.o ABSOLUTE
    ../clib/signal.c                         0x00000000   Number         0  defsig_fpe_outer.o ABSOLUTE
    ../clib/signal.c                         0x00000000   Number         0  defsig_segv_inner.o ABSOLUTE
    ../clib/signal.c                         0x00000000   Number         0  defsig_other.o ABSOLUTE
    ../clib/signal.s                         0x00000000   Number         0  defsig.o ABSOLUTE
    ../clib/stdlib.c                         0x00000000   Number         0  exit.o ABSOLUTE
    ../clib/string.c                         0x00000000   Number         0  strcmp.o ABSOLUTE
    ../fplib/cfplib/d2f.c                    0x00000000   Number         0  d2f.o ABSOLUTE
    ../fplib/cfplib/daddsub.c                0x00000000   Number         0  daddsub.o ABSOLUTE
    ../fplib/cfplib/ddiv.c                   0x00000000   Number         0  ddiv.o ABSOLUTE
    ../fplib/cfplib/dmul.c                   0x00000000   Number         0  dmul.o ABSOLUTE
    ../fplib/cfplib/f2d.c                    0x00000000   Number         0  f2d.o ABSOLUTE
    ../fplib/cfplib/fdiv.c                   0x00000000   Number         0  fdiv.o ABSOLUTE
    ../fplib/cfplib/fflt.c                   0x00000000   Number         0  fflti.o ABSOLUTE
    ../fplib/cfplib/fpinit.c                 0x00000000   Number         0  fpinit.o ABSOLUTE
    ../fplib/cfplib/ieee_status.c            0x00000000   Number         0  ieee_status.o ABSOLUTE
    ../fplib/cfplib/scalbn.c                 0x00000000   Number         0  dscalbn.o ABSOLUTE
    ../fplib/faddsub6m.s                     0x00000000   Number         0  faddsub.o ABSOLUTE
    ../fplib/fmul6m.s                        0x00000000   Number         0  fmul.o ABSOLUTE
    ../fplib/printf1.s                       0x00000000   Number         0  printf1.o ABSOLUTE
    ../fplib/usenofp.s                       0x00000000   Number         0  usenofp.o ABSOLUTE
    ../mathlib/atan.c                        0x00000000   Number         0  atan_x.o ABSOLUTE
    ../mathlib/atan.c                        0x00000000   Number         0  atan.o ABSOLUTE
    ../mathlib/atan2.c                       0x00000000   Number         0  atan2.o ABSOLUTE
    ../mathlib/atan2.c                       0x00000000   Number         0  atan2_x.o ABSOLUTE
    ../mathlib/dunder.c                      0x00000000   Number         0  dunder.o ABSOLUTE
    ../mathlib/fpclassify.c                  0x00000000   Number         0  fpclassify.o ABSOLUTE
    ../mathlib/poly.c                        0x00000000   Number         0  poly.o ABSOLUTE
    ../mathlib/qnan.c                        0x00000000   Number         0  qnan.o ABSOLUTE
    ..\..\Libraries\Common\common.c          0x00000000   Number         0  common.o ABSOLUTE
    ..\..\Libraries\Common\retarget.c        0x00000000   Number         0  retarget.o ABSOLUTE
    ..\..\Libraries\Common\startup_M051.s    0x00000000   Number         0  startup_m051.o ABSOLUTE
    ..\..\Libraries\MiP_Libraries\ADC\ADC.c  0x00000000   Number         0  adc.o ABSOLUTE
    ..\..\Libraries\MiP_Libraries\GPIO\GPIO.c 0x00000000   Number         0  gpio.o ABSOLUTE
    ..\..\Libraries\MiP_Libraries\IMU\IMU.c  0x00000000   Number         0  imu.o ABSOLUTE
    ..\..\Libraries\MiP_Libraries\PWM\PWM.c  0x00000000   Number         0  pwm.o ABSOLUTE
    ..\..\Libraries\MiP_Libraries\SPI\SPI.c  0x00000000   Number         0  spi.o ABSOLUTE
    ..\..\Libraries\MiP_Libraries\System_Clock\System_Clock.c 0x00000000   Number         0  system_clock.o ABSOLUTE
    ..\..\Libraries\MiP_Libraries\Timers\Timers.c 0x00000000   Number         0  timers.o ABSOLUTE
    ..\..\Libraries\MiP_Libraries\UART\UART.c 0x00000000   Number         0  uart.o ABSOLUTE
    Source\Combined_Timer_Interrupt_ADC_PWM_SPI1_test.c 0x00000000   Number         0  combined_timer_interrupt_adc_pwm_spi1_test.o ABSOLUTE
    dc.s                                     0x00000000   Number         0  dc.o ABSOLUTE
    !!!main                                  0x000000c0   Section        8  __main.o(!!!main)
    !!!scatter                               0x000000c8   Section       60  __scatter.o(!!!scatter)
    !!handler_copy                           0x00000104   Section       26  __scatter_copy.o(!!handler_copy)
    !!handler_zi                             0x00000120   Section       28  __scatter_zi.o(!!handler_zi)
    .ARM.Collect$$_printf_percent$$00000000  0x0000013c   Section        2  _printf_percent.o(.ARM.Collect$$_printf_percent$$00000000)
    .ARM.Collect$$_printf_percent$$00000003  0x0000013e   Section       10  _printf_f.o(.ARM.Collect$$_printf_percent$$00000003)
    .ARM.Collect$$_printf_percent$$00000009  0x00000148   Section       10  _printf_d.o(.ARM.Collect$$_printf_percent$$00000009)
    .ARM.Collect$$_printf_percent$$00000017  0x00000152   Section        4  _printf_percent_end.o(.ARM.Collect$$_printf_percent$$00000017)
    .ARM.Collect$$libinit$$00000000          0x00000156   Section        2  libinit.o(.ARM.Collect$$libinit$$00000000)
    .ARM.Collect$$libinit$$00000001          0x00000158   Section        4  libinit2.o(.ARM.Collect$$libinit$$00000001)
    .ARM.Collect$$libinit$$00000008          0x0000015c   Section        0  libinit2.o(.ARM.Collect$$libinit$$00000008)
    .ARM.Collect$$libinit$$0000000A          0x0000015c   Section        0  libinit2.o(.ARM.Collect$$libinit$$0000000A)
    .ARM.Collect$$libinit$$0000000C          0x0000015c   Section        0  libinit2.o(.ARM.Collect$$libinit$$0000000C)
    .ARM.Collect$$libinit$$0000000D          0x0000015c   Section        6  libinit2.o(.ARM.Collect$$libinit$$0000000D)
    .ARM.Collect$$libinit$$0000000F          0x00000162   Section        0  libinit2.o(.ARM.Collect$$libinit$$0000000F)
    .ARM.Collect$$libinit$$00000011          0x00000162   Section        0  libinit2.o(.ARM.Collect$$libinit$$00000011)
    .ARM.Collect$$libinit$$00000013          0x00000162   Section        0  libinit2.o(.ARM.Collect$$libinit$$00000013)
    .ARM.Collect$$libinit$$00000014          0x00000162   Section       10  libinit2.o(.ARM.Collect$$libinit$$00000014)
    .ARM.Collect$$libinit$$00000015          0x0000016c   Section        0  libinit2.o(.ARM.Collect$$libinit$$00000015)
    .ARM.Collect$$libinit$$00000017          0x0000016c   Section        0  libinit2.o(.ARM.Collect$$libinit$$00000017)
    .ARM.Collect$$libinit$$00000019          0x0000016c   Section        0  libinit2.o(.ARM.Collect$$libinit$$00000019)
    .ARM.Collect$$libinit$$0000001B          0x0000016c   Section        0  libinit2.o(.ARM.Collect$$libinit$$0000001B)
    .ARM.Collect$$libinit$$0000001D          0x0000016c   Section        0  libinit2.o(.ARM.Collect$$libinit$$0000001D)
    .ARM.Collect$$libinit$$0000001F          0x0000016c   Section        0  libinit2.o(.ARM.Collect$$libinit$$0000001F)
    .ARM.Collect$$libinit$$00000021          0x0000016c   Section        0  libinit2.o(.ARM.Collect$$libinit$$00000021)
    .ARM.Collect$$libinit$$00000023          0x0000016c   Section        0  libinit2.o(.ARM.Collect$$libinit$$00000023)
    .ARM.Collect$$libinit$$0000002A          0x0000016c   Section        0  libinit2.o(.ARM.Collect$$libinit$$0000002A)
    .ARM.Collect$$libinit$$0000002C          0x0000016c   Section        0  libinit2.o(.ARM.Collect$$libinit$$0000002C)
    .ARM.Collect$$libinit$$0000002E          0x0000016c   Section        0  libinit2.o(.ARM.Collect$$libinit$$0000002E)
    .ARM.Collect$$libinit$$00000030          0x0000016c   Section        0  libinit2.o(.ARM.Collect$$libinit$$00000030)
    .ARM.Collect$$libinit$$00000031          0x0000016c   Section        2  libinit2.o(.ARM.Collect$$libinit$$00000031)
    .ARM.Collect$$libshutdown$$00000000      0x0000016e   Section        2  libshutdown.o(.ARM.Collect$$libshutdown$$00000000)
    .ARM.Collect$$libshutdown$$00000003      0x00000170   Section        0  libshutdown2.o(.ARM.Collect$$libshutdown$$00000003)
    .ARM.Collect$$libshutdown$$00000006      0x00000170   Section        0  libshutdown2.o(.ARM.Collect$$libshutdown$$00000006)
    .ARM.Collect$$libshutdown$$00000009      0x00000170   Section        0  libshutdown2.o(.ARM.Collect$$libshutdown$$00000009)
    .ARM.Collect$$libshutdown$$0000000B      0x00000170   Section        0  libshutdown2.o(.ARM.Collect$$libshutdown$$0000000B)
    .ARM.Collect$$libshutdown$$0000000E      0x00000170   Section        0  libshutdown2.o(.ARM.Collect$$libshutdown$$0000000E)
    .ARM.Collect$$libshutdown$$0000000F      0x00000170   Section        2  libshutdown2.o(.ARM.Collect$$libshutdown$$0000000F)
    .ARM.Collect$$rtentry$$00000000          0x00000172   Section        0  rtentry.o(.ARM.Collect$$rtentry$$00000000)
    .ARM.Collect$$rtentry$$00000002          0x00000172   Section        0  rtentry2.o(.ARM.Collect$$rtentry$$00000002)
    .ARM.Collect$$rtentry$$00000004          0x00000172   Section        6  rtentry4.o(.ARM.Collect$$rtentry$$00000004)
    .ARM.Collect$$rtentry$$00000009          0x00000178   Section        0  rtentry2.o(.ARM.Collect$$rtentry$$00000009)
    .ARM.Collect$$rtentry$$0000000A          0x00000178   Section        4  rtentry2.o(.ARM.Collect$$rtentry$$0000000A)
    .ARM.Collect$$rtentry$$0000000C          0x0000017c   Section        0  rtentry2.o(.ARM.Collect$$rtentry$$0000000C)
    .ARM.Collect$$rtentry$$0000000D          0x0000017c   Section        8  rtentry2.o(.ARM.Collect$$rtentry$$0000000D)
    .ARM.Collect$$rtexit$$00000000           0x00000184   Section        2  rtexit.o(.ARM.Collect$$rtexit$$00000000)
    .ARM.Collect$$rtexit$$00000002           0x00000186   Section        0  rtexit2.o(.ARM.Collect$$rtexit$$00000002)
    .ARM.Collect$$rtexit$$00000003           0x00000186   Section        4  rtexit2.o(.ARM.Collect$$rtexit$$00000003)
    .ARM.Collect$$rtexit$$00000004           0x0000018a   Section        6  rtexit2.o(.ARM.Collect$$rtexit$$00000004)
    .text                                    0x00000190   Section        0  combined_timer_interrupt_adc_pwm_spi1_test.o(.text)
    .text                                    0x0000038c   Section        0  common.o(.text)
    .text                                    0x000003f4   Section        0  retarget.o(.text)
    .text                                    0x0000046c   Section       92  startup_m051.o(.text)
    Default_Handler                          0x00000497   Thumb Code     2  startup_m051.o(.text)
    .text                                    0x000004c8   Section        0  imu.o(.text)
    .text                                    0x000007bc   Section        0  spi.o(.text)
    .text                                    0x00000a38   Section        0  system_clock.o(.text)
    .text                                    0x00000ad0   Section        0  adc.o(.text)
    .text                                    0x00001040   Section        0  pwm.o(.text)
    .text                                    0x00001444   Section        0  gpio.o(.text)
    .text                                    0x0000171c   Section        0  timers.o(.text)
    .text                                    0x0000197c   Section        0  uart.o(.text)
    .text                                    0x00001ca4   Section        0  noretval__2printf.o(.text)
    .text                                    0x00001cc0   Section        0  _printf_dec.o(.text)
    .text                                    0x00001d2c   Section        0  __printf_wp.o(.text)
    .text                                    0x00001e3a   Section      346  aeabi_sdiv.o(.text)
    .text                                    0x00001f94   Section        0  heapauxi.o(.text)
    .text                                    0x00001f9c   Section        0  d2f.o(.text)
    .text                                    0x00002018   Section        0  daddsub.o(.text)
    _dadd1                                   0x00002019   Thumb Code   286  daddsub.o(.text)
    _dsub1                                   0x00002137   Thumb Code   468  daddsub.o(.text)
    .text                                    0x00002364   Section        0  ddiv.o(.text)
    .text                                    0x000027b0   Section        0  dmul.o(.text)
    .text                                    0x00002a08   Section        0  f2d.o(.text)
    .text                                    0x00002a60   Section        0  fdiv.o(.text)
    .text                                    0x00002bc0   Section        0  fflti.o(.text)
    .text                                    0x00002c1e   Section        0  _printf_intcommon.o(.text)
    .text                                    0x00002cd0   Section        0  _printf_fp_dec.o(.text)
    _fp_digits                               0x00002cd3   Thumb Code   412  _printf_fp_dec.o(.text)
    .text                                    0x000030e4   Section        0  _printf_char_file.o(.text)
    .text                                    0x0000310c   Section        0  rtudiv10.o(.text)
    .text                                    0x00003134   Section        8  rt_locale_intlibspace.o(.text)
    .text                                    0x0000313c   Section        0  lludiv10.o(.text)
    .text                                    0x000031b8   Section        0  _printf_char_common.o(.text)
    _printf_input_char                       0x000031b9   Thumb Code    10  _printf_char_common.o(.text)
    .text                                    0x000031e8   Section        0  _printf_fp_infnan.o(.text)
    .text                                    0x00003270   Section        0  bigflt0.o(.text)
    .text                                    0x0000333c   Section        0  btod.o(.text)
    btod_internal_mul                        0x0000337d   Thumb Code   456  btod.o(.text)
    btod_internal_div                        0x00003545   Thumb Code   494  btod.o(.text)
    .text                                    0x000037e4   Section        0  dscalbn.o(.text)
    .text                                    0x00003840   Section        8  libspace.o(.text)
    .text                                    0x00003848   Section       62  sys_stackheap_outer.o(.text)
    .text                                    0x00003886   Section        0  exit.o(.text)
    .text                                    0x00003894   Section        0  strcmp.o(.text)
    .text                                    0x0000391c   Section        0  sys_exit.o(.text)
    .text                                    0x00003928   Section        2  use_no_semi.o(.text)
    .text                                    0x0000392a   Section        0  indicate_semi.o(.text)
    i.__ARM_common_ll_muluu                  0x0000392a   Section        0  btod.o(i.__ARM_common_ll_muluu)
    i.__ARM_common_switch8                   0x0000395a   Section        0  adc.o(i.__ARM_common_switch8)
    i.__ARM_fpclassify                       0x00003978   Section        0  fpclassify.o(i.__ARM_fpclassify)
    i.__kernel_poly                          0x000039a4   Section        0  poly.o(i.__kernel_poly)
    i.__mathlib_dbl_underflow                0x00003a50   Section        0  dunder.o(i.__mathlib_dbl_underflow)
    i._is_digit                              0x00003a64   Section        0  __printf_wp.o(i._is_digit)
    i.atan                                   0x00003a74   Section        0  atan.o(i.atan)
    i.atan2                                  0x00003c94   Section        0  atan2.o(i.atan2)
    locale$$code                             0x00003e0c   Section       44  lc_numeric_c.o(locale$$code)
    x$fpl$fadd                               0x00003e38   Section      140  faddsub.o(x$fpl$fadd)
    _fadd1                                   0x00003e45   Thumb Code     0  faddsub.o(x$fpl$fadd)
    x$fpl$fmul                               0x00003ec4   Section      176  fmul.o(x$fpl$fmul)
    x$fpl$fsub                               0x00003f74   Section      208  faddsub.o(x$fpl$fsub)
    _fsub1                                   0x00003f81   Thumb Code     0  faddsub.o(x$fpl$fsub)
    x$fpl$printf1                            0x00004044   Section       16  printf1.o(x$fpl$printf1)
    .constdata                               0x00004054   Section      128  ddiv.o(.constdata)
    x$fpl$usenofp                            0x00004054   Section        0  usenofp.o(x$fpl$usenofp)
    ddiv_reciptbl                            0x00004054   Data         128  ddiv.o(.constdata)
    .constdata                               0x000040d4   Section       64  fdiv.o(.constdata)
    fdiv_tab                                 0x000040d4   Data          64  fdiv.o(.constdata)
    .constdata                               0x00004118   Section      152  atan.o(.constdata)
    atanhi                                   0x00004118   Data          32  atan.o(.constdata)
    atanlo                                   0x00004138   Data          32  atan.o(.constdata)
    aTodd                                    0x00004158   Data          40  atan.o(.constdata)
    aTeven                                   0x00004180   Data          48  atan.o(.constdata)
    .constdata                               0x000041b0   Section        8  qnan.o(.constdata)
    .constdata                               0x000041b8   Section      148  bigflt0.o(.constdata)
    tenpwrs_x                                0x000041b8   Data          60  bigflt0.o(.constdata)
    tenpwrs_i                                0x000041f4   Data          64  bigflt0.o(.constdata)
    locale$$data                             0x0000426c   Section       28  lc_numeric_c.o(locale$$data)
    __lcnum_c_name                           0x00004270   Data           2  lc_numeric_c.o(locale$$data)
    __lcnum_c_start                          0x00004278   Data           0  lc_numeric_c.o(locale$$data)
    __lcnum_c_point                          0x00004284   Data           0  lc_numeric_c.o(locale$$data)
    __lcnum_c_thousands                      0x00004286   Data           0  lc_numeric_c.o(locale$$data)
    __lcnum_c_grouping                       0x00004287   Data           0  lc_numeric_c.o(locale$$data)
    __lcnum_c_end                            0x00004288   Data           0  lc_numeric_c.o(locale$$data)
    .data                                    0x20000000   Section       28  combined_timer_interrupt_adc_pwm_spi1_test.o(.data)
    loop                                     0x20000000   Data           4  combined_timer_interrupt_adc_pwm_spi1_test.o(.data)
    Timer_Count                              0x20000004   Data           4  combined_timer_interrupt_adc_pwm_spi1_test.o(.data)
    Timer_Count1                             0x20000008   Data           4  combined_timer_interrupt_adc_pwm_spi1_test.o(.data)
    .data                                    0x2000001c   Section        8  retarget.o(.data)
    .data                                    0x20000024   Section       24  imu.o(.data)
    .data                                    0x2000003c   Section        8  adc.o(.data)
    .data                                    0x20000044   Section        8  uart.o(.data)
    .bss                                     0x2000004c   Section       64  adc.o(.bss)
    .bss                                     0x2000008c   Section       24  uart.o(.bss)
    .bss                                     0x200000a4   Section       96  libspace.o(.bss)
    HEAP                                     0x20000108   Section        0  startup_m051.o(HEAP)
    STACK                                    0x20000108   Section     1024  startup_m051.o(STACK)
    Heap_Mem                                 0x20000108   Data           0  startup_m051.o(HEAP)
    Stack_Mem                                0x20000108   Data        1024  startup_m051.o(STACK)
    __initial_sp                             0x20000508   Data           0  startup_m051.o(STACK)

    Global Symbols

    Symbol Name                              Value     Ov Type        Size  Object(Section)

    BuildAttributes$$THM_ISAv3M$S$PE$A:L22$X:L11$S22$IEEE1$IW$USESV6$~STKCKD$USESV7$~SHL$OTIME$ROPI$IEEEX$EBA8$UX$STANDARDLIB$REQ8$PRES8$EABIv2 0x00000000   Number         0  anon$$obj.o ABSOLUTE
    __ARM_use_no_argv                        0x00000000   Number         0  combined_timer_interrupt_adc_pwm_spi1_test.o ABSOLUTE
    __Vectors                                0x00000000   Data           4  startup_m051.o(RESET)
    _printf_flags                            0x00000000   Number         0  printf_stubs.o ABSOLUTE
    _printf_return_value                     0x00000000   Number         0  printf_stubs.o ABSOLUTE
    _printf_sizespec                         0x00000000   Number         0  printf_stubs.o ABSOLUTE
    _printf_widthprec                        0x00000000   Number         0  printf_stubs.o ABSOLUTE
    __ARM_exceptions_init                     - Undefined Weak Reference
    __alloca_initialize                       - Undefined Weak Reference
    __cpp_initialize__aeabi_                  - Undefined Weak Reference
    __cxa_finalize                            - Undefined Weak Reference
    __sigvec_lookup                           - Undefined Weak Reference
    _atexit_init                              - Undefined Weak Reference
    _call_atexit_fns                          - Undefined Weak Reference
    _clock_init                               - Undefined Weak Reference
    _fp_trap_init                             - Undefined Weak Reference
    _fp_trap_shutdown                         - Undefined Weak Reference
    _get_lc_collate                           - Undefined Weak Reference
    _get_lc_ctype                             - Undefined Weak Reference
    _get_lc_monetary                          - Undefined Weak Reference
    _get_lc_time                              - Undefined Weak Reference
    _getenv_init                              - Undefined Weak Reference
    _handle_redirection                       - Undefined Weak Reference
    _init_alloc                               - Undefined Weak Reference
    _init_user_alloc                          - Undefined Weak Reference
    _initio                                   - Undefined Weak Reference
    _printf_post_padding                      - Undefined Weak Reference
    _printf_pre_padding                       - Undefined Weak Reference
    _printf_truncate_signed                   - Undefined Weak Reference
    _printf_truncate_unsigned                 - Undefined Weak Reference
    _rand_init                                - Undefined Weak Reference
    _signal_finish                            - Undefined Weak Reference
    _signal_init                              - Undefined Weak Reference
    _terminate_alloc                          - Undefined Weak Reference
    _terminate_user_alloc                     - Undefined Weak Reference
    _terminateio                              - Undefined Weak Reference
    __main                                   0x000000c1   Thumb Code     8  __main.o(!!!main)
    __scatterload                            0x000000c9   Thumb Code     0  __scatter.o(!!!scatter)
    __scatterload_rt2                        0x000000c9   Thumb Code    52  __scatter.o(!!!scatter)
    __scatterload_rt2_thumb_only             0x000000c9   Thumb Code     0  __scatter.o(!!!scatter)
    __scatterload_null                       0x000000d9   Thumb Code     0  __scatter.o(!!!scatter)
    __scatterload_copy                       0x00000105   Thumb Code    26  __scatter_copy.o(!!handler_copy)
    __scatterload_zeroinit                   0x00000121   Thumb Code    28  __scatter_zi.o(!!handler_zi)
    _printf_percent                          0x0000013d   Thumb Code     0  _printf_percent.o(.ARM.Collect$$_printf_percent$$00000000)
    _printf_f                                0x0000013f   Thumb Code     0  _printf_f.o(.ARM.Collect$$_printf_percent$$00000003)
    _printf_d                                0x00000149   Thumb Code     0  _printf_d.o(.ARM.Collect$$_printf_percent$$00000009)
    _printf_percent_end                      0x00000153   Thumb Code     0  _printf_percent_end.o(.ARM.Collect$$_printf_percent$$00000017)
    __rt_lib_init                            0x00000157   Thumb Code     0  libinit.o(.ARM.Collect$$libinit$$00000000)
    __rt_lib_init_fp_1                       0x00000159   Thumb Code     0  libinit2.o(.ARM.Collect$$libinit$$00000001)
    __rt_lib_init_heap_1                     0x0000015d   Thumb Code     0  libinit2.o(.ARM.Collect$$libinit$$00000008)
    __rt_lib_init_lc_common                  0x0000015d   Thumb Code     0  libinit2.o(.ARM.Collect$$libinit$$0000000D)
    __rt_lib_init_rand_1                     0x0000015d   Thumb Code     0  libinit2.o(.ARM.Collect$$libinit$$0000000C)
    __rt_lib_init_user_alloc_1               0x0000015d   Thumb Code     0  libinit2.o(.ARM.Collect$$libinit$$0000000A)
    __rt_lib_init_lc_collate_1               0x00000163   Thumb Code     0  libinit2.o(.ARM.Collect$$libinit$$0000000F)
    __rt_lib_init_lc_ctype_1                 0x00000163   Thumb Code     0  libinit2.o(.ARM.Collect$$libinit$$00000011)
    __rt_lib_init_lc_monetary_1              0x00000163   Thumb Code     0  libinit2.o(.ARM.Collect$$libinit$$00000013)
    __rt_lib_init_lc_numeric_2               0x00000163   Thumb Code     0  libinit2.o(.ARM.Collect$$libinit$$00000014)
    __rt_lib_init_alloca_1                   0x0000016d   Thumb Code     0  libinit2.o(.ARM.Collect$$libinit$$0000002C)
    __rt_lib_init_argv_1                     0x0000016d   Thumb Code     0  libinit2.o(.ARM.Collect$$libinit$$0000002A)
    __rt_lib_init_atexit_1                   0x0000016d   Thumb Code     0  libinit2.o(.ARM.Collect$$libinit$$00000019)
    __rt_lib_init_clock_1                    0x0000016d   Thumb Code     0  libinit2.o(.ARM.Collect$$libinit$$0000001F)
    __rt_lib_init_cpp_1                      0x0000016d   Thumb Code     0  libinit2.o(.ARM.Collect$$libinit$$00000030)
    __rt_lib_init_exceptions_1               0x0000016d   Thumb Code     0  libinit2.o(.ARM.Collect$$libinit$$0000002E)
    __rt_lib_init_fp_trap_1                  0x0000016d   Thumb Code     0  libinit2.o(.ARM.Collect$$libinit$$0000001D)
    __rt_lib_init_getenv_1                   0x0000016d   Thumb Code     0  libinit2.o(.ARM.Collect$$libinit$$00000021)
    __rt_lib_init_lc_numeric_1               0x0000016d   Thumb Code     0  libinit2.o(.ARM.Collect$$libinit$$00000015)
    __rt_lib_init_lc_time_1                  0x0000016d   Thumb Code     0  libinit2.o(.ARM.Collect$$libinit$$00000017)
    __rt_lib_init_return                     0x0000016d   Thumb Code     0  libinit2.o(.ARM.Collect$$libinit$$00000031)
    __rt_lib_init_signal_1                   0x0000016d   Thumb Code     0  libinit2.o(.ARM.Collect$$libinit$$0000001B)
    __rt_lib_init_stdio_1                    0x0000016d   Thumb Code     0  libinit2.o(.ARM.Collect$$libinit$$00000023)
    __rt_lib_shutdown                        0x0000016f   Thumb Code     0  libshutdown.o(.ARM.Collect$$libshutdown$$00000000)
    __rt_lib_shutdown_fp_trap_1              0x00000171   Thumb Code     0  libshutdown2.o(.ARM.Collect$$libshutdown$$00000006)
    __rt_lib_shutdown_heap_1                 0x00000171   Thumb Code     0  libshutdown2.o(.ARM.Collect$$libshutdown$$0000000E)
    __rt_lib_shutdown_return                 0x00000171   Thumb Code     0  libshutdown2.o(.ARM.Collect$$libshutdown$$0000000F)
    __rt_lib_shutdown_signal_1               0x00000171   Thumb Code     0  libshutdown2.o(.ARM.Collect$$libshutdown$$00000009)
    __rt_lib_shutdown_stdio_1                0x00000171   Thumb Code     0  libshutdown2.o(.ARM.Collect$$libshutdown$$00000003)
    __rt_lib_shutdown_user_alloc_1           0x00000171   Thumb Code     0  libshutdown2.o(.ARM.Collect$$libshutdown$$0000000B)
    __rt_entry                               0x00000173   Thumb Code     0  rtentry.o(.ARM.Collect$$rtentry$$00000000)
    __rt_entry_presh_1                       0x00000173   Thumb Code     0  rtentry2.o(.ARM.Collect$$rtentry$$00000002)
    __rt_entry_sh                            0x00000173   Thumb Code     0  rtentry4.o(.ARM.Collect$$rtentry$$00000004)
    __rt_entry_li                            0x00000179   Thumb Code     0  rtentry2.o(.ARM.Collect$$rtentry$$0000000A)
    __rt_entry_postsh_1                      0x00000179   Thumb Code     0  rtentry2.o(.ARM.Collect$$rtentry$$00000009)
    __rt_entry_main                          0x0000017d   Thumb Code     0  rtentry2.o(.ARM.Collect$$rtentry$$0000000D)
    __rt_entry_postli_1                      0x0000017d   Thumb Code     0  rtentry2.o(.ARM.Collect$$rtentry$$0000000C)
    __rt_exit                                0x00000185   Thumb Code     0  rtexit.o(.ARM.Collect$$rtexit$$00000000)
    __rt_exit_ls                             0x00000187   Thumb Code     0  rtexit2.o(.ARM.Collect$$rtexit$$00000003)
    __rt_exit_prels_1                        0x00000187   Thumb Code     0  rtexit2.o(.ARM.Collect$$rtexit$$00000002)
    __rt_exit_exit                           0x0000018b   Thumb Code     0  rtexit2.o(.ARM.Collect$$rtexit$$00000004)
    main                                     0x00000191   Thumb Code   122  combined_timer_interrupt_adc_pwm_spi1_test.o(.text)
    TMR2_IRQHandler                          0x0000020b   Thumb Code   252  combined_timer_interrupt_adc_pwm_spi1_test.o(.text)
    Un_Lock_Reg                              0x0000038d   Thumb Code    16  common.o(.text)
    Lock_Reg                                 0x0000039d   Thumb Code     8  common.o(.text)
    PLL_Enable                               0x000003a5   Thumb Code    16  common.o(.text)
    Short_Delay                              0x000003b5   Thumb Code    18  common.o(.text)
    NSR_Enable                               0x000003c7   Thumb Code    14  common.o(.text)
    NSR_Disable                              0x000003d5   Thumb Code    16  common.o(.text)
    SendChar                                 0x000003f5   Thumb Code    44  retarget.o(.text)
    GetCharPU20                              0x00000421   Thumb Code    24  retarget.o(.text)
    _ttywrch                                 0x00000439   Thumb Code    12  retarget.o(.text)
    fputc                                    0x00000445   Thumb Code    16  retarget.o(.text)
    fgetc                                    0x00000455   Thumb Code    10  retarget.o(.text)
    ferror                                   0x0000045f   Thumb Code     8  retarget.o(.text)
    Reset_Handler                            0x0000046d   Thumb Code    32  startup_m051.o(.text)
    NMI_Handler                              0x0000048d   Thumb Code     2  startup_m051.o(.text)
    HardFault_Handler                        0x0000048f   Thumb Code     2  startup_m051.o(.text)
    SVC_Handler                              0x00000491   Thumb Code     2  startup_m051.o(.text)
    PendSV_Handler                           0x00000493   Thumb Code     2  startup_m051.o(.text)
    SysTick_Handler                          0x00000495   Thumb Code     2  startup_m051.o(.text)
    ADC_IRQHandler                           0x00000497   Thumb Code     0  startup_m051.o(.text)
    BOD_IRQHandler                           0x00000497   Thumb Code     0  startup_m051.o(.text)
    EINT0_IRQHandler                         0x00000497   Thumb Code     0  startup_m051.o(.text)
    EINT1_IRQHandler                         0x00000497   Thumb Code     0  startup_m051.o(.text)
    GPIOP0P1_IRQHandler                      0x00000497   Thumb Code     0  startup_m051.o(.text)
    GPIOP2P3P4_IRQHandler                    0x00000497   Thumb Code     0  startup_m051.o(.text)
    I2C_IRQHandler                           0x00000497   Thumb Code     0  startup_m051.o(.text)
    PWMA_IRQHandler                          0x00000497   Thumb Code     0  startup_m051.o(.text)
    PWMB_IRQHandler                          0x00000497   Thumb Code     0  startup_m051.o(.text)
    PWRWU_IRQHandler                         0x00000497   Thumb Code     0  startup_m051.o(.text)
    SPI0_IRQHandler                          0x00000497   Thumb Code     0  startup_m051.o(.text)
    SPI1_IRQHandler                          0x00000497   Thumb Code     0  startup_m051.o(.text)
    TMR0_IRQHandler                          0x00000497   Thumb Code     0  startup_m051.o(.text)
    TMR1_IRQHandler                          0x00000497   Thumb Code     0  startup_m051.o(.text)
    TMR3_IRQHandler                          0x00000497   Thumb Code     0  startup_m051.o(.text)
    WDT_IRQHandler                           0x00000497   Thumb Code     0  startup_m051.o(.text)
    __user_initial_stackheap                 0x00000499   Thumb Code     0  startup_m051.o(.text)
    ConfigureMIPIMU                          0x000004c9   Thumb Code   100  imu.o(.text)
    Init_Digital_IMU                         0x0000052d   Thumb Code   298  imu.o(.text)
    IMU_Update                               0x00000657   Thumb Code   194  imu.o(.text)
    get_acc_theta                            0x00000719   Thumb Code     6  imu.o(.text)
    get_gyro_thetad                          0x0000071f   Thumb Code     6  imu.o(.text)
    Outputs4Debugging_IMU                    0x00000725   Thumb Code    84  imu.o(.text)
    Timer0_Init                              0x000007bd   Thumb Code    84  spi.o(.text)
    TMR0_Delay1ms                            0x00000811   Thumb Code    64  spi.o(.text)
    Init_SPI                                 0x00000851   Thumb Code   226  spi.o(.text)
    SPI_SingleWrite                          0x00000933   Thumb Code    48  spi.o(.text)
    SPI_IsBusy                               0x00000963   Thumb Code    18  spi.o(.text)
    SPI_WriteAndWait                         0x00000975   Thumb Code    22  spi.o(.text)
    SPI_Read                                 0x0000098b   Thumb Code    40  spi.o(.text)
    SPI_Sensor_Read                          0x000009b3   Thumb Code   118  spi.o(.text)
    Init_System_Clocks_PLL                   0x00000a39   Thumb Code    74  system_clock.o(.text)
    Init_System_Clocks_External_12MHz        0x00000a83   Thumb Code    72  system_clock.o(.text)
    Init_ADC                                 0x00000ad1   Thumb Code   980  adc.o(.text)
    UpdateAnalogRead                         0x00000ea5   Thumb Code   236  adc.o(.text)
    analogRead                               0x00000f91   Thumb Code    10  adc.o(.text)
    Outputs4Debugging_ADC                    0x00000f9b   Thumb Code   148  adc.o(.text)
    Init_PWM                                 0x00001041   Thumb Code   896  pwm.o(.text)
    PWM_Write                                0x000013c1   Thumb Code    70  pwm.o(.text)
    Init_GPIO_Output                         0x00001445   Thumb Code   216  gpio.o(.text)
    Init_GPIO_Input                          0x0000151d   Thumb Code   212  gpio.o(.text)
    digitalWrite                             0x000015f1   Thumb Code   224  gpio.o(.text)
    digitalRead                              0x000016d1   Thumb Code    68  gpio.o(.text)
    Init_Timer0_ISR                          0x0000171d   Thumb Code   142  timers.o(.text)
    Init_Timer1_ISR                          0x000017ab   Thumb Code   142  timers.o(.text)
    Init_Timer2_ISR                          0x00001839   Thumb Code   146  timers.o(.text)
    Init_Timer3_ISR                          0x000018cb   Thumb Code   146  timers.o(.text)
    Init_Uart0                               0x0000197d   Thumb Code   254  uart.o(.text)
    UART0_IRQHandler                         0x00001a7b   Thumb Code    92  uart.o(.text)
    Init_Uart1                               0x00001ad7   Thumb Code   246  uart.o(.text)
    UART1_IRQHandler                         0x00001bcd   Thumb Code    92  uart.o(.text)
    __2printf                                0x00001ca5   Thumb Code    22  noretval__2printf.o(.text)
    _printf_int_dec                          0x00001cc1   Thumb Code    90  _printf_dec.o(.text)
    __printf                                 0x00001d2d   Thumb Code   270  __printf_wp.o(.text)
    __aeabi_uidiv                            0x00001e3b   Thumb Code     0  aeabi_sdiv.o(.text)
    __aeabi_uidivmod                         0x00001e3b   Thumb Code    20  aeabi_sdiv.o(.text)
    __aeabi_idiv                             0x00001e4f   Thumb Code     0  aeabi_sdiv.o(.text)
    __aeabi_idivmod                          0x00001e4f   Thumb Code   326  aeabi_sdiv.o(.text)
    __use_two_region_memory                  0x00001f95   Thumb Code     2  heapauxi.o(.text)
    __rt_heap_escrow$2region                 0x00001f97   Thumb Code     2  heapauxi.o(.text)
    __rt_heap_expand$2region                 0x00001f99   Thumb Code     2  heapauxi.o(.text)
    __aeabi_d2f                              0x00001f9d   Thumb Code     0  d2f.o(.text)
    _d2f                                     0x00001f9d   Thumb Code   120  d2f.o(.text)
    __aeabi_dadd                             0x0000230b   Thumb Code     0  daddsub.o(.text)
    _dadd                                    0x0000230b   Thumb Code    22  daddsub.o(.text)
    __aeabi_dsub                             0x00002321   Thumb Code     0  daddsub.o(.text)
    _dsub                                    0x00002321   Thumb Code    22  daddsub.o(.text)
    __aeabi_drsub                            0x00002337   Thumb Code     0  daddsub.o(.text)
    _drsb                                    0x00002337   Thumb Code    24  daddsub.o(.text)
    __aeabi_ddiv                             0x00002365   Thumb Code     0  ddiv.o(.text)
    _ddiv                                    0x00002365   Thumb Code  1076  ddiv.o(.text)
    _drdiv                                   0x00002799   Thumb Code    20  ddiv.o(.text)
    __aeabi_dmul                             0x000027b1   Thumb Code     0  dmul.o(.text)
    _dmul                                    0x000027b1   Thumb Code   578  dmul.o(.text)
    __aeabi_f2d                              0x00002a09   Thumb Code     0  f2d.o(.text)
    _f2d                                     0x00002a09   Thumb Code    82  f2d.o(.text)
    __aeabi_fdiv                             0x00002a61   Thumb Code     0  fdiv.o(.text)
    _fdiv                                    0x00002a61   Thumb Code   336  fdiv.o(.text)
    _frdiv                                   0x00002bb1   Thumb Code     8  fdiv.o(.text)
    __aeabi_i2f_normalise                    0x00002bc1   Thumb Code    72  fflti.o(.text)
    __aeabi_i2f                              0x00002c09   Thumb Code    16  fflti.o(.text)
    _fflt                                    0x00002c09   Thumb Code     0  fflti.o(.text)
    __aeabi_ui2f                             0x00002c19   Thumb Code     6  fflti.o(.text)
    _ffltu                                   0x00002c19   Thumb Code     0  fflti.o(.text)
    _printf_int_common                       0x00002c1f   Thumb Code   176  _printf_intcommon.o(.text)
    __lib_sel_fp_printf                      0x00002cd1   Thumb Code     2  _printf_fp_dec.o(.text)
    _printf_fp_dec_real                      0x00002e6f   Thumb Code   618  _printf_fp_dec.o(.text)
    _printf_char_file                        0x000030e5   Thumb Code    34  _printf_char_file.o(.text)
    __rt_udiv10                              0x0000310d   Thumb Code    40  rtudiv10.o(.text)
    __rt_locale                              0x00003135   Thumb Code     8  rt_locale_intlibspace.o(.text)
    _ll_udiv10                               0x0000313d   Thumb Code   122  lludiv10.o(.text)
    _printf_char_common                      0x000031c3   Thumb Code    32  _printf_char_common.o(.text)
    _printf_fp_infnan                        0x000031e9   Thumb Code   120  _printf_fp_infnan.o(.text)
    _btod_etento                             0x00003271   Thumb Code   200  bigflt0.o(.text)
    _btod_d2e                                0x0000333d   Thumb Code    64  btod.o(.text)
    _btod_emul                               0x00003733   Thumb Code    24  btod.o(.text)
    _btod_emuld                              0x0000374b   Thumb Code    60  btod.o(.text)
    _btod_ediv                               0x00003787   Thumb Code    22  btod.o(.text)
    _btod_edivd                              0x0000379d   Thumb Code    60  btod.o(.text)
    __ARM_scalbn                             0x000037e5   Thumb Code    80  dscalbn.o(.text)
    __user_libspace                          0x00003841   Thumb Code     8  libspace.o(.text)
    __user_perproc_libspace                  0x00003841   Thumb Code     0  libspace.o(.text)
    __user_perthread_libspace                0x00003841   Thumb Code     0  libspace.o(.text)
    __user_setup_stackheap                   0x00003849   Thumb Code    62  sys_stackheap_outer.o(.text)
    exit                                     0x00003887   Thumb Code    12  exit.o(.text)
    strcmp                                   0x00003895   Thumb Code   132  strcmp.o(.text)
    _sys_exit                                0x0000391d   Thumb Code     8  sys_exit.o(.text)
    __I$use$semihosting                      0x00003929   Thumb Code     0  use_no_semi.o(.text)
    __use_no_semihosting_swi                 0x00003929   Thumb Code     2  use_no_semi.o(.text)
    __ARM_common_ll_muluu                    0x0000392b   Thumb Code    48  btod.o(i.__ARM_common_ll_muluu)
    __semihosting_library_function           0x0000392b   Thumb Code     0  indicate_semi.o(.text)
    __ARM_common_switch8                     0x0000395b   Thumb Code    28  adc.o(i.__ARM_common_switch8)
    __ARM_fpclassify                         0x00003979   Thumb Code    38  fpclassify.o(i.__ARM_fpclassify)
    __kernel_poly                            0x000039a5   Thumb Code   172  poly.o(i.__kernel_poly)
    __mathlib_dbl_underflow                  0x00003a51   Thumb Code    14  dunder.o(i.__mathlib_dbl_underflow)
    _is_digit                                0x00003a65   Thumb Code    14  __printf_wp.o(i._is_digit)
    atan                                     0x00003a75   Thumb Code   474  atan.o(i.atan)
    atan2                                    0x00003c95   Thumb Code   336  atan2.o(i.atan2)
    _get_lc_numeric                          0x00003e0d   Thumb Code    44  lc_numeric_c.o(locale$$code)
    __aeabi_fadd                             0x00003e39   Thumb Code     0  faddsub.o(x$fpl$fadd)
    _fadd                                    0x00003e39   Thumb Code   134  faddsub.o(x$fpl$fadd)
    __aeabi_fmul                             0x00003ec5   Thumb Code     0  fmul.o(x$fpl$fmul)
    _fmul                                    0x00003ec5   Thumb Code   172  fmul.o(x$fpl$fmul)
    __aeabi_fsub                             0x00003f75   Thumb Code     0  faddsub.o(x$fpl$fsub)
    _fsub                                    0x00003f75   Thumb Code   204  faddsub.o(x$fpl$fsub)
    _printf_fp_dec                           0x00004045   Thumb Code    16  printf1.o(x$fpl$printf1)
    __I$use$fp                               0x00004054   Number         0  usenofp.o(x$fpl$usenofp)
    __mathlib_zero                           0x000041b0   Data           8  qnan.o(.constdata)
    Region$$Table$$Base                      0x0000424c   Number         0  anon$$obj.o(Region$$Table)
    Region$$Table$$Limit                     0x0000426c   Number         0  anon$$obj.o(Region$$Table)
    an0                                      0x2000000c   Data           4  combined_timer_interrupt_adc_pwm_spi1_test.o(.data)
    an1                                      0x20000010   Data           4  combined_timer_interrupt_adc_pwm_spi1_test.o(.data)
    an5                                      0x20000014   Data           4  combined_timer_interrupt_adc_pwm_spi1_test.o(.data)
    an6                                      0x20000018   Data           4  combined_timer_interrupt_adc_pwm_spi1_test.o(.data)
    __stdout                                 0x2000001c   Data           4  retarget.o(.data)
    __stdin                                  0x20000020   Data           4  retarget.o(.data)
    Accel1                                   0x20000024   Data           4  imu.o(.data)
    Accel2                                   0x20000028   Data           4  imu.o(.data)
    Gyro1                                    0x2000002c   Data           4  imu.o(.data)
    GyroOffset                               0x20000030   Data           4  imu.o(.data)
    acc_theta                                0x20000034   Data           4  imu.o(.data)
    gyro_thetad                              0x20000038   Data           4  imu.o(.data)
    Run_Init_Only_Once                       0x2000003c   Data           4  adc.o(.data)
    Already_Init                             0x20000040   Data           4  adc.o(.data)
    count0                                   0x20000044   Data           4  uart.o(.data)
    count1                                   0x20000048   Data           4  uart.o(.data)
    ADC_Activated                            0x2000004c   Data          32  adc.o(.bss)
    RawAnalogData                            0x2000006c   Data          32  adc.o(.bss)
    RX0Data                                  0x2000008c   Data          12  uart.o(.bss)
    RX1Data                                  0x20000098   Data          12  uart.o(.bss)
    __libspace_start                         0x200000a4   Data          96  libspace.o(.bss)
    __temporary_stack_top$libspace           0x20000104   Data           0  libspace.o(.bss)



==============================================================================

Memory Map of the image

  Image Entry point : 0x0000046d

  Load Region LR_1 (Base: 0x00000000, Size: 0x000042d4, Max: 0xffffffff, ABSOLUTE)

    Execution Region ER_RO (Base: 0x00000000, Size: 0x00004288, Max: 0xffffffff, ABSOLUTE)

    Base Addr    Size         Type   Attr      Idx    E Section Name        Object

    0x00000000   0x000000c0   Data   RO          100    RESET               startup_m051.o
    0x000000c0   0x00000008   Code   RO          308  * !!!main             c_p.l(__main.o)
    0x000000c8   0x0000003c   Code   RO          569    !!!scatter          c_p.l(__scatter.o)
    0x00000104   0x0000001a   Code   RO          571    !!handler_copy      c_p.l(__scatter_copy.o)
    0x0000011e   0x00000002   PAD
    0x00000120   0x0000001c   Code   RO          573    !!handler_zi        c_p.l(__scatter_zi.o)
    0x0000013c   0x00000002   Code   RO          301    .ARM.Collect$$_printf_percent$$00000000  c_p.l(_printf_percent.o)
    0x0000013e   0x0000000a   Code   RO          300    .ARM.Collect$$_printf_percent$$00000003  c_p.l(_printf_f.o)
    0x00000148   0x0000000a   Code   RO          299    .ARM.Collect$$_printf_percent$$00000009  c_p.l(_printf_d.o)
    0x00000152   0x00000004   Code   RO          357    .ARM.Collect$$_printf_percent$$00000017  c_p.l(_printf_percent_end.o)
    0x00000156   0x00000002   Code   RO          446    .ARM.Collect$$libinit$$00000000  c_p.l(libinit.o)
    0x00000158   0x00000004   Code   RO          447    .ARM.Collect$$libinit$$00000001  c_p.l(libinit2.o)
    0x0000015c   0x00000000   Code   RO          451    .ARM.Collect$$libinit$$00000008  c_p.l(libinit2.o)
    0x0000015c   0x00000000   Code   RO          453    .ARM.Collect$$libinit$$0000000A  c_p.l(libinit2.o)
    0x0000015c   0x00000000   Code   RO          455    .ARM.Collect$$libinit$$0000000C  c_p.l(libinit2.o)
    0x0000015c   0x00000006   Code   RO          456    .ARM.Collect$$libinit$$0000000D  c_p.l(libinit2.o)
    0x00000162   0x00000000   Code   RO          458    .ARM.Collect$$libinit$$0000000F  c_p.l(libinit2.o)
    0x00000162   0x00000000   Code   RO          460    .ARM.Collect$$libinit$$00000011  c_p.l(libinit2.o)
    0x00000162   0x00000000   Code   RO          462    .ARM.Collect$$libinit$$00000013  c_p.l(libinit2.o)
    0x00000162   0x0000000a   Code   RO          463    .ARM.Collect$$libinit$$00000014  c_p.l(libinit2.o)
    0x0000016c   0x00000000   Code   RO          464    .ARM.Collect$$libinit$$00000015  c_p.l(libinit2.o)
    0x0000016c   0x00000000   Code   RO          466    .ARM.Collect$$libinit$$00000017  c_p.l(libinit2.o)
    0x0000016c   0x00000000   Code   RO          468    .ARM.Collect$$libinit$$00000019  c_p.l(libinit2.o)
    0x0000016c   0x00000000   Code   RO          470    .ARM.Collect$$libinit$$0000001B  c_p.l(libinit2.o)
    0x0000016c   0x00000000   Code   RO          472    .ARM.Collect$$libinit$$0000001D  c_p.l(libinit2.o)
    0x0000016c   0x00000000   Code   RO          474    .ARM.Collect$$libinit$$0000001F  c_p.l(libinit2.o)
    0x0000016c   0x00000000   Code   RO          476    .ARM.Collect$$libinit$$00000021  c_p.l(libinit2.o)
    0x0000016c   0x00000000   Code   RO          478    .ARM.Collect$$libinit$$00000023  c_p.l(libinit2.o)
    0x0000016c   0x00000000   Code   RO          482    .ARM.Collect$$libinit$$0000002A  c_p.l(libinit2.o)
    0x0000016c   0x00000000   Code   RO          484    .ARM.Collect$$libinit$$0000002C  c_p.l(libinit2.o)
    0x0000016c   0x00000000   Code   RO          486    .ARM.Collect$$libinit$$0000002E  c_p.l(libinit2.o)
    0x0000016c   0x00000000   Code   RO          488    .ARM.Collect$$libinit$$00000030  c_p.l(libinit2.o)
    0x0000016c   0x00000002   Code   RO          489    .ARM.Collect$$libinit$$00000031  c_p.l(libinit2.o)
    0x0000016e   0x00000002   Code   RO          535    .ARM.Collect$$libshutdown$$00000000  c_p.l(libshutdown.o)
    0x00000170   0x00000000   Code   RO          554    .ARM.Collect$$libshutdown$$00000003  c_p.l(libshutdown2.o)
    0x00000170   0x00000000   Code   RO          557    .ARM.Collect$$libshutdown$$00000006  c_p.l(libshutdown2.o)
    0x00000170   0x00000000   Code   RO          560    .ARM.Collect$$libshutdown$$00000009  c_p.l(libshutdown2.o)
    0x00000170   0x00000000   Code   RO          562    .ARM.Collect$$libshutdown$$0000000B  c_p.l(libshutdown2.o)
    0x00000170   0x00000000   Code   RO          565    .ARM.Collect$$libshutdown$$0000000E  c_p.l(libshutdown2.o)
    0x00000170   0x00000002   Code   RO          566    .ARM.Collect$$libshutdown$$0000000F  c_p.l(libshutdown2.o)
    0x00000172   0x00000000   Code   RO          344    .ARM.Collect$$rtentry$$00000000  c_p.l(rtentry.o)
    0x00000172   0x00000000   Code   RO          373    .ARM.Collect$$rtentry$$00000002  c_p.l(rtentry2.o)
    0x00000172   0x00000006   Code   RO          385    .ARM.Collect$$rtentry$$00000004  c_p.l(rtentry4.o)
    0x00000178   0x00000000   Code   RO          375    .ARM.Collect$$rtentry$$00000009  c_p.l(rtentry2.o)
    0x00000178   0x00000004   Code   RO          376    .ARM.Collect$$rtentry$$0000000A  c_p.l(rtentry2.o)
    0x0000017c   0x00000000   Code   RO          378    .ARM.Collect$$rtentry$$0000000C  c_p.l(rtentry2.o)
    0x0000017c   0x00000008   Code   RO          379    .ARM.Collect$$rtentry$$0000000D  c_p.l(rtentry2.o)
    0x00000184   0x00000002   Code   RO          491    .ARM.Collect$$rtexit$$00000000  c_p.l(rtexit.o)
    0x00000186   0x00000000   Code   RO          506    .ARM.Collect$$rtexit$$00000002  c_p.l(rtexit2.o)
    0x00000186   0x00000004   Code   RO          507    .ARM.Collect$$rtexit$$00000003  c_p.l(rtexit2.o)
    0x0000018a   0x00000006   Code   RO          508    .ARM.Collect$$rtexit$$00000004  c_p.l(rtexit2.o)
    0x00000190   0x000001fc   Code   RO            1    .text               combined_timer_interrupt_adc_pwm_spi1_test.o
    0x0000038c   0x00000068   Code   RO           67    .text               common.o
    0x000003f4   0x00000078   Code   RO           79    .text               retarget.o
    0x0000046c   0x0000005c   Code   RO          101  * .text               startup_m051.o
    0x000004c8   0x000002f4   Code   RO          106    .text               imu.o
    0x000007bc   0x0000027c   Code   RO          134    .text               spi.o
    0x00000a38   0x00000098   Code   RO          152    .text               system_clock.o
    0x00000ad0   0x00000570   Code   RO          167    .text               adc.o
    0x00001040   0x00000404   Code   RO          194    .text               pwm.o
    0x00001444   0x000002d8   Code   RO          209    .text               gpio.o
    0x0000171c   0x00000260   Code   RO          224    .text               timers.o
    0x0000197c   0x00000328   Code   RO          247    .text               uart.o
    0x00001ca4   0x0000001c   Code   RO          273    .text               c_p.l(noretval__2printf.o)
    0x00001cc0   0x0000006c   Code   RO          277    .text               c_p.l(_printf_dec.o)
    0x00001d2c   0x0000010e   Code   RO          287    .text               c_p.l(__printf_wp.o)
    0x00001e3a   0x0000015a   Code   RO          302    .text               c_p.l(aeabi_sdiv.o)
    0x00001f94   0x00000006   Code   RO          306    .text               c_p.l(heapauxi.o)
    0x00001f9a   0x00000002   PAD
    0x00001f9c   0x0000007c   Code   RO          310    .text               fz_ps.l(d2f.o)
    0x00002018   0x0000034c   Code   RO          312    .text               fz_ps.l(daddsub.o)
    0x00002364   0x0000044c   Code   RO          314    .text               fz_ps.l(ddiv.o)
    0x000027b0   0x00000258   Code   RO          317    .text               fz_ps.l(dmul.o)
    0x00002a08   0x00000058   Code   RO          319    .text               fz_ps.l(f2d.o)
    0x00002a60   0x00000160   Code   RO          327    .text               fz_ps.l(fdiv.o)
    0x00002bc0   0x0000005e   Code   RO          330    .text               fz_ps.l(fflti.o)
    0x00002c1e   0x000000b0   Code   RO          351    .text               c_p.l(_printf_intcommon.o)
    0x00002cce   0x00000002   PAD
    0x00002cd0   0x00000414   Code   RO          353    .text               c_p.l(_printf_fp_dec.o)
    0x000030e4   0x00000028   Code   RO          355    .text               c_p.l(_printf_char_file.o)
    0x0000310c   0x00000028   Code   RO          358    .text               c_p.l(rtudiv10.o)
    0x00003134   0x00000008   Code   RO          392    .text               c_p.l(rt_locale_intlibspace.o)
    0x0000313c   0x0000007a   Code   RO          399    .text               c_p.l(lludiv10.o)
    0x000031b6   0x00000002   PAD
    0x000031b8   0x00000030   Code   RO          401    .text               c_p.l(_printf_char_common.o)
    0x000031e8   0x00000088   Code   RO          403    .text               c_p.l(_printf_fp_infnan.o)
    0x00003270   0x000000cc   Code   RO          405    .text               c_p.l(bigflt0.o)
    0x0000333c   0x000004a8   Code   RO          408    .text               c_p.l(btod.o)
    0x000037e4   0x0000005c   Code   RO          415    .text               fz_ps.l(dscalbn.o)
    0x00003840   0x00000008   Code   RO          425    .text               c_p.l(libspace.o)
    0x00003848   0x0000003e   Code   RO          428    .text               c_p.l(sys_stackheap_outer.o)
    0x00003886   0x0000000c   Code   RO          433    .text               c_p.l(exit.o)
    0x00003892   0x00000002   PAD
    0x00003894   0x00000088   Code   RO          439    .text               c_p.l(strcmp.o)
    0x0000391c   0x0000000c   Code   RO          503    .text               c_p.l(sys_exit.o)
    0x00003928   0x00000002   Code   RO          522    .text               c_p.l(use_no_semi.o)
    0x0000392a   0x00000000   Code   RO          524    .text               c_p.l(indicate_semi.o)
    0x0000392a   0x00000030   Code   RO          410    i.__ARM_common_ll_muluu  c_p.l(btod.o)
    0x0000395a   0x0000001c   Code   RO          180    i.__ARM_common_switch8  adc.o
    0x00003976   0x00000002   PAD
    0x00003978   0x0000002c   Code   RO          421    i.__ARM_fpclassify  m_ps.l(fpclassify.o)
    0x000039a4   0x000000ac   Code   RO          423    i.__kernel_poly     m_ps.l(poly.o)
    0x00003a50   0x00000014   Code   RO          419    i.__mathlib_dbl_underflow  m_ps.l(dunder.o)
    0x00003a64   0x0000000e   Code   RO          289    i._is_digit         c_p.l(__printf_wp.o)
    0x00003a72   0x00000002   PAD
    0x00003a74   0x00000220   Code   RO          362    i.atan              m_ps.l(atan.o)
    0x00003c94   0x00000178   Code   RO          337    i.atan2             m_ps.l(atan2.o)
    0x00003e0c   0x0000002c   Code   RO          413    locale$$code        c_p.l(lc_numeric_c.o)
    0x00003e38   0x0000008c   Code   RO          321    x$fpl$fadd          fz_ps.l(faddsub.o)
    0x00003ec4   0x000000b0   Code   RO          332    x$fpl$fmul          fz_ps.l(fmul.o)
    0x00003f74   0x000000d0   Code   RO          323    x$fpl$fsub          fz_ps.l(faddsub.o)
    0x00004044   0x00000010   Code   RO          334    x$fpl$printf1       fz_ps.l(printf1.o)
    0x00004054   0x00000000   Code   RO          360    x$fpl$usenofp       fz_ps.l(usenofp.o)
    0x00004054   0x00000080   Data   RO          315    .constdata          fz_ps.l(ddiv.o)
    0x000040d4   0x00000040   Data   RO          328    .constdata          fz_ps.l(fdiv.o)
    0x00004114   0x00000004   PAD
    0x00004118   0x00000098   Data   RO          363    .constdata          m_ps.l(atan.o)
    0x000041b0   0x00000008   Data   RO          371    .constdata          m_ps.l(qnan.o)
    0x000041b8   0x00000094   Data   RO          406    .constdata          c_p.l(bigflt0.o)
    0x0000424c   0x00000020   Data   RO          567    Region$$Table       anon$$obj.o
    0x0000426c   0x0000001c   Data   RO          412    locale$$data        c_p.l(lc_numeric_c.o)


    Execution Region ER_RW (Base: 0x20000000, Size: 0x0000004c, Max: 0xffffffff, ABSOLUTE)

    Base Addr    Size         Type   Attr      Idx    E Section Name        Object

    0x20000000   0x0000001c   Data   RW            2    .data               combined_timer_interrupt_adc_pwm_spi1_test.o
    0x2000001c   0x00000008   Data   RW           80    .data               retarget.o
    0x20000024   0x00000018   Data   RW          107    .data               imu.o
    0x2000003c   0x00000008   Data   RW          169    .data               adc.o
    0x20000044   0x00000008   Data   RW          249    .data               uart.o


    Execution Region ER_ZI (Base: 0x2000004c, Size: 0x000004bc, Max: 0xffffffff, ABSOLUTE)

    Base Addr    Size         Type   Attr      Idx    E Section Name        Object

    0x2000004c   0x00000040   Zero   RW          168    .bss                adc.o
    0x2000008c   0x00000018   Zero   RW          248    .bss                uart.o
    0x200000a4   0x00000060   Zero   RW          426    .bss                c_p.l(libspace.o)
    0x20000104   0x00000004   PAD
    0x20000108   0x00000000   Zero   RW           99    HEAP                startup_m051.o
    0x20000108   0x00000400   Zero   RW           98    STACK               startup_m051.o


==============================================================================

Image component sizes


      Code (inc. data)   RO Data    RW Data    ZI Data      Debug   Object Name

      1420         76          0          8         64       2727   adc.o
       508        134          0         28          0       5501   combined_timer_interrupt_adc_pwm_spi1_test.o
       104         16          0          0          0       1081   common.o
       728         48          0          0          0       1464   gpio.o
       756         68          0         24          0       2101   imu.o
      1028         82          0          0          0       1081   pwm.o
       120          6          0          8          0       3341   retarget.o
       636         16          0          0          0       2438   spi.o
        92         38        192          0       1024        712   startup_m051.o
       152          6          0          0          0        795   system_clock.o
       608         32          0          0          0        998   timers.o
       808        124          0          8         24       2386   uart.o

    ----------------------------------------------------------------------
      6962        646        224         76       1112      24625   Object Totals
         0          0         32          0          0          0   (incl. Generated)
         2          0          0          0          0          0   (incl. Padding)

    ----------------------------------------------------------------------

      Code (inc. data)   RO Data    RW Data    ZI Data      Debug   Library Member Name

         8          0          0          0          0         68   __main.o
       284          0          0          0          0        136   __printf_wp.o
        60          8          0          0          0          0   __scatter.o
        26          0          0          0          0          0   __scatter_copy.o
        28          0          0          0          0          0   __scatter_zi.o
        48          6          0          0          0         88   _printf_char_common.o
        40          6          0          0          0         72   _printf_char_file.o
        10          0          0          0          0          0   _printf_d.o
       108         18          0          0          0         76   _printf_dec.o
        10          0          0          0          0          0   _printf_f.o
      1044         12          0          0          0        176   _printf_fp_dec.o
       136         16          0          0          0         76   _printf_fp_infnan.o
       176          0          0          0          0         84   _printf_intcommon.o
         2          0          0          0          0          0   _printf_percent.o
         4          0          0          0          0          0   _printf_percent_end.o
       346          0          0          0          0         92   aeabi_sdiv.o
       204          4        148          0          0         80   bigflt0.o
      1240         12          0          0          0        316   btod.o
        12          0          0          0          0         64   exit.o
         6          0          0          0          0        136   heapauxi.o
         0          0          0          0          0          0   indicate_semi.o
        44         10         28          0          0         76   lc_numeric_c.o
         2          0          0          0          0          0   libinit.o
        22          0          0          0          0          0   libinit2.o
         2          0          0          0          0          0   libshutdown.o
         2          0          0          0          0          0   libshutdown2.o
         8          4          0          0         96         68   libspace.o
       122          0          0          0          0         72   lludiv10.o
        28          6          0          0          0         84   noretval__2printf.o
         8          4          0          0          0         68   rt_locale_intlibspace.o
         0          0          0          0          0          0   rtentry.o
        12          0          0          0          0          0   rtentry2.o
         6          0          0          0          0          0   rtentry4.o
         2          0          0          0          0          0   rtexit.o
        10          0          0          0          0          0   rtexit2.o
        40          0          0          0          0         60   rtudiv10.o
       136          4          0          0          0         72   strcmp.o
        12          4          0          0          0         60   sys_exit.o
        62          0          0          0          0         80   sys_stackheap_outer.o
         2          0          0          0          0         68   use_no_semi.o
       124          4          0          0          0         72   d2f.o
       844         22          0          0          0        228   daddsub.o
      1100         28        128          0          0        116   ddiv.o
       600         22          0          0          0         84   dmul.o
        92         12          0          0          0         72   dscalbn.o
        88          6          0          0          0         60   f2d.o
       348          8          0          0          0        160   faddsub.o
       352          8         64          0          0         88   fdiv.o
        94          0          0          0          0         92   fflti.o
       176          4          0          0          0         80   fmul.o
        16          4          0          0          0         76   printf1.o
         0          0          0          0          0          0   usenofp.o
       544         70        152          0          0        112   atan.o
       376         40          0          0          0        144   atan2.o
        20          6          0          0          0         68   dunder.o
        44          6          0          0          0         60   fpclassify.o
       172          0          0          0          0         76   poly.o
         0          0          8          0          0          0   qnan.o

    ----------------------------------------------------------------------
      9314        354        532          0        100       3760   Library Totals
        12          0          4          0          4          0   (incl. Padding)

    ----------------------------------------------------------------------

      Code (inc. data)   RO Data    RW Data    ZI Data      Debug   Library Name

      4312        114        176          0         96       2172   c_p.l
      3834        118        192          0          0       1128   fz_ps.l
      1156        122        160          0          0        460   m_ps.l

    ----------------------------------------------------------------------
      9314        354        532          0        100       3760   Library Totals

    ----------------------------------------------------------------------

==============================================================================


      Code (inc. data)   RO Data    RW Data    ZI Data      Debug   

     16276       1000        756         76       1212      25657   Grand Totals
     16276       1000        756         76       1212      25657   ELF Image Totals
     16276       1000        756         76          0          0   ROM Totals

==============================================================================

    Total RO  Size (Code + RO Data)                17032 (  16.63kB)
    Total RW  Size (RW Data + ZI Data)              1288 (   1.26kB)
    Total ROM Size (Code + RO Data + RW Data)      17108 (  16.71kB)

==============================================================================

