Product: MDK-ARM Lite 5.10
Component: ARM Compiler 5.04 update 1 (build 49)
Tool: armlink [5040049]

==============================================================================

Section Cross References

    encoders_test.o(.text) refers to _printf_percent.o(.ARM.Collect$$_printf_percent$$00000000) for _printf_percent
    encoders_test.o(.text) refers to _printf_f.o(.ARM.Collect$$_printf_percent$$00000003) for _printf_f
    encoders_test.o(.text) refers to printf1.o(x$fpl$printf1) for _printf_fp_dec
    encoders_test.o(.text) refers to system_clock.o(.text) for Init_System_Clocks_PLL
    encoders_test.o(.text) refers to uart.o(.text) for Init_Uart0
    encoders_test.o(.text) refers to encoders.o(.text) for Init_Encoders
    encoders_test.o(.text) refers to gpio.o(.text) for Init_GPIO_Output
    encoders_test.o(.text) refers to aeabi_sdiv.o(.text) for __aeabi_uidivmod
    encoders_test.o(.text) refers to f2d.o(.text) for __aeabi_f2d
    encoders_test.o(.text) refers to noretval__2printf.o(.text) for __2printf
    encoders_test.o(.text) refers to encoders_test.o(.data) for Timer_Count
    startup_m051.o(STACK) refers (Special) to heapauxi.o(.text) for __use_two_region_memory
    startup_m051.o(HEAP) refers (Special) to heapauxi.o(.text) for __use_two_region_memory
    startup_m051.o(RESET) refers (Special) to heapauxi.o(.text) for __use_two_region_memory
    startup_m051.o(RESET) refers to startup_m051.o(STACK) for __initial_sp
    startup_m051.o(RESET) refers to startup_m051.o(.text) for Reset_Handler
    startup_m051.o(RESET) refers to system_clock.o(.text) for SysTick_Handler
    startup_m051.o(RESET) refers to encoders.o(.text) for GPIOP0P1_IRQHandler
    startup_m051.o(RESET) refers to uart.o(.text) for UART0_IRQHandler
    startup_m051.o(.text) refers (Special) to heapauxi.o(.text) for __use_two_region_memory
    startup_m051.o(.text) refers to __main.o(!!!main) for __main
    startup_m051.o(.text) refers to startup_m051.o(HEAP) for Heap_Mem
    startup_m051.o(.text) refers to startup_m051.o(STACK) for Stack_Mem
    uart.o(.text) refers to system_clock.o(.text) for millis
    uart.o(.text) refers to faddsub.o(x$fpl$fsub) for __aeabi_fsub
    uart.o(.text) refers to f2d.o(.text) for __aeabi_f2d
    uart.o(.text) refers to dlef.o(x$fpl$dleqf) for __aeabi_cdcmple
    uart.o(.text) refers to fflti.o(.text) for __aeabi_i2f
    uart.o(.text) refers to ddiv.o(.text) for __aeabi_ddiv
    uart.o(.text) refers to d2f.o(.text) for __aeabi_d2f
    uart.o(.text) refers to aeabi_sdiv.o(.text) for __aeabi_uidivmod
    uart.o(.text) refers to uart.o(.data) for timestamp0
    uart.o(.text) refers to uart.o(.bss) for RX0Data
    encoders.o(.text) refers to _printf_percent.o(.ARM.Collect$$_printf_percent$$00000000) for _printf_percent
    encoders.o(.text) refers to _printf_f.o(.ARM.Collect$$_printf_percent$$00000003) for _printf_f
    encoders.o(.text) refers to printf1.o(x$fpl$printf1) for _printf_fp_dec
    encoders.o(.text) refers to faddsub.o(x$fpl$fadd) for __aeabi_fadd
    encoders.o(.text) refers to fdiv.o(.text) for __aeabi_fdiv
    encoders.o(.text) refers to faddsub.o(x$fpl$fsub) for __aeabi_fsub
    encoders.o(.text) refers to f2d.o(.text) for __aeabi_f2d
    encoders.o(.text) refers to ddiv.o(.text) for __aeabi_ddiv
    encoders.o(.text) refers to fmul.o(x$fpl$fmul) for __aeabi_fmul
    encoders.o(.text) refers to daddsub.o(.text) for __aeabi_dadd
    encoders.o(.text) refers to d2f.o(.text) for __aeabi_d2f
    encoders.o(.text) refers to dmul.o(.text) for __aeabi_dmul
    encoders.o(.text) refers to encoders.o(.data) for encoderRcount
    encoders.o(.text) refers to encoders.o(.bss) for encoderRold
    encoders.o(.text) refers to noretval__2printf.o(.text) for __2printf
    system_clock.o(.text) refers to common.o(.text) for Un_Lock_Reg
    system_clock.o(.text) refers to fflti.o(.text) for __aeabi_ui2f
    system_clock.o(.text) refers to fmul.o(x$fpl$fmul) for __aeabi_fmul
    system_clock.o(.text) refers to system_clock.o(.data) for count
    gpio.o(.text) refers to gpio.o(i.__ARM_common_switch8) for __ARM_common_switch8
    __2printf.o(.text) refers to _printf_char_file.o(.text) for _printf_char_file
    __2printf.o(.text) refers to retarget.o(.data) for __stdout
    noretval__2printf.o(.text) refers to _printf_char_file.o(.text) for _printf_char_file
    noretval__2printf.o(.text) refers to retarget.o(.data) for __stdout
    __printf.o(.text) refers to _printf_percent.o(.ARM.Collect$$_printf_percent$$00000000) for _printf_percent
    __printf_flags.o(.text) refers to _printf_percent.o(.ARM.Collect$$_printf_percent$$00000000) for _printf_percent
    __printf_flags.o(.text) refers to __printf_flags.o(.constdata) for .constdata
    __printf_ss.o(.text) refers to _printf_percent.o(.ARM.Collect$$_printf_percent$$00000000) for _printf_percent
    __printf_flags_ss.o(.text) refers to _printf_percent.o(.ARM.Collect$$_printf_percent$$00000000) for _printf_percent
    __printf_flags_ss.o(.text) refers to __printf_flags_ss.o(.constdata) for .constdata
    __printf_wp.o(.text) refers to __printf_wp.o(i._is_digit) for _is_digit
    __printf_wp.o(.text) refers to _printf_percent.o(.ARM.Collect$$_printf_percent$$00000000) for _printf_percent
    __printf_flags_wp.o(.text) refers to __printf_wp.o(i._is_digit) for _is_digit
    __printf_flags_wp.o(.text) refers to _printf_percent.o(.ARM.Collect$$_printf_percent$$00000000) for _printf_percent
    __printf_flags_wp.o(.text) refers to __printf_flags_wp.o(.constdata) for .constdata
    __printf_ss_wp.o(.text) refers to __printf_wp.o(i._is_digit) for _is_digit
    __printf_ss_wp.o(.text) refers to _printf_percent.o(.ARM.Collect$$_printf_percent$$00000000) for _printf_percent
    __printf_flags_ss_wp.o(.text) refers to __printf_wp.o(i._is_digit) for _is_digit
    __printf_flags_ss_wp.o(.text) refers to _printf_percent.o(.ARM.Collect$$_printf_percent$$00000000) for _printf_percent
    __printf_flags_ss_wp.o(.text) refers to __printf_flags_ss_wp.o(.constdata) for .constdata
    _printf_f.o(.ARM.Collect$$_printf_percent$$00000003) refers (Weak) to printf1.o(x$fpl$printf1) for _printf_fp_dec
    _printf_percent.o(.ARM.Collect$$_printf_percent$$00000000) refers (Special) to _printf_percent_end.o(.ARM.Collect$$_printf_percent$$00000017) for _printf_percent_end
    __main.o(!!!main) refers to rtentry.o(.ARM.Collect$$rtentry$$00000000) for __rt_entry
    d2f.o(.text) refers (Special) to usenofp.o(x$fpl$usenofp) for __I$use$fp
    daddsub.o(.text) refers (Special) to usenofp.o(x$fpl$usenofp) for __I$use$fp
    ddiv.o(.text) refers (Special) to usenofp.o(x$fpl$usenofp) for __I$use$fp
    ddiv.o(.text) refers to ddiv.o(.constdata) for .constdata
    ddiv.o(.constdata) refers (Special) to usenofp.o(x$fpl$usenofp) for __I$use$fp
    dlef.o(x$fpl$dleqf) refers (Special) to usenofp.o(x$fpl$usenofp) for __I$use$fp
    dlef.o(x$fpl$dleqf) refers to dcmpin.o(.text) for __fpl_dcmp_InfNaN
    dmul.o(.text) refers (Special) to usenofp.o(x$fpl$usenofp) for __I$use$fp
    f2d.o(.text) refers (Special) to usenofp.o(x$fpl$usenofp) for __I$use$fp
    faddsub.o(x$fpl$fadd) refers (Special) to usenofp.o(x$fpl$usenofp) for __I$use$fp
    faddsub.o(x$fpl$fadd) refers to faddsub.o(x$fpl$fsub) for _fsub1
    faddsub.o(x$fpl$frsb) refers (Special) to usenofp.o(x$fpl$usenofp) for __I$use$fp
    faddsub.o(x$fpl$frsb) refers to faddsub.o(x$fpl$fsub) for _fsub1
    faddsub.o(x$fpl$frsb) refers to faddsub.o(x$fpl$fadd) for _fadd1
    faddsub.o(x$fpl$fsub) refers (Special) to usenofp.o(x$fpl$usenofp) for __I$use$fp
    faddsub.o(x$fpl$fsub) refers to faddsub.o(x$fpl$fadd) for _fadd1
    fdiv.o(.text) refers (Special) to usenofp.o(x$fpl$usenofp) for __I$use$fp
    fdiv.o(.text) refers to fdiv.o(.constdata) for .constdata
    fdiv.o(.constdata) refers (Special) to usenofp.o(x$fpl$usenofp) for __I$use$fp
    fflti.o(.text) refers (Special) to usenofp.o(x$fpl$usenofp) for __I$use$fp
    fmul.o(x$fpl$fmul) refers (Special) to usenofp.o(x$fpl$usenofp) for __I$use$fp
    printf1.o(x$fpl$printf1) refers to _printf_fp_dec.o(.text) for _printf_fp_dec_real
    rtentry.o(.ARM.Collect$$rtentry$$00000000) refers (Special) to rtentry2.o(.ARM.Collect$$rtentry$$0000000A) for __rt_entry_li
    rtentry.o(.ARM.Collect$$rtentry$$00000000) refers (Special) to rtentry2.o(.ARM.Collect$$rtentry$$0000000D) for __rt_entry_main
    rtentry.o(.ARM.Collect$$rtentry$$00000000) refers (Special) to rtentry2.o(.ARM.Collect$$rtentry$$0000000C) for __rt_entry_postli_1
    rtentry.o(.ARM.Collect$$rtentry$$00000000) refers (Special) to rtentry2.o(.ARM.Collect$$rtentry$$00000009) for __rt_entry_postsh_1
    rtentry.o(.ARM.Collect$$rtentry$$00000000) refers (Special) to rtentry2.o(.ARM.Collect$$rtentry$$00000002) for __rt_entry_presh_1
    rtentry.o(.ARM.Collect$$rtentry$$00000000) refers (Special) to rtentry4.o(.ARM.Collect$$rtentry$$00000004) for __rt_entry_sh
    aeabi_idiv0_sigfpe.o(.text) refers to rt_div0.o(.text) for __rt_div0
    _printf_fp_dec.o(.text) refers (Special) to usenofp.o(x$fpl$usenofp) for __I$use$fp
    _printf_fp_dec.o(.text) refers (Special) to lc_numeric_c.o(locale$$code) for _get_lc_numeric
    _printf_fp_dec.o(.text) refers to bigflt0.o(.text) for _btod_etento
    _printf_fp_dec.o(.text) refers to btod.o(.text) for _btod_d2e
    _printf_fp_dec.o(.text) refers to lludiv10.o(.text) for _ll_udiv10
    _printf_fp_dec.o(.text) refers to fpclassify.o(i.__ARM_fpclassify) for __ARM_fpclassify
    _printf_fp_dec.o(.text) refers to _printf_fp_infnan.o(.text) for _printf_fp_infnan
    _printf_fp_dec.o(.text) refers to rtudiv10.o(.text) for __rt_udiv10
    _printf_fp_dec.o(.text) refers to rt_locale_intlibspace.o(.text) for __rt_locale
    _printf_char_file.o(.text) refers to _printf_char_common.o(.text) for _printf_char_common
    _printf_char_file.o(.text) refers to retarget.o(.text) for ferror
    dcmpin.o(.text) refers (Special) to usenofp.o(x$fpl$usenofp) for __I$use$fp
    dcmpin.o(.text) refers to cmpret.o(.text) for __fpl_cmpreturn
    dcmpin.o(.text) refers to dnan2.o(.text) for __fpl_dcheck_NaN2
    rtentry2.o(.ARM.Collect$$rtentry$$00000008) refers to boardinit2.o(.text) for _platform_post_stackheap_init
    rtentry2.o(.ARM.Collect$$rtentry$$0000000A) refers to libinit.o(.ARM.Collect$$libinit$$00000000) for __rt_lib_init
    rtentry2.o(.ARM.Collect$$rtentry$$0000000B) refers to boardinit3.o(.text) for _platform_post_lib_init
    rtentry2.o(.ARM.Collect$$rtentry$$0000000D) refers to encoders_test.o(.text) for main
    rtentry2.o(.ARM.Collect$$rtentry$$0000000D) refers to exit.o(.text) for exit
    rtentry2.o(.ARM.exidx) refers to rtentry2.o(.ARM.Collect$$rtentry$$00000001) for .ARM.Collect$$rtentry$$00000001
    rtentry2.o(.ARM.exidx) refers to rtentry2.o(.ARM.Collect$$rtentry$$00000008) for .ARM.Collect$$rtentry$$00000008
    rtentry2.o(.ARM.exidx) refers to rtentry2.o(.ARM.Collect$$rtentry$$0000000A) for .ARM.Collect$$rtentry$$0000000A
    rtentry2.o(.ARM.exidx) refers to rtentry2.o(.ARM.Collect$$rtentry$$0000000B) for .ARM.Collect$$rtentry$$0000000B
    rtentry2.o(.ARM.exidx) refers to rtentry2.o(.ARM.Collect$$rtentry$$0000000D) for .ARM.Collect$$rtentry$$0000000D
    rtentry4.o(.ARM.Collect$$rtentry$$00000004) refers to sys_stackheap_outer.o(.text) for __user_setup_stackheap
    rtentry4.o(.ARM.exidx) refers to rtentry4.o(.ARM.Collect$$rtentry$$00000004) for .ARM.Collect$$rtentry$$00000004
    rt_div0.o(.text) refers to defsig_fpe_outer.o(.text) for __rt_SIGFPE
    rt_locale.o(.text) refers to rt_locale.o(.bss) for __rt_locale_data
    rt_locale_intlibspace.o(.text) refers to libspace.o(.bss) for __libspace_start
    _printf_char_common.o(.text) refers to __printf_wp.o(.text) for __printf
    bigflt0.o(.text) refers (Special) to usenofp.o(x$fpl$usenofp) for __I$use$fp
    bigflt0.o(.text) refers to aeabi_sdiv.o(.text) for __aeabi_idivmod
    bigflt0.o(.text) refers to btod.o(.text) for _btod_emul
    bigflt0.o(.text) refers to bigflt0.o(.constdata) for .constdata
    bigflt0.o(.constdata) refers (Special) to usenofp.o(x$fpl$usenofp) for __I$use$fp
    btod.o(.text) refers to btod.o(i.__ARM_common_ll_muluu) for __ARM_common_ll_muluu
    lc_numeric_c.o(locale$$data) refers (Special) to libinit2.o(.ARM.Collect$$libinit$$00000014) for __rt_lib_init_lc_numeric_2
    lc_numeric_c.o(locale$$code) refers (Special) to libinit2.o(.ARM.Collect$$libinit$$00000014) for __rt_lib_init_lc_numeric_2
    lc_numeric_c.o(locale$$code) refers to strcmp.o(.text) for strcmp
    lc_numeric_c.o(locale$$code) refers to lc_numeric_c.o(locale$$data) for __lcnum_c_name
    cmpret.o(.text) refers (Special) to usenofp.o(x$fpl$usenofp) for __I$use$fp
    dnan2.o(.text) refers (Special) to usenofp.o(x$fpl$usenofp) for __I$use$fp
    dnan2.o(.text) refers to retnan.o(.text) for __fpl_return_NaN
    ieee_status.o(.text) refers (Special) to usenofp.o(x$fpl$usenofp) for __I$use$fp
    fpclassify.o(i.__ARM_fpclassify) refers (Special) to usenofp.o(x$fpl$usenofp) for __I$use$fp
    libspace.o(.text) refers to libspace.o(.bss) for __libspace_start
    sys_stackheap_outer.o(.text) refers to libspace.o(.text) for __user_perproc_libspace
    sys_stackheap_outer.o(.text) refers to startup_m051.o(.text) for __user_initial_stackheap
    sys_stackheap_outer.o(__vectab_stack_and_reset_area) refers to tempstk.o(.text) for __temporary_stack_top
    sys_stackheap_outer.o(__vectab_stack_and_reset_area) refers to __main.o(!!!main) for __main
    exit.o(.text) refers to rtexit.o(.ARM.Collect$$rtexit$$00000000) for __rt_exit
    defsig_fpe_outer.o(.text) refers to defsig_fpe_inner.o(.text) for __rt_SIGFPE_inner
    defsig_fpe_outer.o(.text) refers to defsig_exit.o(.text) for __sig_exit
    defsig_fpe_formal.o(.text) refers to rt_raise.o(.text) for __rt_raise
    libinit.o(.ARM.Collect$$libinit$$00000000) refers (Special) to libinit2.o(.ARM.Collect$$libinit$$0000002C) for __rt_lib_init_alloca_1
    libinit.o(.ARM.Collect$$libinit$$00000000) refers (Special) to libinit2.o(.ARM.Collect$$libinit$$0000002A) for __rt_lib_init_argv_1
    libinit.o(.ARM.Collect$$libinit$$00000000) refers (Special) to libinit2.o(.ARM.Collect$$libinit$$00000019) for __rt_lib_init_atexit_1
    libinit.o(.ARM.Collect$$libinit$$00000000) refers (Special) to libinit2.o(.ARM.Collect$$libinit$$0000001F) for __rt_lib_init_clock_1
    libinit.o(.ARM.Collect$$libinit$$00000000) refers (Special) to libinit2.o(.ARM.Collect$$libinit$$00000030) for __rt_lib_init_cpp_1
    libinit.o(.ARM.Collect$$libinit$$00000000) refers (Special) to libinit2.o(.ARM.Collect$$libinit$$0000002E) for __rt_lib_init_exceptions_1
    libinit.o(.ARM.Collect$$libinit$$00000000) refers (Special) to libinit2.o(.ARM.Collect$$libinit$$00000001) for __rt_lib_init_fp_1
    libinit.o(.ARM.Collect$$libinit$$00000000) refers (Special) to libinit2.o(.ARM.Collect$$libinit$$0000001D) for __rt_lib_init_fp_trap_1
    libinit.o(.ARM.Collect$$libinit$$00000000) refers (Special) to libinit2.o(.ARM.Collect$$libinit$$00000021) for __rt_lib_init_getenv_1
    libinit.o(.ARM.Collect$$libinit$$00000000) refers (Special) to libinit2.o(.ARM.Collect$$libinit$$00000008) for __rt_lib_init_heap_1
    libinit.o(.ARM.Collect$$libinit$$00000000) refers (Special) to libinit2.o(.ARM.Collect$$libinit$$0000000F) for __rt_lib_init_lc_collate_1
    libinit.o(.ARM.Collect$$libinit$$00000000) refers (Special) to libinit2.o(.ARM.Collect$$libinit$$00000011) for __rt_lib_init_lc_ctype_1
    libinit.o(.ARM.Collect$$libinit$$00000000) refers (Special) to libinit2.o(.ARM.Collect$$libinit$$00000013) for __rt_lib_init_lc_monetary_1
    libinit.o(.ARM.Collect$$libinit$$00000000) refers (Special) to libinit2.o(.ARM.Collect$$libinit$$00000015) for __rt_lib_init_lc_numeric_1
    libinit.o(.ARM.Collect$$libinit$$00000000) refers (Special) to libinit2.o(.ARM.Collect$$libinit$$00000017) for __rt_lib_init_lc_time_1
    libinit.o(.ARM.Collect$$libinit$$00000000) refers (Special) to libinit2.o(.ARM.Collect$$libinit$$0000000C) for __rt_lib_init_rand_1
    libinit.o(.ARM.Collect$$libinit$$00000000) refers (Special) to libinit2.o(.ARM.Collect$$libinit$$00000031) for __rt_lib_init_return
    libinit.o(.ARM.Collect$$libinit$$00000000) refers (Special) to libinit2.o(.ARM.Collect$$libinit$$0000001B) for __rt_lib_init_signal_1
    libinit.o(.ARM.Collect$$libinit$$00000000) refers (Special) to libinit2.o(.ARM.Collect$$libinit$$00000023) for __rt_lib_init_stdio_1
    libinit.o(.ARM.Collect$$libinit$$00000000) refers (Special) to libinit2.o(.ARM.Collect$$libinit$$0000000A) for __rt_lib_init_user_alloc_1
    libinit2.o(.ARM.Collect$$libinit$$0000000D) refers (Weak) to rt_locale_intlibspace.o(.text) for __rt_locale
    libinit2.o(.ARM.Collect$$libinit$$0000000E) refers to libinit2.o(.ARM.Collect$$libinit$$0000000D) for .ARM.Collect$$libinit$$0000000D
    libinit2.o(.ARM.Collect$$libinit$$00000010) refers to libinit2.o(.ARM.Collect$$libinit$$0000000D) for .ARM.Collect$$libinit$$0000000D
    libinit2.o(.ARM.Collect$$libinit$$00000012) refers to libinit2.o(.ARM.Collect$$libinit$$0000000D) for .ARM.Collect$$libinit$$0000000D
    libinit2.o(.ARM.Collect$$libinit$$00000014) refers to libinit2.o(.ARM.Collect$$libinit$$0000000D) for .ARM.Collect$$libinit$$0000000D
    libinit2.o(.ARM.Collect$$libinit$$00000014) refers (Weak) to lc_numeric_c.o(locale$$code) for _get_lc_numeric
    libinit2.o(.ARM.Collect$$libinit$$00000016) refers to libinit2.o(.ARM.Collect$$libinit$$0000000D) for .ARM.Collect$$libinit$$0000000D
    libinit2.o(.ARM.Collect$$libinit$$00000024) refers to argv_veneer.o(.text) for __ARM_argv_veneer
    libinit2.o(.ARM.Collect$$libinit$$00000025) refers to argv_veneer.o(.text) for __ARM_argv_veneer
    retnan.o(.text) refers (Special) to usenofp.o(x$fpl$usenofp) for __I$use$fp
    retnan.o(.text) refers to cmpret.o(.text) for __fpl_cmpreturn
    rtexit.o(.ARM.Collect$$rtexit$$00000000) refers (Special) to rtexit2.o(.ARM.Collect$$rtexit$$00000004) for __rt_exit_exit
    rtexit.o(.ARM.Collect$$rtexit$$00000000) refers (Special) to rtexit2.o(.ARM.Collect$$rtexit$$00000003) for __rt_exit_ls
    rtexit.o(.ARM.Collect$$rtexit$$00000000) refers (Special) to rtexit2.o(.ARM.Collect$$rtexit$$00000002) for __rt_exit_prels_1
    rtexit.o(.ARM.exidx) refers (Special) to rtexit2.o(.ARM.Collect$$rtexit$$00000004) for __rt_exit_exit
    rtexit.o(.ARM.exidx) refers (Special) to rtexit2.o(.ARM.Collect$$rtexit$$00000003) for __rt_exit_ls
    rtexit.o(.ARM.exidx) refers (Special) to rtexit2.o(.ARM.Collect$$rtexit$$00000002) for __rt_exit_prels_1
    rtexit.o(.ARM.exidx) refers to rtexit.o(.ARM.Collect$$rtexit$$00000000) for .ARM.Collect$$rtexit$$00000000
    rt_raise.o(.text) refers to __raise.o(.text) for __raise
    rt_raise.o(.text) refers to sys_exit.o(.text) for _sys_exit
    defsig_exit.o(.text) refers to sys_exit.o(.text) for _sys_exit
    defsig_fpe_inner.o(.text) refers to defsig_general.o(.text) for __default_signal_display
    sys_exit.o(.text) refers (Special) to use_no_semi.o(.text) for __I$use$semihosting
    sys_exit.o(.text) refers (Special) to indicate_semi.o(.text) for __semihosting_library_function
    rtexit2.o(.ARM.Collect$$rtexit$$00000003) refers to libshutdown.o(.ARM.Collect$$libshutdown$$00000000) for __rt_lib_shutdown
    rtexit2.o(.ARM.Collect$$rtexit$$00000004) refers to sys_exit.o(.text) for _sys_exit
    rtexit2.o(.ARM.exidx) refers to rtexit2.o(.ARM.Collect$$rtexit$$00000001) for .ARM.Collect$$rtexit$$00000001
    rtexit2.o(.ARM.exidx) refers to rtexit2.o(.ARM.Collect$$rtexit$$00000003) for .ARM.Collect$$rtexit$$00000003
    rtexit2.o(.ARM.exidx) refers to rtexit2.o(.ARM.Collect$$rtexit$$00000004) for .ARM.Collect$$rtexit$$00000004
    __raise.o(.text) refers to defsig.o(CL$$defsig) for __default_signal_handler
    defsig_general.o(.text) refers to retarget.o(.text) for _ttywrch
    _get_argv_nomalloc.o(.text) refers (Special) to hrguard.o(.text) for __heap_region$guard
    _get_argv_nomalloc.o(.text) refers to defsig_rtmem_outer.o(.text) for __rt_SIGRTMEM
    _get_argv_nomalloc.o(.text) refers to sys_command.o(.text) for _sys_command_string
    sys_command.o(.text) refers (Special) to use_no_semi.o(.text) for __I$use$semihosting
    sys_command.o(.text) refers (Special) to indicate_semi.o(.text) for __semihosting_library_function
    defsig_rtmem_outer.o(.text) refers to defsig_rtmem_inner.o(.text) for __rt_SIGRTMEM_inner
    defsig_rtmem_outer.o(.text) refers to defsig_exit.o(.text) for __sig_exit
    defsig_rtmem_formal.o(.text) refers to rt_raise.o(.text) for __rt_raise
    defsig.o(CL$$defsig) refers to defsig_fpe_inner.o(.text) for __rt_SIGFPE_inner
    defsig.o(CL$$defsig) refers to defsig_rtmem_inner.o(.text) for __rt_SIGRTMEM_inner
    libshutdown.o(.ARM.Collect$$libshutdown$$00000000) refers (Special) to libshutdown2.o(.ARM.Collect$$libshutdown$$00000006) for __rt_lib_shutdown_fp_trap_1
    libshutdown.o(.ARM.Collect$$libshutdown$$00000000) refers (Special) to libshutdown2.o(.ARM.Collect$$libshutdown$$0000000E) for __rt_lib_shutdown_heap_1
    libshutdown.o(.ARM.Collect$$libshutdown$$00000000) refers (Special) to libshutdown2.o(.ARM.Collect$$libshutdown$$0000000F) for __rt_lib_shutdown_return
    libshutdown.o(.ARM.Collect$$libshutdown$$00000000) refers (Special) to libshutdown2.o(.ARM.Collect$$libshutdown$$00000009) for __rt_lib_shutdown_signal_1
    libshutdown.o(.ARM.Collect$$libshutdown$$00000000) refers (Special) to libshutdown2.o(.ARM.Collect$$libshutdown$$00000003) for __rt_lib_shutdown_stdio_1
    libshutdown.o(.ARM.Collect$$libshutdown$$00000000) refers (Special) to libshutdown2.o(.ARM.Collect$$libshutdown$$0000000B) for __rt_lib_shutdown_user_alloc_1
    defsig_abrt_inner.o(.text) refers to defsig_general.o(.text) for __default_signal_display
    defsig_rtred_inner.o(.text) refers to defsig_general.o(.text) for __default_signal_display
    defsig_rtmem_inner.o(.text) refers to defsig_general.o(.text) for __default_signal_display
    defsig_stak_inner.o(.text) refers to defsig_general.o(.text) for __default_signal_display
    defsig_pvfn_inner.o(.text) refers to defsig_general.o(.text) for __default_signal_display
    defsig_cppl_inner.o(.text) refers to defsig_general.o(.text) for __default_signal_display
    defsig_segv_inner.o(.text) refers to defsig_general.o(.text) for __default_signal_display
    defsig_other.o(.text) refers to defsig_general.o(.text) for __default_signal_display


==============================================================================

Image Symbol Table

    Local Symbols

    Symbol Name                              Value     Ov Type        Size  Object(Section)

    RESET                                    0x00000000   Section      192  startup_m051.o(RESET)
    ../clib/angel/boardlib.s                 0x00000000   Number         0  boardshut.o ABSOLUTE
    ../clib/angel/boardlib.s                 0x00000000   Number         0  boardinit3.o ABSOLUTE
    ../clib/angel/boardlib.s                 0x00000000   Number         0  boardinit2.o ABSOLUTE
    ../clib/angel/boardlib.s                 0x00000000   Number         0  boardinit1.o ABSOLUTE
    ../clib/angel/handlers.s                 0x00000000   Number         0  __scatter_copy.o ABSOLUTE
    ../clib/angel/handlers.s                 0x00000000   Number         0  __scatter_zi.o ABSOLUTE
    ../clib/angel/kernel.s                   0x00000000   Number         0  rtentry4.o ABSOLUTE
    ../clib/angel/kernel.s                   0x00000000   Number         0  rtexit.o ABSOLUTE
    ../clib/angel/kernel.s                   0x00000000   Number         0  rtentry2.o ABSOLUTE
    ../clib/angel/kernel.s                   0x00000000   Number         0  rtentry.o ABSOLUTE
    ../clib/angel/kernel.s                   0x00000000   Number         0  rtexit2.o ABSOLUTE
    ../clib/angel/rt.s                       0x00000000   Number         0  rt_locale.o ABSOLUTE
    ../clib/angel/rt.s                       0x00000000   Number         0  rt_div0.o ABSOLUTE
    ../clib/angel/rt.s                       0x00000000   Number         0  aeabi_idiv0.o ABSOLUTE
    ../clib/angel/rt.s                       0x00000000   Number         0  rt_locale_intlibspace.o ABSOLUTE
    ../clib/angel/rt.s                       0x00000000   Number         0  aeabi_idiv0_sigfpe.o ABSOLUTE
    ../clib/angel/rt.s                       0x00000000   Number         0  rt_raise.o ABSOLUTE
    ../clib/angel/scatterp.s                 0x00000000   Number         0  __scatter.o ABSOLUTE
    ../clib/angel/startup.s                  0x00000000   Number         0  __main.o ABSOLUTE
    ../clib/angel/sys.s                      0x00000000   Number         0  libspace.o ABSOLUTE
    ../clib/angel/sys.s                      0x00000000   Number         0  sys_stackheap_outer.o ABSOLUTE
    ../clib/angel/sys.s                      0x00000000   Number         0  indicate_semi.o ABSOLUTE
    ../clib/angel/sys.s                      0x00000000   Number         0  use_no_semi.o ABSOLUTE
    ../clib/angel/sys.s                      0x00000000   Number         0  tempstk.o ABSOLUTE
    ../clib/angel/sysapp.c                   0x00000000   Number         0  sys_exit.o ABSOLUTE
    ../clib/angel/sysapp.c                   0x00000000   Number         0  sys_command.o ABSOLUTE
    ../clib/armsys.c                         0x00000000   Number         0  _get_argv_nomalloc.o ABSOLUTE
    ../clib/armsys.c                         0x00000000   Number         0  argv_veneer.o ABSOLUTE
    ../clib/armsys.c                         0x00000000   Number         0  no_argv.o ABSOLUTE
    ../clib/bigflt.c                         0x00000000   Number         0  bigflt0.o ABSOLUTE
    ../clib/btod.c                           0x00000000   Number         0  btod.o ABSOLUTE
    ../clib/division.c                       0x00000000   Number         0  lludiv10.o ABSOLUTE
    ../clib/division.c                       0x00000000   Number         0  rtudiv10.o ABSOLUTE
    ../clib/division.s                       0x00000000   Number         0  aeabi_sdiv.o ABSOLUTE
    ../clib/division.s                       0x00000000   Number         0  aeabi_sdiv_div0.o ABSOLUTE
    ../clib/heapalloc.c                      0x00000000   Number         0  hrguard.o ABSOLUTE
    ../clib/heapaux.c                        0x00000000   Number         0  heapauxi.o ABSOLUTE
    ../clib/libinit.s                        0x00000000   Number         0  libshutdown.o ABSOLUTE
    ../clib/libinit.s                        0x00000000   Number         0  libinit.o ABSOLUTE
    ../clib/libinit.s                        0x00000000   Number         0  libinit2.o ABSOLUTE
    ../clib/libinit.s                        0x00000000   Number         0  libshutdown2.o ABSOLUTE
    ../clib/locale.s                         0x00000000   Number         0  lc_numeric_c.o ABSOLUTE
    ../clib/misc.s                           0x00000000   Number         0  printf_stubs.o ABSOLUTE
    ../clib/printf.c                         0x00000000   Number         0  __printf_wp.o ABSOLUTE
    ../clib/printf.c                         0x00000000   Number         0  _printf_char_file.o ABSOLUTE
    ../clib/printf.c                         0x00000000   Number         0  __printf_flags.o ABSOLUTE
    ../clib/printf.c                         0x00000000   Number         0  __2printf.o ABSOLUTE
    ../clib/printf.c                         0x00000000   Number         0  __printf_nopercent.o ABSOLUTE
    ../clib/printf.c                         0x00000000   Number         0  noretval__2printf.o ABSOLUTE
    ../clib/printf.c                         0x00000000   Number         0  __printf.o ABSOLUTE
    ../clib/printf.c                         0x00000000   Number         0  __printf_flags_wp.o ABSOLUTE
    ../clib/printf.c                         0x00000000   Number         0  __printf_ss_wp.o ABSOLUTE
    ../clib/printf.c                         0x00000000   Number         0  __printf_flags_ss_wp.o ABSOLUTE
    ../clib/printf.c                         0x00000000   Number         0  __printf_flags_ss.o ABSOLUTE
    ../clib/printf.c                         0x00000000   Number         0  _printf_fp_dec.o ABSOLUTE
    ../clib/printf.c                         0x00000000   Number         0  __printf_ss.o ABSOLUTE
    ../clib/printf.c                         0x00000000   Number         0  _printf_char_common.o ABSOLUTE
    ../clib/printf.c                         0x00000000   Number         0  _printf_fp_infnan.o ABSOLUTE
    ../clib/printf_percent.s                 0x00000000   Number         0  _printf_percent_end.o ABSOLUTE
    ../clib/printf_percent.s                 0x00000000   Number         0  _printf_f.o ABSOLUTE
    ../clib/printf_percent.s                 0x00000000   Number         0  _printf_percent.o ABSOLUTE
    ../clib/signal.c                         0x00000000   Number         0  defsig_rtmem_outer.o ABSOLUTE
    ../clib/signal.c                         0x00000000   Number         0  defsig_rtmem_formal.o ABSOLUTE
    ../clib/signal.c                         0x00000000   Number         0  defsig_fpe_formal.o ABSOLUTE
    ../clib/signal.c                         0x00000000   Number         0  defsig_abrt_inner.o ABSOLUTE
    ../clib/signal.c                         0x00000000   Number         0  defsig_fpe_outer.o ABSOLUTE
    ../clib/signal.c                         0x00000000   Number         0  defsig_rtred_inner.o ABSOLUTE
    ../clib/signal.c                         0x00000000   Number         0  defsig_rtmem_inner.o ABSOLUTE
    ../clib/signal.c                         0x00000000   Number         0  defsig_stak_inner.o ABSOLUTE
    ../clib/signal.c                         0x00000000   Number         0  defsig_exit.o ABSOLUTE
    ../clib/signal.c                         0x00000000   Number         0  defsig_fpe_inner.o ABSOLUTE
    ../clib/signal.c                         0x00000000   Number         0  defsig_pvfn_inner.o ABSOLUTE
    ../clib/signal.c                         0x00000000   Number         0  defsig_segv_inner.o ABSOLUTE
    ../clib/signal.c                         0x00000000   Number         0  defsig_other.o ABSOLUTE
    ../clib/signal.c                         0x00000000   Number         0  __raise.o ABSOLUTE
    ../clib/signal.c                         0x00000000   Number         0  defsig_general.o ABSOLUTE
    ../clib/signal.c                         0x00000000   Number         0  defsig_cppl_inner.o ABSOLUTE
    ../clib/signal.s                         0x00000000   Number         0  defsig.o ABSOLUTE
    ../clib/stdlib.c                         0x00000000   Number         0  exit.o ABSOLUTE
    ../clib/string.c                         0x00000000   Number         0  strcmp.o ABSOLUTE
    ../fplib/cfplib/cmpret.c                 0x00000000   Number         0  cmpret.o ABSOLUTE
    ../fplib/cfplib/d2f.c                    0x00000000   Number         0  d2f.o ABSOLUTE
    ../fplib/cfplib/daddsub.c                0x00000000   Number         0  daddsub.o ABSOLUTE
    ../fplib/cfplib/dcmpin.c                 0x00000000   Number         0  dcmpin.o ABSOLUTE
    ../fplib/cfplib/ddiv.c                   0x00000000   Number         0  ddiv.o ABSOLUTE
    ../fplib/cfplib/dmul.c                   0x00000000   Number         0  dmul.o ABSOLUTE
    ../fplib/cfplib/f2d.c                    0x00000000   Number         0  f2d.o ABSOLUTE
    ../fplib/cfplib/fdiv.c                   0x00000000   Number         0  fdiv.o ABSOLUTE
    ../fplib/cfplib/fflt.c                   0x00000000   Number         0  fflti.o ABSOLUTE
    ../fplib/cfplib/fpinit.c                 0x00000000   Number         0  fpinit.o ABSOLUTE
    ../fplib/cfplib/ieee_status.c            0x00000000   Number         0  ieee_status.o ABSOLUTE
    ../fplib/cfplib/nan2.c                   0x00000000   Number         0  dnan2.o ABSOLUTE
    ../fplib/cfplib/retnan.c                 0x00000000   Number         0  retnan.o ABSOLUTE
    ../fplib/dleqf6m.s                       0x00000000   Number         0  dlef.o ABSOLUTE
    ../fplib/faddsub6m.s                     0x00000000   Number         0  faddsub.o ABSOLUTE
    ../fplib/fmul6m.s                        0x00000000   Number         0  fmul.o ABSOLUTE
    ../fplib/printf1.s                       0x00000000   Number         0  printf1.o ABSOLUTE
    ../fplib/usenofp.s                       0x00000000   Number         0  usenofp.o ABSOLUTE
    ../mathlib/fpclassify.c                  0x00000000   Number         0  fpclassify.o ABSOLUTE
    ..\..\Libraries\Common\common.c          0x00000000   Number         0  common.o ABSOLUTE
    ..\..\Libraries\Common\retarget.c        0x00000000   Number         0  retarget.o ABSOLUTE
    ..\..\Libraries\Common\startup_M051.s    0x00000000   Number         0  startup_m051.o ABSOLUTE
    ..\..\Libraries\MiP_Libraries\Encoders\Encoders.c 0x00000000   Number         0  encoders.o ABSOLUTE
    ..\..\Libraries\MiP_Libraries\GPIO\GPIO.c 0x00000000   Number         0  gpio.o ABSOLUTE
    ..\..\Libraries\MiP_Libraries\System_Clock\System_Clock.c 0x00000000   Number         0  system_clock.o ABSOLUTE
    ..\..\Libraries\MiP_Libraries\UART\UART.c 0x00000000   Number         0  uart.o ABSOLUTE
    Source\Encoders_test.c                   0x00000000   Number         0  encoders_test.o ABSOLUTE
    dc.s                                     0x00000000   Number         0  dc.o ABSOLUTE
    !!!main                                  0x000000c0   Section        8  __main.o(!!!main)
    !!!scatter                               0x000000c8   Section       60  __scatter.o(!!!scatter)
    !!handler_copy                           0x00000104   Section       26  __scatter_copy.o(!!handler_copy)
    !!handler_zi                             0x00000120   Section       28  __scatter_zi.o(!!handler_zi)
    .ARM.Collect$$_printf_percent$$00000000  0x0000013c   Section        2  _printf_percent.o(.ARM.Collect$$_printf_percent$$00000000)
    .ARM.Collect$$_printf_percent$$00000003  0x0000013e   Section       10  _printf_f.o(.ARM.Collect$$_printf_percent$$00000003)
    .ARM.Collect$$_printf_percent$$00000017  0x00000148   Section        4  _printf_percent_end.o(.ARM.Collect$$_printf_percent$$00000017)
    .ARM.Collect$$libinit$$00000000          0x0000014c   Section        2  libinit.o(.ARM.Collect$$libinit$$00000000)
    .ARM.Collect$$libinit$$00000001          0x0000014e   Section        4  libinit2.o(.ARM.Collect$$libinit$$00000001)
    .ARM.Collect$$libinit$$00000008          0x00000152   Section        0  libinit2.o(.ARM.Collect$$libinit$$00000008)
    .ARM.Collect$$libinit$$0000000A          0x00000152   Section        0  libinit2.o(.ARM.Collect$$libinit$$0000000A)
    .ARM.Collect$$libinit$$0000000C          0x00000152   Section        0  libinit2.o(.ARM.Collect$$libinit$$0000000C)
    .ARM.Collect$$libinit$$0000000D          0x00000152   Section        6  libinit2.o(.ARM.Collect$$libinit$$0000000D)
    .ARM.Collect$$libinit$$0000000F          0x00000158   Section        0  libinit2.o(.ARM.Collect$$libinit$$0000000F)
    .ARM.Collect$$libinit$$00000011          0x00000158   Section        0  libinit2.o(.ARM.Collect$$libinit$$00000011)
    .ARM.Collect$$libinit$$00000013          0x00000158   Section        0  libinit2.o(.ARM.Collect$$libinit$$00000013)
    .ARM.Collect$$libinit$$00000014          0x00000158   Section       10  libinit2.o(.ARM.Collect$$libinit$$00000014)
    .ARM.Collect$$libinit$$00000015          0x00000162   Section        0  libinit2.o(.ARM.Collect$$libinit$$00000015)
    .ARM.Collect$$libinit$$00000017          0x00000162   Section        0  libinit2.o(.ARM.Collect$$libinit$$00000017)
    .ARM.Collect$$libinit$$00000019          0x00000162   Section        0  libinit2.o(.ARM.Collect$$libinit$$00000019)
    .ARM.Collect$$libinit$$0000001B          0x00000162   Section        0  libinit2.o(.ARM.Collect$$libinit$$0000001B)
    .ARM.Collect$$libinit$$0000001D          0x00000162   Section        0  libinit2.o(.ARM.Collect$$libinit$$0000001D)
    .ARM.Collect$$libinit$$0000001F          0x00000162   Section        0  libinit2.o(.ARM.Collect$$libinit$$0000001F)
    .ARM.Collect$$libinit$$00000021          0x00000162   Section        0  libinit2.o(.ARM.Collect$$libinit$$00000021)
    .ARM.Collect$$libinit$$00000023          0x00000162   Section        0  libinit2.o(.ARM.Collect$$libinit$$00000023)
    .ARM.Collect$$libinit$$0000002A          0x00000162   Section        0  libinit2.o(.ARM.Collect$$libinit$$0000002A)
    .ARM.Collect$$libinit$$0000002C          0x00000162   Section        0  libinit2.o(.ARM.Collect$$libinit$$0000002C)
    .ARM.Collect$$libinit$$0000002E          0x00000162   Section        0  libinit2.o(.ARM.Collect$$libinit$$0000002E)
    .ARM.Collect$$libinit$$00000030          0x00000162   Section        0  libinit2.o(.ARM.Collect$$libinit$$00000030)
    .ARM.Collect$$libinit$$00000031          0x00000162   Section        2  libinit2.o(.ARM.Collect$$libinit$$00000031)
    .ARM.Collect$$libshutdown$$00000000      0x00000164   Section        2  libshutdown.o(.ARM.Collect$$libshutdown$$00000000)
    .ARM.Collect$$libshutdown$$00000003      0x00000166   Section        0  libshutdown2.o(.ARM.Collect$$libshutdown$$00000003)
    .ARM.Collect$$libshutdown$$00000006      0x00000166   Section        0  libshutdown2.o(.ARM.Collect$$libshutdown$$00000006)
    .ARM.Collect$$libshutdown$$00000009      0x00000166   Section        0  libshutdown2.o(.ARM.Collect$$libshutdown$$00000009)
    .ARM.Collect$$libshutdown$$0000000B      0x00000166   Section        0  libshutdown2.o(.ARM.Collect$$libshutdown$$0000000B)
    .ARM.Collect$$libshutdown$$0000000E      0x00000166   Section        0  libshutdown2.o(.ARM.Collect$$libshutdown$$0000000E)
    .ARM.Collect$$libshutdown$$0000000F      0x00000166   Section        2  libshutdown2.o(.ARM.Collect$$libshutdown$$0000000F)
    .ARM.Collect$$rtentry$$00000000          0x00000168   Section        0  rtentry.o(.ARM.Collect$$rtentry$$00000000)
    .ARM.Collect$$rtentry$$00000002          0x00000168   Section        0  rtentry2.o(.ARM.Collect$$rtentry$$00000002)
    .ARM.Collect$$rtentry$$00000004          0x00000168   Section        6  rtentry4.o(.ARM.Collect$$rtentry$$00000004)
    .ARM.Collect$$rtentry$$00000009          0x0000016e   Section        0  rtentry2.o(.ARM.Collect$$rtentry$$00000009)
    .ARM.Collect$$rtentry$$0000000A          0x0000016e   Section        4  rtentry2.o(.ARM.Collect$$rtentry$$0000000A)
    .ARM.Collect$$rtentry$$0000000C          0x00000172   Section        0  rtentry2.o(.ARM.Collect$$rtentry$$0000000C)
    .ARM.Collect$$rtentry$$0000000D          0x00000172   Section        8  rtentry2.o(.ARM.Collect$$rtentry$$0000000D)
    .ARM.Collect$$rtexit$$00000000           0x0000017a   Section        2  rtexit.o(.ARM.Collect$$rtexit$$00000000)
    .ARM.Collect$$rtexit$$00000002           0x0000017c   Section        0  rtexit2.o(.ARM.Collect$$rtexit$$00000002)
    .ARM.Collect$$rtexit$$00000003           0x0000017c   Section        4  rtexit2.o(.ARM.Collect$$rtexit$$00000003)
    .ARM.Collect$$rtexit$$00000004           0x00000180   Section        6  rtexit2.o(.ARM.Collect$$rtexit$$00000004)
    .text                                    0x00000188   Section        0  encoders_test.o(.text)
    .text                                    0x00000208   Section        0  common.o(.text)
    .text                                    0x00000270   Section        0  retarget.o(.text)
    .text                                    0x000002ec   Section       92  startup_m051.o(.text)
    Default_Handler                          0x00000317   Thumb Code     2  startup_m051.o(.text)
    .text                                    0x00000348   Section        0  uart.o(.text)
    .text                                    0x000005a4   Section        0  encoders.o(.text)
    .text                                    0x00000b18   Section        0  system_clock.o(.text)
    .text                                    0x00000c40   Section        0  gpio.o(.text)
    .text                                    0x00000f18   Section        0  noretval__2printf.o(.text)
    .text                                    0x00000f34   Section        0  __printf_wp.o(.text)
    .text                                    0x00001042   Section      346  aeabi_sdiv.o(.text)
    .text                                    0x0000119c   Section        0  heapauxi.o(.text)
    .text                                    0x000011a4   Section        0  d2f.o(.text)
    .text                                    0x00001220   Section        0  daddsub.o(.text)
    _dadd1                                   0x00001221   Thumb Code   290  daddsub.o(.text)
    _dsub1                                   0x00001343   Thumb Code   470  daddsub.o(.text)
    .text                                    0x00001570   Section        0  ddiv.o(.text)
    .text                                    0x000019b8   Section        0  dmul.o(.text)
    .text                                    0x00001c20   Section        0  f2d.o(.text)
    .text                                    0x00001c74   Section        0  fdiv.o(.text)
    .text                                    0x00001dd4   Section        0  fflti.o(.text)
    .text                                    0x00001e34   Section        0  _printf_fp_dec.o(.text)
    _fp_digits                               0x00001e37   Thumb Code   408  _printf_fp_dec.o(.text)
    .text                                    0x00002248   Section        0  _printf_char_file.o(.text)
    .text                                    0x00002270   Section        0  dcmpin.o(.text)
    .text                                    0x00002300   Section        8  rt_locale_intlibspace.o(.text)
    .text                                    0x00002308   Section        0  lludiv10.o(.text)
    .text                                    0x00002384   Section        0  _printf_char_common.o(.text)
    _printf_input_char                       0x00002385   Thumb Code    10  _printf_char_common.o(.text)
    .text                                    0x000023b4   Section        0  _printf_fp_infnan.o(.text)
    .text                                    0x0000243c   Section        0  bigflt0.o(.text)
    .text                                    0x00002504   Section        0  btod.o(.text)
    btod_internal_mul                        0x00002545   Thumb Code   456  btod.o(.text)
    btod_internal_div                        0x0000270d   Thumb Code   494  btod.o(.text)
    .text                                    0x000029ac   Section        0  rtudiv10.o(.text)
    .text                                    0x000029d4   Section        0  cmpret.o(.text)
    .text                                    0x00002a04   Section        0  dnan2.o(.text)
    .text                                    0x00002a18   Section        8  libspace.o(.text)
    .text                                    0x00002a20   Section       62  sys_stackheap_outer.o(.text)
    .text                                    0x00002a5e   Section        0  exit.o(.text)
    .text                                    0x00002a6c   Section        0  strcmp.o(.text)
    .text                                    0x00002af4   Section        0  retnan.o(.text)
    .text                                    0x00002b54   Section        0  sys_exit.o(.text)
    .text                                    0x00002b60   Section        2  use_no_semi.o(.text)
    .text                                    0x00002b62   Section        0  indicate_semi.o(.text)
    i.__ARM_common_ll_muluu                  0x00002b62   Section        0  btod.o(i.__ARM_common_ll_muluu)
    i.__ARM_common_switch8                   0x00002b92   Section        0  gpio.o(i.__ARM_common_switch8)
    i.__ARM_fpclassify                       0x00002bb0   Section        0  fpclassify.o(i.__ARM_fpclassify)
    i._is_digit                              0x00002bdc   Section        0  __printf_wp.o(i._is_digit)
    locale$$code                             0x00002bec   Section       44  lc_numeric_c.o(locale$$code)
    x$fpl$dleqf                              0x00002c18   Section      100  dlef.o(x$fpl$dleqf)
    x$fpl$fadd                               0x00002c7c   Section      140  faddsub.o(x$fpl$fadd)
    _fadd1                                   0x00002c89   Thumb Code     0  faddsub.o(x$fpl$fadd)
    x$fpl$fmul                               0x00002d08   Section      176  fmul.o(x$fpl$fmul)
    x$fpl$fsub                               0x00002db8   Section      208  faddsub.o(x$fpl$fsub)
    _fsub1                                   0x00002dc5   Thumb Code     0  faddsub.o(x$fpl$fsub)
    x$fpl$printf1                            0x00002e88   Section       16  printf1.o(x$fpl$printf1)
    .constdata                               0x00002e98   Section      128  ddiv.o(.constdata)
    x$fpl$usenofp                            0x00002e98   Section        0  usenofp.o(x$fpl$usenofp)
    ddiv_reciptbl                            0x00002e98   Data         128  ddiv.o(.constdata)
    .constdata                               0x00002f18   Section       64  fdiv.o(.constdata)
    fdiv_tab                                 0x00002f18   Data          64  fdiv.o(.constdata)
    .constdata                               0x00002f58   Section      148  bigflt0.o(.constdata)
    tenpwrs_x                                0x00002f58   Data          60  bigflt0.o(.constdata)
    tenpwrs_i                                0x00002f94   Data          64  bigflt0.o(.constdata)
    locale$$data                             0x0000300c   Section       28  lc_numeric_c.o(locale$$data)
    __lcnum_c_name                           0x00003010   Data           2  lc_numeric_c.o(locale$$data)
    __lcnum_c_start                          0x00003018   Data           0  lc_numeric_c.o(locale$$data)
    __lcnum_c_point                          0x00003024   Data           0  lc_numeric_c.o(locale$$data)
    __lcnum_c_thousands                      0x00003026   Data           0  lc_numeric_c.o(locale$$data)
    __lcnum_c_grouping                       0x00003027   Data           0  lc_numeric_c.o(locale$$data)
    __lcnum_c_end                            0x00003028   Data           0  lc_numeric_c.o(locale$$data)
    .data                                    0x20000000   Section        4  encoders_test.o(.data)
    Timer_Count                              0x20000000   Data           4  encoders_test.o(.data)
    .data                                    0x20000004   Section        8  retarget.o(.data)
    .data                                    0x2000000c   Section        8  uart.o(.data)
    .data                                    0x20000014   Section       32  encoders.o(.data)
    .data                                    0x20000034   Section       16  system_clock.o(.data)
    .bss                                     0x20000044   Section       12  uart.o(.bss)
    .bss                                     0x20000050   Section       24  encoders.o(.bss)
    .bss                                     0x20000068   Section       96  libspace.o(.bss)
    HEAP                                     0x200000c8   Section        0  startup_m051.o(HEAP)
    STACK                                    0x200000c8   Section     1024  startup_m051.o(STACK)
    Heap_Mem                                 0x200000c8   Data           0  startup_m051.o(HEAP)
    Stack_Mem                                0x200000c8   Data        1024  startup_m051.o(STACK)
    __initial_sp                             0x200004c8   Data           0  startup_m051.o(STACK)

    Global Symbols

    Symbol Name                              Value     Ov Type        Size  Object(Section)

    BuildAttributes$$THM_ISAv3M$S$PE$A:L22$X:L11$S22$IEEE1$IW$USESV6$~STKCKD$USESV7$~SHL$OTIME$ROPI$IEEEJ$EBA8$UX$STANDARDLIB$REQ8$PRES8$EABIv2 0x00000000   Number         0  anon$$obj.o ABSOLUTE
    __ARM_use_no_argv                        0x00000000   Number         0  encoders_test.o ABSOLUTE
    __Vectors                                0x00000000   Data           4  startup_m051.o(RESET)
    _printf_flags                            0x00000000   Number         0  printf_stubs.o ABSOLUTE
    _printf_return_value                     0x00000000   Number         0  printf_stubs.o ABSOLUTE
    _printf_sizespec                         0x00000000   Number         0  printf_stubs.o ABSOLUTE
    _printf_widthprec                        0x00000000   Number         0  printf_stubs.o ABSOLUTE
    __ARM_exceptions_init                     - Undefined Weak Reference
    __alloca_initialize                       - Undefined Weak Reference
    __cpp_initialize__aeabi_                  - Undefined Weak Reference
    __cxa_finalize                            - Undefined Weak Reference
    __sigvec_lookup                           - Undefined Weak Reference
    _atexit_init                              - Undefined Weak Reference
    _call_atexit_fns                          - Undefined Weak Reference
    _clock_init                               - Undefined Weak Reference
    _fp_trap_init                             - Undefined Weak Reference
    _fp_trap_shutdown                         - Undefined Weak Reference
    _get_lc_collate                           - Undefined Weak Reference
    _get_lc_ctype                             - Undefined Weak Reference
    _get_lc_monetary                          - Undefined Weak Reference
    _get_lc_time                              - Undefined Weak Reference
    _getenv_init                              - Undefined Weak Reference
    _handle_redirection                       - Undefined Weak Reference
    _init_alloc                               - Undefined Weak Reference
    _init_user_alloc                          - Undefined Weak Reference
    _initio                                   - Undefined Weak Reference
    _printf_post_padding                      - Undefined Weak Reference
    _printf_pre_padding                       - Undefined Weak Reference
    _rand_init                                - Undefined Weak Reference
    _signal_finish                            - Undefined Weak Reference
    _signal_init                              - Undefined Weak Reference
    _terminate_alloc                          - Undefined Weak Reference
    _terminate_user_alloc                     - Undefined Weak Reference
    _terminateio                              - Undefined Weak Reference
    __main                                   0x000000c1   Thumb Code     8  __main.o(!!!main)
    __scatterload                            0x000000c9   Thumb Code     0  __scatter.o(!!!scatter)
    __scatterload_rt2                        0x000000c9   Thumb Code    52  __scatter.o(!!!scatter)
    __scatterload_rt2_thumb_only             0x000000c9   Thumb Code     0  __scatter.o(!!!scatter)
    __scatterload_null                       0x000000d9   Thumb Code     0  __scatter.o(!!!scatter)
    __scatterload_copy                       0x00000105   Thumb Code    26  __scatter_copy.o(!!handler_copy)
    __scatterload_zeroinit                   0x00000121   Thumb Code    28  __scatter_zi.o(!!handler_zi)
    _printf_percent                          0x0000013d   Thumb Code     0  _printf_percent.o(.ARM.Collect$$_printf_percent$$00000000)
    _printf_f                                0x0000013f   Thumb Code     0  _printf_f.o(.ARM.Collect$$_printf_percent$$00000003)
    _printf_percent_end                      0x00000149   Thumb Code     0  _printf_percent_end.o(.ARM.Collect$$_printf_percent$$00000017)
    __rt_lib_init                            0x0000014d   Thumb Code     0  libinit.o(.ARM.Collect$$libinit$$00000000)
    __rt_lib_init_fp_1                       0x0000014f   Thumb Code     0  libinit2.o(.ARM.Collect$$libinit$$00000001)
    __rt_lib_init_heap_1                     0x00000153   Thumb Code     0  libinit2.o(.ARM.Collect$$libinit$$00000008)
    __rt_lib_init_lc_common                  0x00000153   Thumb Code     0  libinit2.o(.ARM.Collect$$libinit$$0000000D)
    __rt_lib_init_rand_1                     0x00000153   Thumb Code     0  libinit2.o(.ARM.Collect$$libinit$$0000000C)
    __rt_lib_init_user_alloc_1               0x00000153   Thumb Code     0  libinit2.o(.ARM.Collect$$libinit$$0000000A)
    __rt_lib_init_lc_collate_1               0x00000159   Thumb Code     0  libinit2.o(.ARM.Collect$$libinit$$0000000F)
    __rt_lib_init_lc_ctype_1                 0x00000159   Thumb Code     0  libinit2.o(.ARM.Collect$$libinit$$00000011)
    __rt_lib_init_lc_monetary_1              0x00000159   Thumb Code     0  libinit2.o(.ARM.Collect$$libinit$$00000013)
    __rt_lib_init_lc_numeric_2               0x00000159   Thumb Code     0  libinit2.o(.ARM.Collect$$libinit$$00000014)
    __rt_lib_init_alloca_1                   0x00000163   Thumb Code     0  libinit2.o(.ARM.Collect$$libinit$$0000002C)
    __rt_lib_init_argv_1                     0x00000163   Thumb Code     0  libinit2.o(.ARM.Collect$$libinit$$0000002A)
    __rt_lib_init_atexit_1                   0x00000163   Thumb Code     0  libinit2.o(.ARM.Collect$$libinit$$00000019)
    __rt_lib_init_clock_1                    0x00000163   Thumb Code     0  libinit2.o(.ARM.Collect$$libinit$$0000001F)
    __rt_lib_init_cpp_1                      0x00000163   Thumb Code     0  libinit2.o(.ARM.Collect$$libinit$$00000030)
    __rt_lib_init_exceptions_1               0x00000163   Thumb Code     0  libinit2.o(.ARM.Collect$$libinit$$0000002E)
    __rt_lib_init_fp_trap_1                  0x00000163   Thumb Code     0  libinit2.o(.ARM.Collect$$libinit$$0000001D)
    __rt_lib_init_getenv_1                   0x00000163   Thumb Code     0  libinit2.o(.ARM.Collect$$libinit$$00000021)
    __rt_lib_init_lc_numeric_1               0x00000163   Thumb Code     0  libinit2.o(.ARM.Collect$$libinit$$00000015)
    __rt_lib_init_lc_time_1                  0x00000163   Thumb Code     0  libinit2.o(.ARM.Collect$$libinit$$00000017)
    __rt_lib_init_return                     0x00000163   Thumb Code     0  libinit2.o(.ARM.Collect$$libinit$$00000031)
    __rt_lib_init_signal_1                   0x00000163   Thumb Code     0  libinit2.o(.ARM.Collect$$libinit$$0000001B)
    __rt_lib_init_stdio_1                    0x00000163   Thumb Code     0  libinit2.o(.ARM.Collect$$libinit$$00000023)
    __rt_lib_shutdown                        0x00000165   Thumb Code     0  libshutdown.o(.ARM.Collect$$libshutdown$$00000000)
    __rt_lib_shutdown_fp_trap_1              0x00000167   Thumb Code     0  libshutdown2.o(.ARM.Collect$$libshutdown$$00000006)
    __rt_lib_shutdown_heap_1                 0x00000167   Thumb Code     0  libshutdown2.o(.ARM.Collect$$libshutdown$$0000000E)
    __rt_lib_shutdown_return                 0x00000167   Thumb Code     0  libshutdown2.o(.ARM.Collect$$libshutdown$$0000000F)
    __rt_lib_shutdown_signal_1               0x00000167   Thumb Code     0  libshutdown2.o(.ARM.Collect$$libshutdown$$00000009)
    __rt_lib_shutdown_stdio_1                0x00000167   Thumb Code     0  libshutdown2.o(.ARM.Collect$$libshutdown$$00000003)
    __rt_lib_shutdown_user_alloc_1           0x00000167   Thumb Code     0  libshutdown2.o(.ARM.Collect$$libshutdown$$0000000B)
    __rt_entry                               0x00000169   Thumb Code     0  rtentry.o(.ARM.Collect$$rtentry$$00000000)
    __rt_entry_presh_1                       0x00000169   Thumb Code     0  rtentry2.o(.ARM.Collect$$rtentry$$00000002)
    __rt_entry_sh                            0x00000169   Thumb Code     0  rtentry4.o(.ARM.Collect$$rtentry$$00000004)
    __rt_entry_li                            0x0000016f   Thumb Code     0  rtentry2.o(.ARM.Collect$$rtentry$$0000000A)
    __rt_entry_postsh_1                      0x0000016f   Thumb Code     0  rtentry2.o(.ARM.Collect$$rtentry$$00000009)
    __rt_entry_main                          0x00000173   Thumb Code     0  rtentry2.o(.ARM.Collect$$rtentry$$0000000D)
    __rt_entry_postli_1                      0x00000173   Thumb Code     0  rtentry2.o(.ARM.Collect$$rtentry$$0000000C)
    __rt_exit                                0x0000017b   Thumb Code     0  rtexit.o(.ARM.Collect$$rtexit$$00000000)
    __rt_exit_ls                             0x0000017d   Thumb Code     0  rtexit2.o(.ARM.Collect$$rtexit$$00000003)
    __rt_exit_prels_1                        0x0000017d   Thumb Code     0  rtexit2.o(.ARM.Collect$$rtexit$$00000002)
    __rt_exit_exit                           0x00000181   Thumb Code     0  rtexit2.o(.ARM.Collect$$rtexit$$00000004)
    main                                     0x00000189   Thumb Code   116  encoders_test.o(.text)
    Un_Lock_Reg                              0x00000209   Thumb Code    16  common.o(.text)
    Lock_Reg                                 0x00000219   Thumb Code     8  common.o(.text)
    PLL_Enable                               0x00000221   Thumb Code    16  common.o(.text)
    Short_Delay                              0x00000231   Thumb Code    18  common.o(.text)
    NSR_Enable                               0x00000243   Thumb Code    14  common.o(.text)
    NSR_Disable                              0x00000251   Thumb Code    16  common.o(.text)
    SendChar                                 0x00000271   Thumb Code    48  retarget.o(.text)
    GetCharPU20                              0x000002a1   Thumb Code    26  retarget.o(.text)
    _ttywrch                                 0x000002bb   Thumb Code    12  retarget.o(.text)
    fputc                                    0x000002c7   Thumb Code    16  retarget.o(.text)
    fgetc                                    0x000002d7   Thumb Code    10  retarget.o(.text)
    ferror                                   0x000002e1   Thumb Code     8  retarget.o(.text)
    Reset_Handler                            0x000002ed   Thumb Code    32  startup_m051.o(.text)
    NMI_Handler                              0x0000030d   Thumb Code     2  startup_m051.o(.text)
    HardFault_Handler                        0x0000030f   Thumb Code     2  startup_m051.o(.text)
    SVC_Handler                              0x00000311   Thumb Code     2  startup_m051.o(.text)
    PendSV_Handler                           0x00000313   Thumb Code     2  startup_m051.o(.text)
    ADC_IRQHandler                           0x00000317   Thumb Code     0  startup_m051.o(.text)
    BOD_IRQHandler                           0x00000317   Thumb Code     0  startup_m051.o(.text)
    EINT0_IRQHandler                         0x00000317   Thumb Code     0  startup_m051.o(.text)
    EINT1_IRQHandler                         0x00000317   Thumb Code     0  startup_m051.o(.text)
    I2C_IRQHandler                           0x00000317   Thumb Code     0  startup_m051.o(.text)
    PWMA_IRQHandler                          0x00000317   Thumb Code     0  startup_m051.o(.text)
    PWMB_IRQHandler                          0x00000317   Thumb Code     0  startup_m051.o(.text)
    PWRWU_IRQHandler                         0x00000317   Thumb Code     0  startup_m051.o(.text)
    SPI0_IRQHandler                          0x00000317   Thumb Code     0  startup_m051.o(.text)
    SPI1_IRQHandler                          0x00000317   Thumb Code     0  startup_m051.o(.text)
    TMR0_IRQHandler                          0x00000317   Thumb Code     0  startup_m051.o(.text)
    TMR1_IRQHandler                          0x00000317   Thumb Code     0  startup_m051.o(.text)
    TMR2_IRQHandler                          0x00000317   Thumb Code     0  startup_m051.o(.text)
    TMR3_IRQHandler                          0x00000317   Thumb Code     0  startup_m051.o(.text)
    UART1_IRQHandler                         0x00000317   Thumb Code     0  startup_m051.o(.text)
    WDT_IRQHandler                           0x00000317   Thumb Code     0  startup_m051.o(.text)
    __user_initial_stackheap                 0x00000319   Thumb Code     0  startup_m051.o(.text)
    parseUART0buffer                         0x00000349   Thumb Code   230  uart.o(.text)
    Init_Uart0                               0x0000042f   Thumb Code   254  uart.o(.text)
    UART0_IRQHandler                         0x0000052d   Thumb Code    78  uart.o(.text)
    Init_Port4_Ext_Int                       0x000005a5   Thumb Code   152  encoders.o(.text)
    Init_Port0_Ext_Int                       0x0000063d   Thumb Code   172  encoders.o(.text)
    Init_Encoders                            0x000006e9   Thumb Code    12  encoders.o(.text)
    Encoder_Update                           0x000006f5   Thumb Code    30  encoders.o(.text)
    reset_Encoder                            0x00000713   Thumb Code    12  encoders.o(.text)
    encVelWMA_R                              0x0000071f   Thumb Code   192  encoders.o(.text)
    encVelWMA_L                              0x000007df   Thumb Code   192  encoders.o(.text)
    encVelLP_R                               0x0000089f   Thumb Code   118  encoders.o(.text)
    encVelLP_L                               0x00000915   Thumb Code   224  encoders.o(.text)
    get_encoderLcount                        0x000009f5   Thumb Code     6  encoders.o(.text)
    get_encoderRcount                        0x000009fb   Thumb Code     6  encoders.o(.text)
    Outputs4Debugging_Encoders               0x00000a01   Thumb Code    40  encoders.o(.text)
    GPIOP0P1_IRQHandler                      0x00000a29   Thumb Code   112  encoders.o(.text)
    GPIOP2P3P4_IRQHandler                    0x00000a99   Thumb Code    94  encoders.o(.text)
    Init_System_Clocks_PLL                   0x00000b19   Thumb Code    76  system_clock.o(.text)
    Init_System_Clocks_External_12MHz        0x00000b65   Thumb Code    74  system_clock.o(.text)
    Init_System_Millis_Timer                 0x00000baf   Thumb Code    46  system_clock.o(.text)
    millis                                   0x00000bdd   Thumb Code    50  system_clock.o(.text)
    Reset_millis                             0x00000c0f   Thumb Code     8  system_clock.o(.text)
    SysTick_Handler                          0x00000c17   Thumb Code    12  system_clock.o(.text)
    Init_GPIO_Output                         0x00000c41   Thumb Code   216  gpio.o(.text)
    Init_GPIO_Input                          0x00000d19   Thumb Code   212  gpio.o(.text)
    digitalWrite                             0x00000ded   Thumb Code   224  gpio.o(.text)
    digitalRead                              0x00000ecd   Thumb Code    68  gpio.o(.text)
    __2printf                                0x00000f19   Thumb Code    22  noretval__2printf.o(.text)
    __printf                                 0x00000f35   Thumb Code   270  __printf_wp.o(.text)
    __aeabi_uidiv                            0x00001043   Thumb Code     0  aeabi_sdiv.o(.text)
    __aeabi_uidivmod                         0x00001043   Thumb Code    20  aeabi_sdiv.o(.text)
    __aeabi_idiv                             0x00001057   Thumb Code     0  aeabi_sdiv.o(.text)
    __aeabi_idivmod                          0x00001057   Thumb Code   326  aeabi_sdiv.o(.text)
    __use_two_region_memory                  0x0000119d   Thumb Code     2  heapauxi.o(.text)
    __rt_heap_escrow$2region                 0x0000119f   Thumb Code     2  heapauxi.o(.text)
    __rt_heap_expand$2region                 0x000011a1   Thumb Code     2  heapauxi.o(.text)
    __aeabi_d2f                              0x000011a5   Thumb Code     0  d2f.o(.text)
    _d2f                                     0x000011a5   Thumb Code   120  d2f.o(.text)
    __aeabi_dadd                             0x00001519   Thumb Code     0  daddsub.o(.text)
    _dadd                                    0x00001519   Thumb Code    22  daddsub.o(.text)
    __aeabi_dsub                             0x0000152f   Thumb Code     0  daddsub.o(.text)
    _dsub                                    0x0000152f   Thumb Code    22  daddsub.o(.text)
    __aeabi_drsub                            0x00001545   Thumb Code     0  daddsub.o(.text)
    _drsb                                    0x00001545   Thumb Code    24  daddsub.o(.text)
    __aeabi_ddiv                             0x00001571   Thumb Code     0  ddiv.o(.text)
    _ddiv                                    0x00001571   Thumb Code  1072  ddiv.o(.text)
    _drdiv                                   0x000019a1   Thumb Code    20  ddiv.o(.text)
    __aeabi_dmul                             0x000019b9   Thumb Code     0  dmul.o(.text)
    _dmul                                    0x000019b9   Thumb Code   592  dmul.o(.text)
    __aeabi_f2d                              0x00001c21   Thumb Code     0  f2d.o(.text)
    _f2d                                     0x00001c21   Thumb Code    80  f2d.o(.text)
    __aeabi_fdiv                             0x00001c75   Thumb Code     0  fdiv.o(.text)
    _fdiv                                    0x00001c75   Thumb Code   336  fdiv.o(.text)
    _frdiv                                   0x00001dc5   Thumb Code     8  fdiv.o(.text)
    __aeabi_i2f_normalise                    0x00001dd5   Thumb Code    72  fflti.o(.text)
    __aeabi_i2f                              0x00001e1d   Thumb Code    16  fflti.o(.text)
    _fflt                                    0x00001e1d   Thumb Code     0  fflti.o(.text)
    __aeabi_ui2f                             0x00001e2d   Thumb Code     6  fflti.o(.text)
    _ffltu                                   0x00001e2d   Thumb Code     0  fflti.o(.text)
    __lib_sel_fp_printf                      0x00001e35   Thumb Code     2  _printf_fp_dec.o(.text)
    _printf_fp_dec_real                      0x00001fcf   Thumb Code   620  _printf_fp_dec.o(.text)
    _printf_char_file                        0x00002249   Thumb Code    34  _printf_char_file.o(.text)
    __fpl_dcmp_InfNaN                        0x00002271   Thumb Code   140  dcmpin.o(.text)
    __rt_locale                              0x00002301   Thumb Code     8  rt_locale_intlibspace.o(.text)
    _ll_udiv10                               0x00002309   Thumb Code   122  lludiv10.o(.text)
    _printf_char_common                      0x0000238f   Thumb Code    32  _printf_char_common.o(.text)
    _printf_fp_infnan                        0x000023b5   Thumb Code   120  _printf_fp_infnan.o(.text)
    _btod_etento                             0x0000243d   Thumb Code   196  bigflt0.o(.text)
    _btod_d2e                                0x00002505   Thumb Code    64  btod.o(.text)
    _btod_emul                               0x000028fb   Thumb Code    24  btod.o(.text)
    _btod_emuld                              0x00002913   Thumb Code    60  btod.o(.text)
    _btod_ediv                               0x0000294f   Thumb Code    22  btod.o(.text)
    _btod_edivd                              0x00002965   Thumb Code    60  btod.o(.text)
    __rt_udiv10                              0x000029ad   Thumb Code    40  rtudiv10.o(.text)
    __fpl_cmpreturn                          0x000029d5   Thumb Code    44  cmpret.o(.text)
    __fpl_dcheck_NaN2                        0x00002a05   Thumb Code    14  dnan2.o(.text)
    __user_libspace                          0x00002a19   Thumb Code     8  libspace.o(.text)
    __user_perproc_libspace                  0x00002a19   Thumb Code     0  libspace.o(.text)
    __user_perthread_libspace                0x00002a19   Thumb Code     0  libspace.o(.text)
    __user_setup_stackheap                   0x00002a21   Thumb Code    62  sys_stackheap_outer.o(.text)
    exit                                     0x00002a5f   Thumb Code    12  exit.o(.text)
    strcmp                                   0x00002a6d   Thumb Code   132  strcmp.o(.text)
    __fpl_return_NaN                         0x00002af5   Thumb Code    94  retnan.o(.text)
    _sys_exit                                0x00002b55   Thumb Code     8  sys_exit.o(.text)
    __I$use$semihosting                      0x00002b61   Thumb Code     0  use_no_semi.o(.text)
    __use_no_semihosting_swi                 0x00002b61   Thumb Code     2  use_no_semi.o(.text)
    __ARM_common_ll_muluu                    0x00002b63   Thumb Code    48  btod.o(i.__ARM_common_ll_muluu)
    __semihosting_library_function           0x00002b63   Thumb Code     0  indicate_semi.o(.text)
    __ARM_common_switch8                     0x00002b93   Thumb Code    28  gpio.o(i.__ARM_common_switch8)
    __ARM_fpclassify                         0x00002bb1   Thumb Code    40  fpclassify.o(i.__ARM_fpclassify)
    _is_digit                                0x00002bdd   Thumb Code    14  __printf_wp.o(i._is_digit)
    _get_lc_numeric                          0x00002bed   Thumb Code    44  lc_numeric_c.o(locale$$code)
    __aeabi_cdcmple                          0x00002c19   Thumb Code     0  dlef.o(x$fpl$dleqf)
    _dcmple                                  0x00002c19   Thumb Code    94  dlef.o(x$fpl$dleqf)
    __aeabi_fadd                             0x00002c7d   Thumb Code     0  faddsub.o(x$fpl$fadd)
    _fadd                                    0x00002c7d   Thumb Code   134  faddsub.o(x$fpl$fadd)
    __aeabi_fmul                             0x00002d09   Thumb Code     0  fmul.o(x$fpl$fmul)
    _fmul                                    0x00002d09   Thumb Code   172  fmul.o(x$fpl$fmul)
    __aeabi_fsub                             0x00002db9   Thumb Code     0  faddsub.o(x$fpl$fsub)
    _fsub                                    0x00002db9   Thumb Code   204  faddsub.o(x$fpl$fsub)
    _printf_fp_dec                           0x00002e89   Thumb Code    16  printf1.o(x$fpl$printf1)
    __I$use$fp                               0x00002e98   Number         0  usenofp.o(x$fpl$usenofp)
    Region$$Table$$Base                      0x00002fec   Number         0  anon$$obj.o(Region$$Table)
    Region$$Table$$Limit                     0x0000300c   Number         0  anon$$obj.o(Region$$Table)
    __stdout                                 0x20000004   Data           4  retarget.o(.data)
    __stdin                                  0x20000008   Data           4  retarget.o(.data)
    count0                                   0x2000000c   Data           4  uart.o(.data)
    timestamp0                               0x20000010   Data           4  uart.o(.data)
    encoderLcount                            0x20000014   Data           4  encoders.o(.data)
    encoderRcount                            0x20000018   Data           4  encoders.o(.data)
    encoderRcountOld                         0x2000001c   Data           4  encoders.o(.data)
    encoderLcountOld                         0x20000020   Data           4  encoders.o(.data)
    encoderLvelWMA                           0x20000024   Data           4  encoders.o(.data)
    encoderRvelWMA                           0x20000028   Data           4  encoders.o(.data)
    encoderRvelLP                            0x2000002c   Data           4  encoders.o(.data)
    encoderLvelLP                            0x20000030   Data           4  encoders.o(.data)
    time_CPU_Cycle                           0x20000034   Data           4  system_clock.o(.data)
    clkspeed                                 0x20000038   Data           4  system_clock.o(.data)
    time_Millis_Sec                          0x2000003c   Data           4  system_clock.o(.data)
    count                                    0x20000040   Data           4  system_clock.o(.data)
    RX0Data                                  0x20000044   Data          12  uart.o(.bss)
    encoderLold                              0x20000050   Data          12  encoders.o(.bss)
    encoderRold                              0x2000005c   Data          12  encoders.o(.bss)
    __libspace_start                         0x20000068   Data          96  libspace.o(.bss)
    __temporary_stack_top$libspace           0x200000c8   Data           0  libspace.o(.bss)



==============================================================================

Memory Map of the image

  Image Entry point : 0x000002ed

  Load Region LR_1 (Base: 0x00000000, Size: 0x0000306c, Max: 0xffffffff, ABSOLUTE)

    Execution Region ER_RO (Base: 0x00000000, Size: 0x00003028, Max: 0xffffffff, ABSOLUTE)

    Base Addr    Size         Type   Attr      Idx    E Section Name        Object

    0x00000000   0x000000c0   Data   RO           81    RESET               startup_m051.o
    0x000000c0   0x00000008   Code   RO          208  * !!!main             c_p.l(__main.o)
    0x000000c8   0x0000003c   Code   RO          445    !!!scatter          c_p.l(__scatter.o)
    0x00000104   0x0000001a   Code   RO          447    !!handler_copy      c_p.l(__scatter_copy.o)
    0x0000011e   0x00000002   PAD
    0x00000120   0x0000001c   Code   RO          449    !!handler_zi        c_p.l(__scatter_zi.o)
    0x0000013c   0x00000002   Code   RO          201    .ARM.Collect$$_printf_percent$$00000000  c_p.l(_printf_percent.o)
    0x0000013e   0x0000000a   Code   RO          200    .ARM.Collect$$_printf_percent$$00000003  c_p.l(_printf_f.o)
    0x00000148   0x00000004   Code   RO          247    .ARM.Collect$$_printf_percent$$00000017  c_p.l(_printf_percent_end.o)
    0x0000014c   0x00000002   Code   RO          320    .ARM.Collect$$libinit$$00000000  c_p.l(libinit.o)
    0x0000014e   0x00000004   Code   RO          321    .ARM.Collect$$libinit$$00000001  c_p.l(libinit2.o)
    0x00000152   0x00000000   Code   RO          325    .ARM.Collect$$libinit$$00000008  c_p.l(libinit2.o)
    0x00000152   0x00000000   Code   RO          327    .ARM.Collect$$libinit$$0000000A  c_p.l(libinit2.o)
    0x00000152   0x00000000   Code   RO          329    .ARM.Collect$$libinit$$0000000C  c_p.l(libinit2.o)
    0x00000152   0x00000006   Code   RO          330    .ARM.Collect$$libinit$$0000000D  c_p.l(libinit2.o)
    0x00000158   0x00000000   Code   RO          332    .ARM.Collect$$libinit$$0000000F  c_p.l(libinit2.o)
    0x00000158   0x00000000   Code   RO          334    .ARM.Collect$$libinit$$00000011  c_p.l(libinit2.o)
    0x00000158   0x00000000   Code   RO          336    .ARM.Collect$$libinit$$00000013  c_p.l(libinit2.o)
    0x00000158   0x0000000a   Code   RO          337    .ARM.Collect$$libinit$$00000014  c_p.l(libinit2.o)
    0x00000162   0x00000000   Code   RO          338    .ARM.Collect$$libinit$$00000015  c_p.l(libinit2.o)
    0x00000162   0x00000000   Code   RO          340    .ARM.Collect$$libinit$$00000017  c_p.l(libinit2.o)
    0x00000162   0x00000000   Code   RO          342    .ARM.Collect$$libinit$$00000019  c_p.l(libinit2.o)
    0x00000162   0x00000000   Code   RO          344    .ARM.Collect$$libinit$$0000001B  c_p.l(libinit2.o)
    0x00000162   0x00000000   Code   RO          346    .ARM.Collect$$libinit$$0000001D  c_p.l(libinit2.o)
    0x00000162   0x00000000   Code   RO          348    .ARM.Collect$$libinit$$0000001F  c_p.l(libinit2.o)
    0x00000162   0x00000000   Code   RO          350    .ARM.Collect$$libinit$$00000021  c_p.l(libinit2.o)
    0x00000162   0x00000000   Code   RO          352    .ARM.Collect$$libinit$$00000023  c_p.l(libinit2.o)
    0x00000162   0x00000000   Code   RO          356    .ARM.Collect$$libinit$$0000002A  c_p.l(libinit2.o)
    0x00000162   0x00000000   Code   RO          358    .ARM.Collect$$libinit$$0000002C  c_p.l(libinit2.o)
    0x00000162   0x00000000   Code   RO          360    .ARM.Collect$$libinit$$0000002E  c_p.l(libinit2.o)
    0x00000162   0x00000000   Code   RO          362    .ARM.Collect$$libinit$$00000030  c_p.l(libinit2.o)
    0x00000162   0x00000002   Code   RO          363    .ARM.Collect$$libinit$$00000031  c_p.l(libinit2.o)
    0x00000164   0x00000002   Code   RO          411    .ARM.Collect$$libshutdown$$00000000  c_p.l(libshutdown.o)
    0x00000166   0x00000000   Code   RO          430    .ARM.Collect$$libshutdown$$00000003  c_p.l(libshutdown2.o)
    0x00000166   0x00000000   Code   RO          433    .ARM.Collect$$libshutdown$$00000006  c_p.l(libshutdown2.o)
    0x00000166   0x00000000   Code   RO          436    .ARM.Collect$$libshutdown$$00000009  c_p.l(libshutdown2.o)
    0x00000166   0x00000000   Code   RO          438    .ARM.Collect$$libshutdown$$0000000B  c_p.l(libshutdown2.o)
    0x00000166   0x00000000   Code   RO          441    .ARM.Collect$$libshutdown$$0000000E  c_p.l(libshutdown2.o)
    0x00000166   0x00000002   Code   RO          442    .ARM.Collect$$libshutdown$$0000000F  c_p.l(libshutdown2.o)
    0x00000168   0x00000000   Code   RO          238    .ARM.Collect$$rtentry$$00000000  c_p.l(rtentry.o)
    0x00000168   0x00000000   Code   RO          252    .ARM.Collect$$rtentry$$00000002  c_p.l(rtentry2.o)
    0x00000168   0x00000006   Code   RO          264    .ARM.Collect$$rtentry$$00000004  c_p.l(rtentry4.o)
    0x0000016e   0x00000000   Code   RO          254    .ARM.Collect$$rtentry$$00000009  c_p.l(rtentry2.o)
    0x0000016e   0x00000004   Code   RO          255    .ARM.Collect$$rtentry$$0000000A  c_p.l(rtentry2.o)
    0x00000172   0x00000000   Code   RO          257    .ARM.Collect$$rtentry$$0000000C  c_p.l(rtentry2.o)
    0x00000172   0x00000008   Code   RO          258    .ARM.Collect$$rtentry$$0000000D  c_p.l(rtentry2.o)
    0x0000017a   0x00000002   Code   RO          367    .ARM.Collect$$rtexit$$00000000  c_p.l(rtexit.o)
    0x0000017c   0x00000000   Code   RO          382    .ARM.Collect$$rtexit$$00000002  c_p.l(rtexit2.o)
    0x0000017c   0x00000004   Code   RO          383    .ARM.Collect$$rtexit$$00000003  c_p.l(rtexit2.o)
    0x00000180   0x00000006   Code   RO          384    .ARM.Collect$$rtexit$$00000004  c_p.l(rtexit2.o)
    0x00000186   0x00000002   PAD
    0x00000188   0x00000080   Code   RO            1    .text               encoders_test.o
    0x00000208   0x00000068   Code   RO           48    .text               common.o
    0x00000270   0x0000007c   Code   RO           60    .text               retarget.o
    0x000002ec   0x0000005c   Code   RO           82  * .text               startup_m051.o
    0x00000348   0x0000025c   Code   RO           87    .text               uart.o
    0x000005a4   0x00000574   Code   RO          112    .text               encoders.o
    0x00000b18   0x00000128   Code   RO          137    .text               system_clock.o
    0x00000c40   0x000002d8   Code   RO          155    .text               gpio.o
    0x00000f18   0x0000001c   Code   RO          176    .text               c_p.l(noretval__2printf.o)
    0x00000f34   0x0000010e   Code   RO          188    .text               c_p.l(__printf_wp.o)
    0x00001042   0x0000015a   Code   RO          202    .text               c_p.l(aeabi_sdiv.o)
    0x0000119c   0x00000006   Code   RO          206    .text               c_p.l(heapauxi.o)
    0x000011a2   0x00000002   PAD
    0x000011a4   0x0000007c   Code   RO          210    .text               fz_ps.l(d2f.o)
    0x00001220   0x00000350   Code   RO          212    .text               fz_ps.l(daddsub.o)
    0x00001570   0x00000448   Code   RO          214    .text               fz_ps.l(ddiv.o)
    0x000019b8   0x00000268   Code   RO          219    .text               fz_ps.l(dmul.o)
    0x00001c20   0x00000054   Code   RO          221    .text               fz_ps.l(f2d.o)
    0x00001c74   0x00000160   Code   RO          229    .text               fz_ps.l(fdiv.o)
    0x00001dd4   0x0000005e   Code   RO          232    .text               fz_ps.l(fflti.o)
    0x00001e32   0x00000002   PAD
    0x00001e34   0x00000414   Code   RO          243    .text               c_p.l(_printf_fp_dec.o)
    0x00002248   0x00000028   Code   RO          245    .text               c_p.l(_printf_char_file.o)
    0x00002270   0x00000090   Code   RO          248    .text               fz_ps.l(dcmpin.o)
    0x00002300   0x00000008   Code   RO          271    .text               c_p.l(rt_locale_intlibspace.o)
    0x00002308   0x0000007a   Code   RO          273    .text               c_p.l(lludiv10.o)
    0x00002382   0x00000002   PAD
    0x00002384   0x00000030   Code   RO          275    .text               c_p.l(_printf_char_common.o)
    0x000023b4   0x00000088   Code   RO          277    .text               c_p.l(_printf_fp_infnan.o)
    0x0000243c   0x000000c8   Code   RO          279    .text               c_p.l(bigflt0.o)
    0x00002504   0x000004a8   Code   RO          282    .text               c_p.l(btod.o)
    0x000029ac   0x00000028   Code   RO          289    .text               c_p.l(rtudiv10.o)
    0x000029d4   0x00000030   Code   RO          291    .text               fz_ps.l(cmpret.o)
    0x00002a04   0x00000014   Code   RO          293    .text               fz_ps.l(dnan2.o)
    0x00002a18   0x00000008   Code   RO          299    .text               c_p.l(libspace.o)
    0x00002a20   0x0000003e   Code   RO          302    .text               c_p.l(sys_stackheap_outer.o)
    0x00002a5e   0x0000000c   Code   RO          307    .text               c_p.l(exit.o)
    0x00002a6a   0x00000002   PAD
    0x00002a6c   0x00000088   Code   RO          313    .text               c_p.l(strcmp.o)
    0x00002af4   0x0000005e   Code   RO          364    .text               fz_ps.l(retnan.o)
    0x00002b52   0x00000002   PAD
    0x00002b54   0x0000000c   Code   RO          379    .text               c_p.l(sys_exit.o)
    0x00002b60   0x00000002   Code   RO          398    .text               c_p.l(use_no_semi.o)
    0x00002b62   0x00000000   Code   RO          400    .text               c_p.l(indicate_semi.o)
    0x00002b62   0x00000030   Code   RO          284    i.__ARM_common_ll_muluu  c_p.l(btod.o)
    0x00002b92   0x0000001c   Code   RO          164    i.__ARM_common_switch8  gpio.o
    0x00002bae   0x00000002   PAD
    0x00002bb0   0x0000002c   Code   RO          297    i.__ARM_fpclassify  m_ps.l(fpclassify.o)
    0x00002bdc   0x0000000e   Code   RO          190    i._is_digit         c_p.l(__printf_wp.o)
    0x00002bea   0x00000002   PAD
    0x00002bec   0x0000002c   Code   RO          287    locale$$code        c_p.l(lc_numeric_c.o)
    0x00002c18   0x00000064   Code   RO          217    x$fpl$dleqf         fz_ps.l(dlef.o)
    0x00002c7c   0x0000008c   Code   RO          223    x$fpl$fadd          fz_ps.l(faddsub.o)
    0x00002d08   0x000000b0   Code   RO          234    x$fpl$fmul          fz_ps.l(fmul.o)
    0x00002db8   0x000000d0   Code   RO          225    x$fpl$fsub          fz_ps.l(faddsub.o)
    0x00002e88   0x00000010   Code   RO          236    x$fpl$printf1       fz_ps.l(printf1.o)
    0x00002e98   0x00000000   Code   RO          250    x$fpl$usenofp       fz_ps.l(usenofp.o)
    0x00002e98   0x00000080   Data   RO          215    .constdata          fz_ps.l(ddiv.o)
    0x00002f18   0x00000040   Data   RO          230    .constdata          fz_ps.l(fdiv.o)
    0x00002f58   0x00000094   Data   RO          280    .constdata          c_p.l(bigflt0.o)
    0x00002fec   0x00000020   Data   RO          443    Region$$Table       anon$$obj.o
    0x0000300c   0x0000001c   Data   RO          286    locale$$data        c_p.l(lc_numeric_c.o)


    Execution Region ER_RW (Base: 0x20000000, Size: 0x00000044, Max: 0xffffffff, ABSOLUTE)

    Base Addr    Size         Type   Attr      Idx    E Section Name        Object

    0x20000000   0x00000004   Data   RW            2    .data               encoders_test.o
    0x20000004   0x00000008   Data   RW           61    .data               retarget.o
    0x2000000c   0x00000008   Data   RW           89    .data               uart.o
    0x20000014   0x00000020   Data   RW          114    .data               encoders.o
    0x20000034   0x00000010   Data   RW          138    .data               system_clock.o


    Execution Region ER_ZI (Base: 0x20000044, Size: 0x00000484, Max: 0xffffffff, ABSOLUTE)

    Base Addr    Size         Type   Attr      Idx    E Section Name        Object

    0x20000044   0x0000000c   Zero   RW           88    .bss                uart.o
    0x20000050   0x00000018   Zero   RW          113    .bss                encoders.o
    0x20000068   0x00000060   Zero   RW          300    .bss                c_p.l(libspace.o)
    0x200000c8   0x00000000   Zero   RW           80    HEAP                startup_m051.o
    0x200000c8   0x00000400   Zero   RW           79    STACK               startup_m051.o


==============================================================================

Image component sizes


      Code (inc. data)   RO Data    RW Data    ZI Data      Debug   Object Name

       104         16          0          0          0       1053   common.o
      1396        140          0         32         24       4396   encoders.o
       128         12          0          4          0       4975   encoders_test.o
       756         48          0          0          0       1512   gpio.o
       124          4          0          8          0       3301   retarget.o
        92         38        192          0       1024        688   startup_m051.o
       296         30          0         16          0       1688   system_clock.o
       604         42          0          8         12       2107   uart.o

    ----------------------------------------------------------------------
      3502        330        224         68       1060      19720   Object Totals
         0          0         32          0          0          0   (incl. Generated)
         2          0          0          0          0          0   (incl. Padding)

    ----------------------------------------------------------------------

      Code (inc. data)   RO Data    RW Data    ZI Data      Debug   Library Member Name

         8          0          0          0          0         68   __main.o
       284          0          0          0          0        136   __printf_wp.o
        60          8          0          0          0          0   __scatter.o
        26          0          0          0          0          0   __scatter_copy.o
        28          0          0          0          0          0   __scatter_zi.o
        48          6          0          0          0         88   _printf_char_common.o
        40          6          0          0          0         72   _printf_char_file.o
        10          0          0          0          0          0   _printf_f.o
      1044         14          0          0          0        176   _printf_fp_dec.o
       136         16          0          0          0         76   _printf_fp_infnan.o
         2          0          0          0          0          0   _printf_percent.o
         4          0          0          0          0          0   _printf_percent_end.o
       346          0          0          0          0         92   aeabi_sdiv.o
       200          4        148          0          0         80   bigflt0.o
      1240         12          0          0          0        316   btod.o
        12          0          0          0          0         64   exit.o
         6          0          0          0          0        136   heapauxi.o
         0          0          0          0          0          0   indicate_semi.o
        44         10         28          0          0         76   lc_numeric_c.o
         2          0          0          0          0          0   libinit.o
        22          0          0          0          0          0   libinit2.o
         2          0          0          0          0          0   libshutdown.o
         2          0          0          0          0          0   libshutdown2.o
         8          4          0          0         96         68   libspace.o
       122          0          0          0          0         72   lludiv10.o
        28          6          0          0          0         84   noretval__2printf.o
         8          4          0          0          0         68   rt_locale_intlibspace.o
         0          0          0          0          0          0   rtentry.o
        12          0          0          0          0          0   rtentry2.o
         6          0          0          0          0          0   rtentry4.o
         2          0          0          0          0          0   rtexit.o
        10          0          0          0          0          0   rtexit2.o
        40          0          0          0          0         60   rtudiv10.o
       136          4          0          0          0         72   strcmp.o
        12          4          0          0          0         60   sys_exit.o
        62          0          0          0          0         80   sys_stackheap_outer.o
         2          0          0          0          0         68   use_no_semi.o
        48          4          0          0          0         60   cmpret.o
       124          4          0          0          0         72   d2f.o
       848         20          0          0          0        228   daddsub.o
       144          4          0          0          0         76   dcmpin.o
      1096         26        128          0          0        116   ddiv.o
       100          4          0          0          0         92   dlef.o
       616         24          0          0          0         84   dmul.o
        20          6          0          0          0         68   dnan2.o
        84          4          0          0          0         60   f2d.o
       348          8          0          0          0        160   faddsub.o
       352          8         64          0          0         88   fdiv.o
        94          0          0          0          0         92   fflti.o
       176          4          0          0          0         80   fmul.o
        16          4          0          0          0         76   printf1.o
        94          0          0          0          0         68   retnan.o
         0          0          0          0          0          0   usenofp.o
        44          4          0          0          0         60   fpclassify.o

    ----------------------------------------------------------------------
      8234        222        368          0         96       3492   Library Totals
        16          0          0          0          0          0   (incl. Padding)

    ----------------------------------------------------------------------

      Code (inc. data)   RO Data    RW Data    ZI Data      Debug   Library Name

      4014         98        176          0         96       2012   c_p.l
      4160        120        192          0          0       1420   fz_ps.l
        44          4          0          0          0         60   m_ps.l

    ----------------------------------------------------------------------
      8234        222        368          0         96       3492   Library Totals

    ----------------------------------------------------------------------

==============================================================================


      Code (inc. data)   RO Data    RW Data    ZI Data      Debug   

     11736        552        592         68       1156      21076   Grand Totals
     11736        552        592         68       1156      21076   ELF Image Totals
     11736        552        592         68          0          0   ROM Totals

==============================================================================

    Total RO  Size (Code + RO Data)                12328 (  12.04kB)
    Total RW  Size (RW Data + ZI Data)              1224 (   1.20kB)
    Total ROM Size (Code + RO Data + RW Data)      12396 (  12.11kB)

==============================================================================

