Product: MDK-ARM Lite 5.10
Component: ARM Compiler 5.04 update 1 (build 49)
Tool: armlink [5040049]

==============================================================================

Section Cross References

    uart0_write_test.o(.text) refers to _printf_percent.o(.ARM.Collect$$_printf_percent$$00000000) for _printf_percent
    uart0_write_test.o(.text) refers to _printf_d.o(.ARM.Collect$$_printf_percent$$00000009) for _printf_d
    uart0_write_test.o(.text) refers to _printf_dec.o(.text) for _printf_int_dec
    uart0_write_test.o(.text) refers to system_clock.o(.text) for Init_System_Clocks_PLL
    uart0_write_test.o(.text) refers to uart.o(.text) for Init_Uart0
    uart0_write_test.o(.text) refers to noretval__2printf.o(.text) for __2printf
    uart0_write_test.o(.text) refers to uart0_write_test.o(.data) for Timer_Count
    startup_m051.o(STACK) refers (Special) to heapauxi.o(.text) for __use_two_region_memory
    startup_m051.o(HEAP) refers (Special) to heapauxi.o(.text) for __use_two_region_memory
    startup_m051.o(RESET) refers (Special) to heapauxi.o(.text) for __use_two_region_memory
    startup_m051.o(RESET) refers to startup_m051.o(STACK) for __initial_sp
    startup_m051.o(RESET) refers to startup_m051.o(.text) for Reset_Handler
    startup_m051.o(RESET) refers to system_clock.o(.text) for SysTick_Handler
    startup_m051.o(RESET) refers to uart.o(.text) for UART0_IRQHandler
    startup_m051.o(.text) refers (Special) to heapauxi.o(.text) for __use_two_region_memory
    startup_m051.o(.text) refers to __main.o(!!!main) for __main
    startup_m051.o(.text) refers to startup_m051.o(HEAP) for Heap_Mem
    startup_m051.o(.text) refers to startup_m051.o(STACK) for Stack_Mem
    system_clock.o(.text) refers to common.o(.text) for Un_Lock_Reg
    system_clock.o(.text) refers to fflti.o(.text) for __aeabi_ui2f
    system_clock.o(.text) refers to fmul.o(x$fpl$fmul) for __aeabi_fmul
    system_clock.o(.text) refers to system_clock.o(.data) for count
    uart.o(.text) refers to _printf_percent.o(.ARM.Collect$$_printf_percent$$00000000) for _printf_percent
    uart.o(.text) refers to _printf_d.o(.ARM.Collect$$_printf_percent$$00000009) for _printf_d
    uart.o(.text) refers to _printf_dec.o(.text) for _printf_int_dec
    uart.o(.text) refers to fflti.o(.text) for __aeabi_i2f
    uart.o(.text) refers to f2d.o(.text) for __aeabi_f2d
    uart.o(.text) refers to ddiv.o(.text) for __aeabi_ddiv
    uart.o(.text) refers to d2f.o(.text) for __aeabi_d2f
    uart.o(.text) refers to aeabi_sdiv.o(.text) for __aeabi_uidivmod
    uart.o(.text) refers to noretval__2printf.o(.text) for __2printf
    uart.o(.text) refers to uart.o(.data) for jj
    uart.o(.text) refers to uart.o(.bss) for RX0Data
    __2printf.o(.text) refers to _printf_char_file.o(.text) for _printf_char_file
    __2printf.o(.text) refers to retarget.o(.data) for __stdout
    noretval__2printf.o(.text) refers to _printf_char_file.o(.text) for _printf_char_file
    noretval__2printf.o(.text) refers to retarget.o(.data) for __stdout
    __printf.o(.text) refers to _printf_percent.o(.ARM.Collect$$_printf_percent$$00000000) for _printf_percent
    _printf_dec.o(.text) refers to rtudiv10.o(.text) for __rt_udiv10
    _printf_dec.o(.text) refers to _printf_intcommon.o(.text) for _printf_int_common
    __printf_flags.o(.text) refers to _printf_percent.o(.ARM.Collect$$_printf_percent$$00000000) for _printf_percent
    __printf_flags.o(.text) refers to __printf_flags.o(.constdata) for .constdata
    __printf_ss.o(.text) refers to _printf_percent.o(.ARM.Collect$$_printf_percent$$00000000) for _printf_percent
    __printf_flags_ss.o(.text) refers to _printf_percent.o(.ARM.Collect$$_printf_percent$$00000000) for _printf_percent
    __printf_flags_ss.o(.text) refers to __printf_flags_ss.o(.constdata) for .constdata
    __printf_wp.o(.text) refers to __printf_wp.o(i._is_digit) for _is_digit
    __printf_wp.o(.text) refers to _printf_percent.o(.ARM.Collect$$_printf_percent$$00000000) for _printf_percent
    __printf_flags_wp.o(.text) refers to __printf_wp.o(i._is_digit) for _is_digit
    __printf_flags_wp.o(.text) refers to _printf_percent.o(.ARM.Collect$$_printf_percent$$00000000) for _printf_percent
    __printf_flags_wp.o(.text) refers to __printf_flags_wp.o(.constdata) for .constdata
    __printf_ss_wp.o(.text) refers to __printf_wp.o(i._is_digit) for _is_digit
    __printf_ss_wp.o(.text) refers to _printf_percent.o(.ARM.Collect$$_printf_percent$$00000000) for _printf_percent
    __printf_flags_ss_wp.o(.text) refers to __printf_wp.o(i._is_digit) for _is_digit
    __printf_flags_ss_wp.o(.text) refers to _printf_percent.o(.ARM.Collect$$_printf_percent$$00000000) for _printf_percent
    __printf_flags_ss_wp.o(.text) refers to __printf_flags_ss_wp.o(.constdata) for .constdata
    _printf_d.o(.ARM.Collect$$_printf_percent$$00000009) refers (Weak) to _printf_dec.o(.text) for _printf_int_dec
    _printf_percent.o(.ARM.Collect$$_printf_percent$$00000000) refers (Special) to _printf_percent_end.o(.ARM.Collect$$_printf_percent$$00000017) for _printf_percent_end
    __main.o(!!!main) refers to rtentry.o(.ARM.Collect$$rtentry$$00000000) for __rt_entry
    d2f.o(.text) refers (Special) to usenofp.o(x$fpl$usenofp) for __I$use$fp
    ddiv.o(.text) refers (Special) to usenofp.o(x$fpl$usenofp) for __I$use$fp
    ddiv.o(.text) refers to ddiv.o(.constdata) for .constdata
    ddiv.o(.constdata) refers (Special) to usenofp.o(x$fpl$usenofp) for __I$use$fp
    f2d.o(.text) refers (Special) to usenofp.o(x$fpl$usenofp) for __I$use$fp
    fflti.o(.text) refers (Special) to usenofp.o(x$fpl$usenofp) for __I$use$fp
    fmul.o(x$fpl$fmul) refers (Special) to usenofp.o(x$fpl$usenofp) for __I$use$fp
    rtentry.o(.ARM.Collect$$rtentry$$00000000) refers (Special) to rtentry2.o(.ARM.Collect$$rtentry$$0000000A) for __rt_entry_li
    rtentry.o(.ARM.Collect$$rtentry$$00000000) refers (Special) to rtentry2.o(.ARM.Collect$$rtentry$$0000000D) for __rt_entry_main
    rtentry.o(.ARM.Collect$$rtentry$$00000000) refers (Special) to rtentry2.o(.ARM.Collect$$rtentry$$0000000C) for __rt_entry_postli_1
    rtentry.o(.ARM.Collect$$rtentry$$00000000) refers (Special) to rtentry2.o(.ARM.Collect$$rtentry$$00000009) for __rt_entry_postsh_1
    rtentry.o(.ARM.Collect$$rtentry$$00000000) refers (Special) to rtentry2.o(.ARM.Collect$$rtentry$$00000002) for __rt_entry_presh_1
    rtentry.o(.ARM.Collect$$rtentry$$00000000) refers (Special) to rtentry4.o(.ARM.Collect$$rtentry$$00000004) for __rt_entry_sh
    aeabi_idiv0_sigfpe.o(.text) refers to rt_div0.o(.text) for __rt_div0
    _printf_char_file.o(.text) refers to _printf_char_common.o(.text) for _printf_char_common
    _printf_char_file.o(.text) refers to retarget.o(.text) for ferror
    rtentry2.o(.ARM.Collect$$rtentry$$00000008) refers to boardinit2.o(.text) for _platform_post_stackheap_init
    rtentry2.o(.ARM.Collect$$rtentry$$0000000A) refers to libinit.o(.ARM.Collect$$libinit$$00000000) for __rt_lib_init
    rtentry2.o(.ARM.Collect$$rtentry$$0000000B) refers to boardinit3.o(.text) for _platform_post_lib_init
    rtentry2.o(.ARM.Collect$$rtentry$$0000000D) refers to uart0_write_test.o(.text) for main
    rtentry2.o(.ARM.Collect$$rtentry$$0000000D) refers to exit.o(.text) for exit
    rtentry2.o(.ARM.exidx) refers to rtentry2.o(.ARM.Collect$$rtentry$$00000001) for .ARM.Collect$$rtentry$$00000001
    rtentry2.o(.ARM.exidx) refers to rtentry2.o(.ARM.Collect$$rtentry$$00000008) for .ARM.Collect$$rtentry$$00000008
    rtentry2.o(.ARM.exidx) refers to rtentry2.o(.ARM.Collect$$rtentry$$0000000A) for .ARM.Collect$$rtentry$$0000000A
    rtentry2.o(.ARM.exidx) refers to rtentry2.o(.ARM.Collect$$rtentry$$0000000B) for .ARM.Collect$$rtentry$$0000000B
    rtentry2.o(.ARM.exidx) refers to rtentry2.o(.ARM.Collect$$rtentry$$0000000D) for .ARM.Collect$$rtentry$$0000000D
    rtentry4.o(.ARM.Collect$$rtentry$$00000004) refers to sys_stackheap_outer.o(.text) for __user_setup_stackheap
    rtentry4.o(.ARM.exidx) refers to rtentry4.o(.ARM.Collect$$rtentry$$00000004) for .ARM.Collect$$rtentry$$00000004
    rt_div0.o(.text) refers to defsig_fpe_outer.o(.text) for __rt_SIGFPE
    _printf_char_common.o(.text) refers to __printf_wp.o(.text) for __printf
    sys_stackheap_outer.o(.text) refers to libspace.o(.text) for __user_perproc_libspace
    sys_stackheap_outer.o(.text) refers to startup_m051.o(.text) for __user_initial_stackheap
    sys_stackheap_outer.o(__vectab_stack_and_reset_area) refers to tempstk.o(.text) for __temporary_stack_top
    sys_stackheap_outer.o(__vectab_stack_and_reset_area) refers to __main.o(!!!main) for __main
    exit.o(.text) refers to rtexit.o(.ARM.Collect$$rtexit$$00000000) for __rt_exit
    defsig_fpe_outer.o(.text) refers to defsig_fpe_inner.o(.text) for __rt_SIGFPE_inner
    defsig_fpe_outer.o(.text) refers to defsig_exit.o(.text) for __sig_exit
    defsig_fpe_formal.o(.text) refers to rt_raise.o(.text) for __rt_raise
    libinit.o(.ARM.Collect$$libinit$$00000000) refers (Special) to libinit2.o(.ARM.Collect$$libinit$$0000002C) for __rt_lib_init_alloca_1
    libinit.o(.ARM.Collect$$libinit$$00000000) refers (Special) to libinit2.o(.ARM.Collect$$libinit$$0000002A) for __rt_lib_init_argv_1
    libinit.o(.ARM.Collect$$libinit$$00000000) refers (Special) to libinit2.o(.ARM.Collect$$libinit$$00000019) for __rt_lib_init_atexit_1
    libinit.o(.ARM.Collect$$libinit$$00000000) refers (Special) to libinit2.o(.ARM.Collect$$libinit$$0000001F) for __rt_lib_init_clock_1
    libinit.o(.ARM.Collect$$libinit$$00000000) refers (Special) to libinit2.o(.ARM.Collect$$libinit$$00000030) for __rt_lib_init_cpp_1
    libinit.o(.ARM.Collect$$libinit$$00000000) refers (Special) to libinit2.o(.ARM.Collect$$libinit$$0000002E) for __rt_lib_init_exceptions_1
    libinit.o(.ARM.Collect$$libinit$$00000000) refers (Special) to libinit2.o(.ARM.Collect$$libinit$$00000001) for __rt_lib_init_fp_1
    libinit.o(.ARM.Collect$$libinit$$00000000) refers (Special) to libinit2.o(.ARM.Collect$$libinit$$0000001D) for __rt_lib_init_fp_trap_1
    libinit.o(.ARM.Collect$$libinit$$00000000) refers (Special) to libinit2.o(.ARM.Collect$$libinit$$00000021) for __rt_lib_init_getenv_1
    libinit.o(.ARM.Collect$$libinit$$00000000) refers (Special) to libinit2.o(.ARM.Collect$$libinit$$00000008) for __rt_lib_init_heap_1
    libinit.o(.ARM.Collect$$libinit$$00000000) refers (Special) to libinit2.o(.ARM.Collect$$libinit$$0000000F) for __rt_lib_init_lc_collate_1
    libinit.o(.ARM.Collect$$libinit$$00000000) refers (Special) to libinit2.o(.ARM.Collect$$libinit$$00000011) for __rt_lib_init_lc_ctype_1
    libinit.o(.ARM.Collect$$libinit$$00000000) refers (Special) to libinit2.o(.ARM.Collect$$libinit$$00000013) for __rt_lib_init_lc_monetary_1
    libinit.o(.ARM.Collect$$libinit$$00000000) refers (Special) to libinit2.o(.ARM.Collect$$libinit$$00000015) for __rt_lib_init_lc_numeric_1
    libinit.o(.ARM.Collect$$libinit$$00000000) refers (Special) to libinit2.o(.ARM.Collect$$libinit$$00000017) for __rt_lib_init_lc_time_1
    libinit.o(.ARM.Collect$$libinit$$00000000) refers (Special) to libinit2.o(.ARM.Collect$$libinit$$0000000C) for __rt_lib_init_rand_1
    libinit.o(.ARM.Collect$$libinit$$00000000) refers (Special) to libinit2.o(.ARM.Collect$$libinit$$00000031) for __rt_lib_init_return
    libinit.o(.ARM.Collect$$libinit$$00000000) refers (Special) to libinit2.o(.ARM.Collect$$libinit$$0000001B) for __rt_lib_init_signal_1
    libinit.o(.ARM.Collect$$libinit$$00000000) refers (Special) to libinit2.o(.ARM.Collect$$libinit$$00000023) for __rt_lib_init_stdio_1
    libinit.o(.ARM.Collect$$libinit$$00000000) refers (Special) to libinit2.o(.ARM.Collect$$libinit$$0000000A) for __rt_lib_init_user_alloc_1
    libspace.o(.text) refers to libspace.o(.bss) for __libspace_start
    rtexit.o(.ARM.Collect$$rtexit$$00000000) refers (Special) to rtexit2.o(.ARM.Collect$$rtexit$$00000004) for __rt_exit_exit
    rtexit.o(.ARM.Collect$$rtexit$$00000000) refers (Special) to rtexit2.o(.ARM.Collect$$rtexit$$00000003) for __rt_exit_ls
    rtexit.o(.ARM.Collect$$rtexit$$00000000) refers (Special) to rtexit2.o(.ARM.Collect$$rtexit$$00000002) for __rt_exit_prels_1
    rtexit.o(.ARM.exidx) refers (Special) to rtexit2.o(.ARM.Collect$$rtexit$$00000004) for __rt_exit_exit
    rtexit.o(.ARM.exidx) refers (Special) to rtexit2.o(.ARM.Collect$$rtexit$$00000003) for __rt_exit_ls
    rtexit.o(.ARM.exidx) refers (Special) to rtexit2.o(.ARM.Collect$$rtexit$$00000002) for __rt_exit_prels_1
    rtexit.o(.ARM.exidx) refers to rtexit.o(.ARM.Collect$$rtexit$$00000000) for .ARM.Collect$$rtexit$$00000000
    rt_raise.o(.text) refers to __raise.o(.text) for __raise
    rt_raise.o(.text) refers to sys_exit.o(.text) for _sys_exit
    defsig_exit.o(.text) refers to sys_exit.o(.text) for _sys_exit
    defsig_fpe_inner.o(.text) refers to defsig_general.o(.text) for __default_signal_display
    libinit2.o(.ARM.Collect$$libinit$$0000000E) refers to libinit2.o(.ARM.Collect$$libinit$$0000000D) for .ARM.Collect$$libinit$$0000000D
    libinit2.o(.ARM.Collect$$libinit$$00000010) refers to libinit2.o(.ARM.Collect$$libinit$$0000000D) for .ARM.Collect$$libinit$$0000000D
    libinit2.o(.ARM.Collect$$libinit$$00000012) refers to libinit2.o(.ARM.Collect$$libinit$$0000000D) for .ARM.Collect$$libinit$$0000000D
    libinit2.o(.ARM.Collect$$libinit$$00000014) refers to libinit2.o(.ARM.Collect$$libinit$$0000000D) for .ARM.Collect$$libinit$$0000000D
    libinit2.o(.ARM.Collect$$libinit$$00000016) refers to libinit2.o(.ARM.Collect$$libinit$$0000000D) for .ARM.Collect$$libinit$$0000000D
    libinit2.o(.ARM.Collect$$libinit$$00000024) refers to argv_veneer.o(.text) for __ARM_argv_veneer
    libinit2.o(.ARM.Collect$$libinit$$00000025) refers to argv_veneer.o(.text) for __ARM_argv_veneer
    sys_exit.o(.text) refers (Special) to use_no_semi.o(.text) for __I$use$semihosting
    sys_exit.o(.text) refers (Special) to indicate_semi.o(.text) for __semihosting_library_function
    rtexit2.o(.ARM.Collect$$rtexit$$00000003) refers to libshutdown.o(.ARM.Collect$$libshutdown$$00000000) for __rt_lib_shutdown
    rtexit2.o(.ARM.Collect$$rtexit$$00000004) refers to sys_exit.o(.text) for _sys_exit
    rtexit2.o(.ARM.exidx) refers to rtexit2.o(.ARM.Collect$$rtexit$$00000001) for .ARM.Collect$$rtexit$$00000001
    rtexit2.o(.ARM.exidx) refers to rtexit2.o(.ARM.Collect$$rtexit$$00000003) for .ARM.Collect$$rtexit$$00000003
    rtexit2.o(.ARM.exidx) refers to rtexit2.o(.ARM.Collect$$rtexit$$00000004) for .ARM.Collect$$rtexit$$00000004
    __raise.o(.text) refers to defsig.o(CL$$defsig) for __default_signal_handler
    defsig_general.o(.text) refers to retarget.o(.text) for _ttywrch
    defsig.o(CL$$defsig) refers to defsig_fpe_inner.o(.text) for __rt_SIGFPE_inner
    defsig.o(CL$$defsig) refers to defsig_rtmem_inner.o(.text) for __rt_SIGRTMEM_inner
    _get_argv_nomalloc.o(.text) refers (Special) to hrguard.o(.text) for __heap_region$guard
    _get_argv_nomalloc.o(.text) refers to defsig_rtmem_outer.o(.text) for __rt_SIGRTMEM
    _get_argv_nomalloc.o(.text) refers to sys_command.o(.text) for _sys_command_string
    libshutdown.o(.ARM.Collect$$libshutdown$$00000000) refers (Special) to libshutdown2.o(.ARM.Collect$$libshutdown$$00000006) for __rt_lib_shutdown_fp_trap_1
    libshutdown.o(.ARM.Collect$$libshutdown$$00000000) refers (Special) to libshutdown2.o(.ARM.Collect$$libshutdown$$0000000E) for __rt_lib_shutdown_heap_1
    libshutdown.o(.ARM.Collect$$libshutdown$$00000000) refers (Special) to libshutdown2.o(.ARM.Collect$$libshutdown$$0000000F) for __rt_lib_shutdown_return
    libshutdown.o(.ARM.Collect$$libshutdown$$00000000) refers (Special) to libshutdown2.o(.ARM.Collect$$libshutdown$$00000009) for __rt_lib_shutdown_signal_1
    libshutdown.o(.ARM.Collect$$libshutdown$$00000000) refers (Special) to libshutdown2.o(.ARM.Collect$$libshutdown$$00000003) for __rt_lib_shutdown_stdio_1
    libshutdown.o(.ARM.Collect$$libshutdown$$00000000) refers (Special) to libshutdown2.o(.ARM.Collect$$libshutdown$$0000000B) for __rt_lib_shutdown_user_alloc_1
    sys_command.o(.text) refers (Special) to use_no_semi.o(.text) for __I$use$semihosting
    sys_command.o(.text) refers (Special) to indicate_semi.o(.text) for __semihosting_library_function
    defsig_abrt_inner.o(.text) refers to defsig_general.o(.text) for __default_signal_display
    defsig_rtred_inner.o(.text) refers to defsig_general.o(.text) for __default_signal_display
    defsig_rtmem_inner.o(.text) refers to defsig_general.o(.text) for __default_signal_display
    defsig_rtmem_outer.o(.text) refers to defsig_rtmem_inner.o(.text) for __rt_SIGRTMEM_inner
    defsig_rtmem_outer.o(.text) refers to defsig_exit.o(.text) for __sig_exit
    defsig_rtmem_formal.o(.text) refers to rt_raise.o(.text) for __rt_raise
    defsig_stak_inner.o(.text) refers to defsig_general.o(.text) for __default_signal_display
    defsig_pvfn_inner.o(.text) refers to defsig_general.o(.text) for __default_signal_display
    defsig_cppl_inner.o(.text) refers to defsig_general.o(.text) for __default_signal_display
    defsig_segv_inner.o(.text) refers to defsig_general.o(.text) for __default_signal_display
    defsig_other.o(.text) refers to defsig_general.o(.text) for __default_signal_display


==============================================================================

Image Symbol Table

    Local Symbols

    Symbol Name                              Value     Ov Type        Size  Object(Section)

    RESET                                    0x00000000   Section      192  startup_m051.o(RESET)
    ../clib/angel/boardlib.s                 0x00000000   Number         0  boardinit1.o ABSOLUTE
    ../clib/angel/boardlib.s                 0x00000000   Number         0  boardshut.o ABSOLUTE
    ../clib/angel/boardlib.s                 0x00000000   Number         0  boardinit2.o ABSOLUTE
    ../clib/angel/boardlib.s                 0x00000000   Number         0  boardinit3.o ABSOLUTE
    ../clib/angel/handlers.s                 0x00000000   Number         0  __scatter_copy.o ABSOLUTE
    ../clib/angel/handlers.s                 0x00000000   Number         0  __scatter_zi.o ABSOLUTE
    ../clib/angel/kernel.s                   0x00000000   Number         0  rtentry2.o ABSOLUTE
    ../clib/angel/kernel.s                   0x00000000   Number         0  rtentry4.o ABSOLUTE
    ../clib/angel/kernel.s                   0x00000000   Number         0  rtexit.o ABSOLUTE
    ../clib/angel/kernel.s                   0x00000000   Number         0  rtentry.o ABSOLUTE
    ../clib/angel/kernel.s                   0x00000000   Number         0  rtexit2.o ABSOLUTE
    ../clib/angel/rt.s                       0x00000000   Number         0  aeabi_idiv0.o ABSOLUTE
    ../clib/angel/rt.s                       0x00000000   Number         0  aeabi_idiv0_sigfpe.o ABSOLUTE
    ../clib/angel/rt.s                       0x00000000   Number         0  rt_div0.o ABSOLUTE
    ../clib/angel/rt.s                       0x00000000   Number         0  rt_raise.o ABSOLUTE
    ../clib/angel/scatterp.s                 0x00000000   Number         0  __scatter.o ABSOLUTE
    ../clib/angel/startup.s                  0x00000000   Number         0  __main.o ABSOLUTE
    ../clib/angel/sys.s                      0x00000000   Number         0  use_no_semi.o ABSOLUTE
    ../clib/angel/sys.s                      0x00000000   Number         0  libspace.o ABSOLUTE
    ../clib/angel/sys.s                      0x00000000   Number         0  indicate_semi.o ABSOLUTE
    ../clib/angel/sys.s                      0x00000000   Number         0  sys_stackheap_outer.o ABSOLUTE
    ../clib/angel/sys.s                      0x00000000   Number         0  tempstk.o ABSOLUTE
    ../clib/angel/sysapp.c                   0x00000000   Number         0  sys_command.o ABSOLUTE
    ../clib/angel/sysapp.c                   0x00000000   Number         0  sys_exit.o ABSOLUTE
    ../clib/armsys.c                         0x00000000   Number         0  no_argv.o ABSOLUTE
    ../clib/armsys.c                         0x00000000   Number         0  _get_argv_nomalloc.o ABSOLUTE
    ../clib/armsys.c                         0x00000000   Number         0  argv_veneer.o ABSOLUTE
    ../clib/division.c                       0x00000000   Number         0  rtudiv10.o ABSOLUTE
    ../clib/division.s                       0x00000000   Number         0  aeabi_sdiv.o ABSOLUTE
    ../clib/division.s                       0x00000000   Number         0  aeabi_sdiv_div0.o ABSOLUTE
    ../clib/heapalloc.c                      0x00000000   Number         0  hrguard.o ABSOLUTE
    ../clib/heapaux.c                        0x00000000   Number         0  heapauxi.o ABSOLUTE
    ../clib/libinit.s                        0x00000000   Number         0  libshutdown.o ABSOLUTE
    ../clib/libinit.s                        0x00000000   Number         0  libinit.o ABSOLUTE
    ../clib/libinit.s                        0x00000000   Number         0  libshutdown2.o ABSOLUTE
    ../clib/libinit.s                        0x00000000   Number         0  libinit2.o ABSOLUTE
    ../clib/misc.s                           0x00000000   Number         0  printf_stubs.o ABSOLUTE
    ../clib/printf.c                         0x00000000   Number         0  __printf.o ABSOLUTE
    ../clib/printf.c                         0x00000000   Number         0  _printf_dec.o ABSOLUTE
    ../clib/printf.c                         0x00000000   Number         0  noretval__2printf.o ABSOLUTE
    ../clib/printf.c                         0x00000000   Number         0  __printf_flags.o ABSOLUTE
    ../clib/printf.c                         0x00000000   Number         0  __printf_ss.o ABSOLUTE
    ../clib/printf.c                         0x00000000   Number         0  __printf_flags_ss.o ABSOLUTE
    ../clib/printf.c                         0x00000000   Number         0  __printf_wp.o ABSOLUTE
    ../clib/printf.c                         0x00000000   Number         0  __2printf.o ABSOLUTE
    ../clib/printf.c                         0x00000000   Number         0  __printf_nopercent.o ABSOLUTE
    ../clib/printf.c                         0x00000000   Number         0  __printf_flags_wp.o ABSOLUTE
    ../clib/printf.c                         0x00000000   Number         0  __printf_ss_wp.o ABSOLUTE
    ../clib/printf.c                         0x00000000   Number         0  __printf_flags_ss_wp.o ABSOLUTE
    ../clib/printf.c                         0x00000000   Number         0  _printf_char_common.o ABSOLUTE
    ../clib/printf.c                         0x00000000   Number         0  _printf_char_file.o ABSOLUTE
    ../clib/printf.c                         0x00000000   Number         0  _printf_intcommon.o ABSOLUTE
    ../clib/printf_percent.s                 0x00000000   Number         0  _printf_percent.o ABSOLUTE
    ../clib/printf_percent.s                 0x00000000   Number         0  _printf_percent_end.o ABSOLUTE
    ../clib/printf_percent.s                 0x00000000   Number         0  _printf_d.o ABSOLUTE
    ../clib/signal.c                         0x00000000   Number         0  defsig_other.o ABSOLUTE
    ../clib/signal.c                         0x00000000   Number         0  defsig_abrt_inner.o ABSOLUTE
    ../clib/signal.c                         0x00000000   Number         0  defsig_fpe_outer.o ABSOLUTE
    ../clib/signal.c                         0x00000000   Number         0  defsig_fpe_formal.o ABSOLUTE
    ../clib/signal.c                         0x00000000   Number         0  defsig_exit.o ABSOLUTE
    ../clib/signal.c                         0x00000000   Number         0  defsig_fpe_inner.o ABSOLUTE
    ../clib/signal.c                         0x00000000   Number         0  __raise.o ABSOLUTE
    ../clib/signal.c                         0x00000000   Number         0  defsig_general.o ABSOLUTE
    ../clib/signal.c                         0x00000000   Number         0  defsig_rtred_inner.o ABSOLUTE
    ../clib/signal.c                         0x00000000   Number         0  defsig_rtmem_inner.o ABSOLUTE
    ../clib/signal.c                         0x00000000   Number         0  defsig_rtmem_outer.o ABSOLUTE
    ../clib/signal.c                         0x00000000   Number         0  defsig_rtmem_formal.o ABSOLUTE
    ../clib/signal.c                         0x00000000   Number         0  defsig_stak_inner.o ABSOLUTE
    ../clib/signal.c                         0x00000000   Number         0  defsig_pvfn_inner.o ABSOLUTE
    ../clib/signal.c                         0x00000000   Number         0  defsig_cppl_inner.o ABSOLUTE
    ../clib/signal.c                         0x00000000   Number         0  defsig_segv_inner.o ABSOLUTE
    ../clib/signal.s                         0x00000000   Number         0  defsig.o ABSOLUTE
    ../clib/stdlib.c                         0x00000000   Number         0  exit.o ABSOLUTE
    ../fplib/cfplib/d2f.c                    0x00000000   Number         0  d2f.o ABSOLUTE
    ../fplib/cfplib/ddiv.c                   0x00000000   Number         0  ddiv.o ABSOLUTE
    ../fplib/cfplib/f2d.c                    0x00000000   Number         0  f2d.o ABSOLUTE
    ../fplib/cfplib/fflt.c                   0x00000000   Number         0  fflti.o ABSOLUTE
    ../fplib/cfplib/fpinit.c                 0x00000000   Number         0  fpinit.o ABSOLUTE
    ../fplib/fmul6m.s                        0x00000000   Number         0  fmul.o ABSOLUTE
    ../fplib/usenofp.s                       0x00000000   Number         0  usenofp.o ABSOLUTE
    ..\..\Libraries\Common\common.c          0x00000000   Number         0  common.o ABSOLUTE
    ..\..\Libraries\Common\retarget.c        0x00000000   Number         0  retarget.o ABSOLUTE
    ..\..\Libraries\Common\startup_M051.s    0x00000000   Number         0  startup_m051.o ABSOLUTE
    ..\..\Libraries\MiP_Libraries\System_Clock\System_Clock.c 0x00000000   Number         0  system_clock.o ABSOLUTE
    ..\..\Libraries\MiP_Libraries\UART\UART.c 0x00000000   Number         0  uart.o ABSOLUTE
    Source\UART0_write_test.c                0x00000000   Number         0  uart0_write_test.o ABSOLUTE
    dc.s                                     0x00000000   Number         0  dc.o ABSOLUTE
    !!!main                                  0x000000c0   Section        8  __main.o(!!!main)
    !!!scatter                               0x000000c8   Section       60  __scatter.o(!!!scatter)
    !!handler_copy                           0x00000104   Section       26  __scatter_copy.o(!!handler_copy)
    !!handler_zi                             0x00000120   Section       28  __scatter_zi.o(!!handler_zi)
    .ARM.Collect$$_printf_percent$$00000000  0x0000013c   Section        2  _printf_percent.o(.ARM.Collect$$_printf_percent$$00000000)
    .ARM.Collect$$_printf_percent$$00000009  0x0000013e   Section       10  _printf_d.o(.ARM.Collect$$_printf_percent$$00000009)
    .ARM.Collect$$_printf_percent$$00000017  0x00000148   Section        4  _printf_percent_end.o(.ARM.Collect$$_printf_percent$$00000017)
    .ARM.Collect$$libinit$$00000000          0x0000014c   Section        2  libinit.o(.ARM.Collect$$libinit$$00000000)
    .ARM.Collect$$libinit$$00000001          0x0000014e   Section        4  libinit2.o(.ARM.Collect$$libinit$$00000001)
    .ARM.Collect$$libinit$$00000008          0x00000152   Section        0  libinit2.o(.ARM.Collect$$libinit$$00000008)
    .ARM.Collect$$libinit$$0000000A          0x00000152   Section        0  libinit2.o(.ARM.Collect$$libinit$$0000000A)
    .ARM.Collect$$libinit$$0000000C          0x00000152   Section        0  libinit2.o(.ARM.Collect$$libinit$$0000000C)
    .ARM.Collect$$libinit$$0000000F          0x00000152   Section        0  libinit2.o(.ARM.Collect$$libinit$$0000000F)
    .ARM.Collect$$libinit$$00000011          0x00000152   Section        0  libinit2.o(.ARM.Collect$$libinit$$00000011)
    .ARM.Collect$$libinit$$00000013          0x00000152   Section        0  libinit2.o(.ARM.Collect$$libinit$$00000013)
    .ARM.Collect$$libinit$$00000015          0x00000152   Section        0  libinit2.o(.ARM.Collect$$libinit$$00000015)
    .ARM.Collect$$libinit$$00000017          0x00000152   Section        0  libinit2.o(.ARM.Collect$$libinit$$00000017)
    .ARM.Collect$$libinit$$00000019          0x00000152   Section        0  libinit2.o(.ARM.Collect$$libinit$$00000019)
    .ARM.Collect$$libinit$$0000001B          0x00000152   Section        0  libinit2.o(.ARM.Collect$$libinit$$0000001B)
    .ARM.Collect$$libinit$$0000001D          0x00000152   Section        0  libinit2.o(.ARM.Collect$$libinit$$0000001D)
    .ARM.Collect$$libinit$$0000001F          0x00000152   Section        0  libinit2.o(.ARM.Collect$$libinit$$0000001F)
    .ARM.Collect$$libinit$$00000021          0x00000152   Section        0  libinit2.o(.ARM.Collect$$libinit$$00000021)
    .ARM.Collect$$libinit$$00000023          0x00000152   Section        0  libinit2.o(.ARM.Collect$$libinit$$00000023)
    .ARM.Collect$$libinit$$0000002A          0x00000152   Section        0  libinit2.o(.ARM.Collect$$libinit$$0000002A)
    .ARM.Collect$$libinit$$0000002C          0x00000152   Section        0  libinit2.o(.ARM.Collect$$libinit$$0000002C)
    .ARM.Collect$$libinit$$0000002E          0x00000152   Section        0  libinit2.o(.ARM.Collect$$libinit$$0000002E)
    .ARM.Collect$$libinit$$00000030          0x00000152   Section        0  libinit2.o(.ARM.Collect$$libinit$$00000030)
    .ARM.Collect$$libinit$$00000031          0x00000152   Section        2  libinit2.o(.ARM.Collect$$libinit$$00000031)
    .ARM.Collect$$libshutdown$$00000000      0x00000154   Section        2  libshutdown.o(.ARM.Collect$$libshutdown$$00000000)
    .ARM.Collect$$libshutdown$$00000003      0x00000156   Section        0  libshutdown2.o(.ARM.Collect$$libshutdown$$00000003)
    .ARM.Collect$$libshutdown$$00000006      0x00000156   Section        0  libshutdown2.o(.ARM.Collect$$libshutdown$$00000006)
    .ARM.Collect$$libshutdown$$00000009      0x00000156   Section        0  libshutdown2.o(.ARM.Collect$$libshutdown$$00000009)
    .ARM.Collect$$libshutdown$$0000000B      0x00000156   Section        0  libshutdown2.o(.ARM.Collect$$libshutdown$$0000000B)
    .ARM.Collect$$libshutdown$$0000000E      0x00000156   Section        0  libshutdown2.o(.ARM.Collect$$libshutdown$$0000000E)
    .ARM.Collect$$libshutdown$$0000000F      0x00000156   Section        2  libshutdown2.o(.ARM.Collect$$libshutdown$$0000000F)
    .ARM.Collect$$rtentry$$00000000          0x00000158   Section        0  rtentry.o(.ARM.Collect$$rtentry$$00000000)
    .ARM.Collect$$rtentry$$00000002          0x00000158   Section        0  rtentry2.o(.ARM.Collect$$rtentry$$00000002)
    .ARM.Collect$$rtentry$$00000004          0x00000158   Section        6  rtentry4.o(.ARM.Collect$$rtentry$$00000004)
    .ARM.Collect$$rtentry$$00000009          0x0000015e   Section        0  rtentry2.o(.ARM.Collect$$rtentry$$00000009)
    .ARM.Collect$$rtentry$$0000000A          0x0000015e   Section        4  rtentry2.o(.ARM.Collect$$rtentry$$0000000A)
    .ARM.Collect$$rtentry$$0000000C          0x00000162   Section        0  rtentry2.o(.ARM.Collect$$rtentry$$0000000C)
    .ARM.Collect$$rtentry$$0000000D          0x00000162   Section        8  rtentry2.o(.ARM.Collect$$rtentry$$0000000D)
    .ARM.Collect$$rtexit$$00000000           0x0000016a   Section        2  rtexit.o(.ARM.Collect$$rtexit$$00000000)
    .ARM.Collect$$rtexit$$00000002           0x0000016c   Section        0  rtexit2.o(.ARM.Collect$$rtexit$$00000002)
    .ARM.Collect$$rtexit$$00000003           0x0000016c   Section        4  rtexit2.o(.ARM.Collect$$rtexit$$00000003)
    .ARM.Collect$$rtexit$$00000004           0x00000170   Section        6  rtexit2.o(.ARM.Collect$$rtexit$$00000004)
    .text                                    0x00000178   Section        0  uart0_write_test.o(.text)
    .text                                    0x000001c0   Section        0  common.o(.text)
    .text                                    0x00000228   Section        0  retarget.o(.text)
    .text                                    0x000002a4   Section       92  startup_m051.o(.text)
    Default_Handler                          0x000002cf   Thumb Code     2  startup_m051.o(.text)
    .text                                    0x00000300   Section        0  system_clock.o(.text)
    .text                                    0x00000428   Section        0  uart.o(.text)
    .text                                    0x000007ec   Section        0  noretval__2printf.o(.text)
    .text                                    0x00000808   Section        0  _printf_dec.o(.text)
    .text                                    0x00000874   Section        0  __printf_wp.o(.text)
    .text                                    0x00000982   Section      346  aeabi_sdiv.o(.text)
    .text                                    0x00000adc   Section        0  heapauxi.o(.text)
    .text                                    0x00000ae4   Section        0  d2f.o(.text)
    .text                                    0x00000b60   Section        0  ddiv.o(.text)
    .text                                    0x00000fa8   Section        0  f2d.o(.text)
    .text                                    0x00000ffc   Section        0  fflti.o(.text)
    .text                                    0x0000105a   Section        0  _printf_intcommon.o(.text)
    .text                                    0x0000110c   Section        0  _printf_char_file.o(.text)
    .text                                    0x00001134   Section        0  rtudiv10.o(.text)
    .text                                    0x0000115c   Section        0  _printf_char_common.o(.text)
    _printf_input_char                       0x0000115d   Thumb Code    10  _printf_char_common.o(.text)
    .text                                    0x0000118c   Section       62  sys_stackheap_outer.o(.text)
    .text                                    0x000011ca   Section        0  exit.o(.text)
    .text                                    0x000011d8   Section        8  libspace.o(.text)
    .text                                    0x000011e0   Section        0  sys_exit.o(.text)
    .text                                    0x000011ec   Section        2  use_no_semi.o(.text)
    .text                                    0x000011ee   Section        0  indicate_semi.o(.text)
    i._is_digit                              0x000011ee   Section        0  __printf_wp.o(i._is_digit)
    x$fpl$fmul                               0x000011fc   Section      176  fmul.o(x$fpl$fmul)
    .constdata                               0x000012ac   Section      128  ddiv.o(.constdata)
    x$fpl$usenofp                            0x000012ac   Section        0  usenofp.o(x$fpl$usenofp)
    ddiv_reciptbl                            0x000012ac   Data         128  ddiv.o(.constdata)
    .data                                    0x20000000   Section        4  uart0_write_test.o(.data)
    Timer_Count                              0x20000000   Data           4  uart0_write_test.o(.data)
    .data                                    0x20000004   Section        8  retarget.o(.data)
    .data                                    0x2000000c   Section       16  system_clock.o(.data)
    .data                                    0x2000001c   Section       12  uart.o(.data)
    .bss                                     0x20000028   Section       24  uart.o(.bss)
    .bss                                     0x20000040   Section       96  libspace.o(.bss)
    HEAP                                     0x200000a0   Section        0  startup_m051.o(HEAP)
    STACK                                    0x200000a0   Section     1024  startup_m051.o(STACK)
    Heap_Mem                                 0x200000a0   Data           0  startup_m051.o(HEAP)
    Stack_Mem                                0x200000a0   Data        1024  startup_m051.o(STACK)
    __initial_sp                             0x200004a0   Data           0  startup_m051.o(STACK)

    Global Symbols

    Symbol Name                              Value     Ov Type        Size  Object(Section)

    BuildAttributes$$THM_ISAv3M$S$PE$A:L22$X:L11$S22$IEEE1$IW$USESV6$~STKCKD$USESV7$~SHL$OSPACE$ROPI$EBA8$UX$STANDARDLIB$REQ8$PRES8$EABIv2 0x00000000   Number         0  anon$$obj.o ABSOLUTE
    __ARM_use_no_argv                        0x00000000   Number         0  uart0_write_test.o ABSOLUTE
    __Vectors                                0x00000000   Data           4  startup_m051.o(RESET)
    _printf_flags                            0x00000000   Number         0  printf_stubs.o ABSOLUTE
    _printf_return_value                     0x00000000   Number         0  printf_stubs.o ABSOLUTE
    _printf_sizespec                         0x00000000   Number         0  printf_stubs.o ABSOLUTE
    _printf_widthprec                        0x00000000   Number         0  printf_stubs.o ABSOLUTE
    __ARM_exceptions_init                     - Undefined Weak Reference
    __alloca_initialize                       - Undefined Weak Reference
    __cpp_initialize__aeabi_                  - Undefined Weak Reference
    __cxa_finalize                            - Undefined Weak Reference
    __rt_locale                               - Undefined Weak Reference
    __sigvec_lookup                           - Undefined Weak Reference
    _atexit_init                              - Undefined Weak Reference
    _call_atexit_fns                          - Undefined Weak Reference
    _clock_init                               - Undefined Weak Reference
    _fp_trap_init                             - Undefined Weak Reference
    _fp_trap_shutdown                         - Undefined Weak Reference
    _get_lc_collate                           - Undefined Weak Reference
    _get_lc_ctype                             - Undefined Weak Reference
    _get_lc_monetary                          - Undefined Weak Reference
    _get_lc_numeric                           - Undefined Weak Reference
    _get_lc_time                              - Undefined Weak Reference
    _getenv_init                              - Undefined Weak Reference
    _handle_redirection                       - Undefined Weak Reference
    _init_alloc                               - Undefined Weak Reference
    _init_user_alloc                          - Undefined Weak Reference
    _initio                                   - Undefined Weak Reference
    _printf_post_padding                      - Undefined Weak Reference
    _printf_pre_padding                       - Undefined Weak Reference
    _printf_truncate_signed                   - Undefined Weak Reference
    _printf_truncate_unsigned                 - Undefined Weak Reference
    _rand_init                                - Undefined Weak Reference
    _signal_finish                            - Undefined Weak Reference
    _signal_init                              - Undefined Weak Reference
    _terminate_alloc                          - Undefined Weak Reference
    _terminate_user_alloc                     - Undefined Weak Reference
    _terminateio                              - Undefined Weak Reference
    __main                                   0x000000c1   Thumb Code     8  __main.o(!!!main)
    __scatterload                            0x000000c9   Thumb Code     0  __scatter.o(!!!scatter)
    __scatterload_rt2                        0x000000c9   Thumb Code    52  __scatter.o(!!!scatter)
    __scatterload_rt2_thumb_only             0x000000c9   Thumb Code     0  __scatter.o(!!!scatter)
    __scatterload_null                       0x000000d9   Thumb Code     0  __scatter.o(!!!scatter)
    __scatterload_copy                       0x00000105   Thumb Code    26  __scatter_copy.o(!!handler_copy)
    __scatterload_zeroinit                   0x00000121   Thumb Code    28  __scatter_zi.o(!!handler_zi)
    _printf_percent                          0x0000013d   Thumb Code     0  _printf_percent.o(.ARM.Collect$$_printf_percent$$00000000)
    _printf_d                                0x0000013f   Thumb Code     0  _printf_d.o(.ARM.Collect$$_printf_percent$$00000009)
    _printf_percent_end                      0x00000149   Thumb Code     0  _printf_percent_end.o(.ARM.Collect$$_printf_percent$$00000017)
    __rt_lib_init                            0x0000014d   Thumb Code     0  libinit.o(.ARM.Collect$$libinit$$00000000)
    __rt_lib_init_fp_1                       0x0000014f   Thumb Code     0  libinit2.o(.ARM.Collect$$libinit$$00000001)
    __rt_lib_init_alloca_1                   0x00000153   Thumb Code     0  libinit2.o(.ARM.Collect$$libinit$$0000002C)
    __rt_lib_init_argv_1                     0x00000153   Thumb Code     0  libinit2.o(.ARM.Collect$$libinit$$0000002A)
    __rt_lib_init_atexit_1                   0x00000153   Thumb Code     0  libinit2.o(.ARM.Collect$$libinit$$00000019)
    __rt_lib_init_clock_1                    0x00000153   Thumb Code     0  libinit2.o(.ARM.Collect$$libinit$$0000001F)
    __rt_lib_init_cpp_1                      0x00000153   Thumb Code     0  libinit2.o(.ARM.Collect$$libinit$$00000030)
    __rt_lib_init_exceptions_1               0x00000153   Thumb Code     0  libinit2.o(.ARM.Collect$$libinit$$0000002E)
    __rt_lib_init_fp_trap_1                  0x00000153   Thumb Code     0  libinit2.o(.ARM.Collect$$libinit$$0000001D)
    __rt_lib_init_getenv_1                   0x00000153   Thumb Code     0  libinit2.o(.ARM.Collect$$libinit$$00000021)
    __rt_lib_init_heap_1                     0x00000153   Thumb Code     0  libinit2.o(.ARM.Collect$$libinit$$00000008)
    __rt_lib_init_lc_collate_1               0x00000153   Thumb Code     0  libinit2.o(.ARM.Collect$$libinit$$0000000F)
    __rt_lib_init_lc_ctype_1                 0x00000153   Thumb Code     0  libinit2.o(.ARM.Collect$$libinit$$00000011)
    __rt_lib_init_lc_monetary_1              0x00000153   Thumb Code     0  libinit2.o(.ARM.Collect$$libinit$$00000013)
    __rt_lib_init_lc_numeric_1               0x00000153   Thumb Code     0  libinit2.o(.ARM.Collect$$libinit$$00000015)
    __rt_lib_init_lc_time_1                  0x00000153   Thumb Code     0  libinit2.o(.ARM.Collect$$libinit$$00000017)
    __rt_lib_init_rand_1                     0x00000153   Thumb Code     0  libinit2.o(.ARM.Collect$$libinit$$0000000C)
    __rt_lib_init_return                     0x00000153   Thumb Code     0  libinit2.o(.ARM.Collect$$libinit$$00000031)
    __rt_lib_init_signal_1                   0x00000153   Thumb Code     0  libinit2.o(.ARM.Collect$$libinit$$0000001B)
    __rt_lib_init_stdio_1                    0x00000153   Thumb Code     0  libinit2.o(.ARM.Collect$$libinit$$00000023)
    __rt_lib_init_user_alloc_1               0x00000153   Thumb Code     0  libinit2.o(.ARM.Collect$$libinit$$0000000A)
    __rt_lib_shutdown                        0x00000155   Thumb Code     0  libshutdown.o(.ARM.Collect$$libshutdown$$00000000)
    __rt_lib_shutdown_fp_trap_1              0x00000157   Thumb Code     0  libshutdown2.o(.ARM.Collect$$libshutdown$$00000006)
    __rt_lib_shutdown_heap_1                 0x00000157   Thumb Code     0  libshutdown2.o(.ARM.Collect$$libshutdown$$0000000E)
    __rt_lib_shutdown_return                 0x00000157   Thumb Code     0  libshutdown2.o(.ARM.Collect$$libshutdown$$0000000F)
    __rt_lib_shutdown_signal_1               0x00000157   Thumb Code     0  libshutdown2.o(.ARM.Collect$$libshutdown$$00000009)
    __rt_lib_shutdown_stdio_1                0x00000157   Thumb Code     0  libshutdown2.o(.ARM.Collect$$libshutdown$$00000003)
    __rt_lib_shutdown_user_alloc_1           0x00000157   Thumb Code     0  libshutdown2.o(.ARM.Collect$$libshutdown$$0000000B)
    __rt_entry                               0x00000159   Thumb Code     0  rtentry.o(.ARM.Collect$$rtentry$$00000000)
    __rt_entry_presh_1                       0x00000159   Thumb Code     0  rtentry2.o(.ARM.Collect$$rtentry$$00000002)
    __rt_entry_sh                            0x00000159   Thumb Code     0  rtentry4.o(.ARM.Collect$$rtentry$$00000004)
    __rt_entry_li                            0x0000015f   Thumb Code     0  rtentry2.o(.ARM.Collect$$rtentry$$0000000A)
    __rt_entry_postsh_1                      0x0000015f   Thumb Code     0  rtentry2.o(.ARM.Collect$$rtentry$$00000009)
    __rt_entry_main                          0x00000163   Thumb Code     0  rtentry2.o(.ARM.Collect$$rtentry$$0000000D)
    __rt_entry_postli_1                      0x00000163   Thumb Code     0  rtentry2.o(.ARM.Collect$$rtentry$$0000000C)
    __rt_exit                                0x0000016b   Thumb Code     0  rtexit.o(.ARM.Collect$$rtexit$$00000000)
    __rt_exit_ls                             0x0000016d   Thumb Code     0  rtexit2.o(.ARM.Collect$$rtexit$$00000003)
    __rt_exit_prels_1                        0x0000016d   Thumb Code     0  rtexit2.o(.ARM.Collect$$rtexit$$00000002)
    __rt_exit_exit                           0x00000171   Thumb Code     0  rtexit2.o(.ARM.Collect$$rtexit$$00000004)
    main                                     0x00000179   Thumb Code    36  uart0_write_test.o(.text)
    Un_Lock_Reg                              0x000001c1   Thumb Code    16  common.o(.text)
    Lock_Reg                                 0x000001d1   Thumb Code     8  common.o(.text)
    PLL_Enable                               0x000001d9   Thumb Code    16  common.o(.text)
    Short_Delay                              0x000001e9   Thumb Code    18  common.o(.text)
    NSR_Enable                               0x000001fb   Thumb Code    14  common.o(.text)
    NSR_Disable                              0x00000209   Thumb Code    16  common.o(.text)
    SendChar                                 0x00000229   Thumb Code    48  retarget.o(.text)
    GetCharPU20                              0x00000259   Thumb Code    26  retarget.o(.text)
    _ttywrch                                 0x00000273   Thumb Code    12  retarget.o(.text)
    fputc                                    0x0000027f   Thumb Code    16  retarget.o(.text)
    fgetc                                    0x0000028f   Thumb Code    10  retarget.o(.text)
    ferror                                   0x00000299   Thumb Code     8  retarget.o(.text)
    Reset_Handler                            0x000002a5   Thumb Code    32  startup_m051.o(.text)
    NMI_Handler                              0x000002c5   Thumb Code     2  startup_m051.o(.text)
    HardFault_Handler                        0x000002c7   Thumb Code     2  startup_m051.o(.text)
    SVC_Handler                              0x000002c9   Thumb Code     2  startup_m051.o(.text)
    PendSV_Handler                           0x000002cb   Thumb Code     2  startup_m051.o(.text)
    ADC_IRQHandler                           0x000002cf   Thumb Code     0  startup_m051.o(.text)
    BOD_IRQHandler                           0x000002cf   Thumb Code     0  startup_m051.o(.text)
    EINT0_IRQHandler                         0x000002cf   Thumb Code     0  startup_m051.o(.text)
    EINT1_IRQHandler                         0x000002cf   Thumb Code     0  startup_m051.o(.text)
    GPIOP0P1_IRQHandler                      0x000002cf   Thumb Code     0  startup_m051.o(.text)
    GPIOP2P3P4_IRQHandler                    0x000002cf   Thumb Code     0  startup_m051.o(.text)
    I2C_IRQHandler                           0x000002cf   Thumb Code     0  startup_m051.o(.text)
    PWMA_IRQHandler                          0x000002cf   Thumb Code     0  startup_m051.o(.text)
    PWMB_IRQHandler                          0x000002cf   Thumb Code     0  startup_m051.o(.text)
    PWRWU_IRQHandler                         0x000002cf   Thumb Code     0  startup_m051.o(.text)
    SPI0_IRQHandler                          0x000002cf   Thumb Code     0  startup_m051.o(.text)
    SPI1_IRQHandler                          0x000002cf   Thumb Code     0  startup_m051.o(.text)
    TMR0_IRQHandler                          0x000002cf   Thumb Code     0  startup_m051.o(.text)
    TMR1_IRQHandler                          0x000002cf   Thumb Code     0  startup_m051.o(.text)
    TMR2_IRQHandler                          0x000002cf   Thumb Code     0  startup_m051.o(.text)
    TMR3_IRQHandler                          0x000002cf   Thumb Code     0  startup_m051.o(.text)
    WDT_IRQHandler                           0x000002cf   Thumb Code     0  startup_m051.o(.text)
    __user_initial_stackheap                 0x000002d1   Thumb Code     0  startup_m051.o(.text)
    Init_System_Clocks_PLL                   0x00000301   Thumb Code    76  system_clock.o(.text)
    Init_System_Clocks_External_12MHz        0x0000034d   Thumb Code    74  system_clock.o(.text)
    Init_System_Millis_Timer                 0x00000397   Thumb Code    46  system_clock.o(.text)
    millis                                   0x000003c5   Thumb Code    50  system_clock.o(.text)
    Reset_millis                             0x000003f7   Thumb Code     8  system_clock.o(.text)
    SysTick_Handler                          0x000003ff   Thumb Code    12  system_clock.o(.text)
    parseUART0buffer                         0x00000429   Thumb Code   142  uart.o(.text)
    parseUART0buffer2                        0x000004b7   Thumb Code    46  uart.o(.text)
    Init_Uart0                               0x000004e5   Thumb Code   254  uart.o(.text)
    UART0_IRQHandler                         0x000005e3   Thumb Code    70  uart.o(.text)
    Init_Uart1                               0x00000629   Thumb Code   246  uart.o(.text)
    UART1_IRQHandler                         0x0000071f   Thumb Code    92  uart.o(.text)
    __2printf                                0x000007ed   Thumb Code    22  noretval__2printf.o(.text)
    _printf_int_dec                          0x00000809   Thumb Code    90  _printf_dec.o(.text)
    __printf                                 0x00000875   Thumb Code   270  __printf_wp.o(.text)
    __aeabi_uidiv                            0x00000983   Thumb Code     0  aeabi_sdiv.o(.text)
    __aeabi_uidivmod                         0x00000983   Thumb Code    20  aeabi_sdiv.o(.text)
    __aeabi_idiv                             0x00000997   Thumb Code     0  aeabi_sdiv.o(.text)
    __aeabi_idivmod                          0x00000997   Thumb Code   326  aeabi_sdiv.o(.text)
    __use_two_region_memory                  0x00000add   Thumb Code     2  heapauxi.o(.text)
    __rt_heap_escrow$2region                 0x00000adf   Thumb Code     2  heapauxi.o(.text)
    __rt_heap_expand$2region                 0x00000ae1   Thumb Code     2  heapauxi.o(.text)
    __aeabi_d2f                              0x00000ae5   Thumb Code     0  d2f.o(.text)
    _d2f                                     0x00000ae5   Thumb Code   120  d2f.o(.text)
    __aeabi_ddiv                             0x00000b61   Thumb Code     0  ddiv.o(.text)
    _ddiv                                    0x00000b61   Thumb Code  1072  ddiv.o(.text)
    _drdiv                                   0x00000f91   Thumb Code    20  ddiv.o(.text)
    __aeabi_f2d                              0x00000fa9   Thumb Code     0  f2d.o(.text)
    _f2d                                     0x00000fa9   Thumb Code    80  f2d.o(.text)
    __aeabi_i2f_normalise                    0x00000ffd   Thumb Code    72  fflti.o(.text)
    __aeabi_i2f                              0x00001045   Thumb Code    16  fflti.o(.text)
    _fflt                                    0x00001045   Thumb Code     0  fflti.o(.text)
    __aeabi_ui2f                             0x00001055   Thumb Code     6  fflti.o(.text)
    _ffltu                                   0x00001055   Thumb Code     0  fflti.o(.text)
    _printf_int_common                       0x0000105b   Thumb Code   176  _printf_intcommon.o(.text)
    _printf_char_file                        0x0000110d   Thumb Code    34  _printf_char_file.o(.text)
    __rt_udiv10                              0x00001135   Thumb Code    40  rtudiv10.o(.text)
    _printf_char_common                      0x00001167   Thumb Code    32  _printf_char_common.o(.text)
    __user_setup_stackheap                   0x0000118d   Thumb Code    62  sys_stackheap_outer.o(.text)
    exit                                     0x000011cb   Thumb Code    12  exit.o(.text)
    __user_libspace                          0x000011d9   Thumb Code     8  libspace.o(.text)
    __user_perproc_libspace                  0x000011d9   Thumb Code     0  libspace.o(.text)
    __user_perthread_libspace                0x000011d9   Thumb Code     0  libspace.o(.text)
    _sys_exit                                0x000011e1   Thumb Code     8  sys_exit.o(.text)
    __I$use$semihosting                      0x000011ed   Thumb Code     0  use_no_semi.o(.text)
    __use_no_semihosting_swi                 0x000011ed   Thumb Code     2  use_no_semi.o(.text)
    __semihosting_library_function           0x000011ef   Thumb Code     0  indicate_semi.o(.text)
    _is_digit                                0x000011ef   Thumb Code    14  __printf_wp.o(i._is_digit)
    __aeabi_fmul                             0x000011fd   Thumb Code     0  fmul.o(x$fpl$fmul)
    _fmul                                    0x000011fd   Thumb Code   172  fmul.o(x$fpl$fmul)
    __I$use$fp                               0x000012ac   Number         0  usenofp.o(x$fpl$usenofp)
    Region$$Table$$Base                      0x0000132c   Number         0  anon$$obj.o(Region$$Table)
    Region$$Table$$Limit                     0x0000134c   Number         0  anon$$obj.o(Region$$Table)
    __stdout                                 0x20000004   Data           4  retarget.o(.data)
    __stdin                                  0x20000008   Data           4  retarget.o(.data)
    time_CPU_Cycle                           0x2000000c   Data           4  system_clock.o(.data)
    clkspeed                                 0x20000010   Data           4  system_clock.o(.data)
    time_Millis_Sec                          0x20000014   Data           4  system_clock.o(.data)
    count                                    0x20000018   Data           4  system_clock.o(.data)
    count0                                   0x2000001c   Data           4  uart.o(.data)
    count1                                   0x20000020   Data           4  uart.o(.data)
    jj                                       0x20000024   Data           4  uart.o(.data)
    RX0Data                                  0x20000028   Data          12  uart.o(.bss)
    RX1Data                                  0x20000034   Data          12  uart.o(.bss)
    __libspace_start                         0x20000040   Data          96  libspace.o(.bss)
    __temporary_stack_top$libspace           0x200000a0   Data           0  libspace.o(.bss)



==============================================================================

Memory Map of the image

  Image Entry point : 0x000002a5

  Load Region LR_1 (Base: 0x00000000, Size: 0x00001374, Max: 0xffffffff, ABSOLUTE)

    Execution Region ER_RO (Base: 0x00000000, Size: 0x0000134c, Max: 0xffffffff, ABSOLUTE)

    Base Addr    Size         Type   Attr      Idx    E Section Name        Object

    0x00000000   0x000000c0   Data   RO           75    RESET               startup_m051.o
    0x000000c0   0x00000008   Code   RO          159  * !!!main             c_p.l(__main.o)
    0x000000c8   0x0000003c   Code   RO          346    !!!scatter          c_p.l(__scatter.o)
    0x00000104   0x0000001a   Code   RO          348    !!handler_copy      c_p.l(__scatter_copy.o)
    0x0000011e   0x00000002   PAD
    0x00000120   0x0000001c   Code   RO          350    !!handler_zi        c_p.l(__scatter_zi.o)
    0x0000013c   0x00000002   Code   RO          152    .ARM.Collect$$_printf_percent$$00000000  c_p.l(_printf_percent.o)
    0x0000013e   0x0000000a   Code   RO          151    .ARM.Collect$$_printf_percent$$00000009  c_p.l(_printf_d.o)
    0x00000148   0x00000004   Code   RO          181    .ARM.Collect$$_printf_percent$$00000017  c_p.l(_printf_percent_end.o)
    0x0000014c   0x00000002   Code   RO          220    .ARM.Collect$$libinit$$00000000  c_p.l(libinit.o)
    0x0000014e   0x00000004   Code   RO          233    .ARM.Collect$$libinit$$00000001  c_p.l(libinit2.o)
    0x00000152   0x00000000   Code   RO          237    .ARM.Collect$$libinit$$00000008  c_p.l(libinit2.o)
    0x00000152   0x00000000   Code   RO          239    .ARM.Collect$$libinit$$0000000A  c_p.l(libinit2.o)
    0x00000152   0x00000000   Code   RO          241    .ARM.Collect$$libinit$$0000000C  c_p.l(libinit2.o)
    0x00000152   0x00000000   Code   RO          244    .ARM.Collect$$libinit$$0000000F  c_p.l(libinit2.o)
    0x00000152   0x00000000   Code   RO          246    .ARM.Collect$$libinit$$00000011  c_p.l(libinit2.o)
    0x00000152   0x00000000   Code   RO          248    .ARM.Collect$$libinit$$00000013  c_p.l(libinit2.o)
    0x00000152   0x00000000   Code   RO          250    .ARM.Collect$$libinit$$00000015  c_p.l(libinit2.o)
    0x00000152   0x00000000   Code   RO          252    .ARM.Collect$$libinit$$00000017  c_p.l(libinit2.o)
    0x00000152   0x00000000   Code   RO          254    .ARM.Collect$$libinit$$00000019  c_p.l(libinit2.o)
    0x00000152   0x00000000   Code   RO          256    .ARM.Collect$$libinit$$0000001B  c_p.l(libinit2.o)
    0x00000152   0x00000000   Code   RO          258    .ARM.Collect$$libinit$$0000001D  c_p.l(libinit2.o)
    0x00000152   0x00000000   Code   RO          260    .ARM.Collect$$libinit$$0000001F  c_p.l(libinit2.o)
    0x00000152   0x00000000   Code   RO          262    .ARM.Collect$$libinit$$00000021  c_p.l(libinit2.o)
    0x00000152   0x00000000   Code   RO          264    .ARM.Collect$$libinit$$00000023  c_p.l(libinit2.o)
    0x00000152   0x00000000   Code   RO          268    .ARM.Collect$$libinit$$0000002A  c_p.l(libinit2.o)
    0x00000152   0x00000000   Code   RO          270    .ARM.Collect$$libinit$$0000002C  c_p.l(libinit2.o)
    0x00000152   0x00000000   Code   RO          272    .ARM.Collect$$libinit$$0000002E  c_p.l(libinit2.o)
    0x00000152   0x00000000   Code   RO          274    .ARM.Collect$$libinit$$00000030  c_p.l(libinit2.o)
    0x00000152   0x00000002   Code   RO          275    .ARM.Collect$$libinit$$00000031  c_p.l(libinit2.o)
    0x00000154   0x00000002   Code   RO          304    .ARM.Collect$$libshutdown$$00000000  c_p.l(libshutdown.o)
    0x00000156   0x00000000   Code   RO          331    .ARM.Collect$$libshutdown$$00000003  c_p.l(libshutdown2.o)
    0x00000156   0x00000000   Code   RO          334    .ARM.Collect$$libshutdown$$00000006  c_p.l(libshutdown2.o)
    0x00000156   0x00000000   Code   RO          337    .ARM.Collect$$libshutdown$$00000009  c_p.l(libshutdown2.o)
    0x00000156   0x00000000   Code   RO          339    .ARM.Collect$$libshutdown$$0000000B  c_p.l(libshutdown2.o)
    0x00000156   0x00000000   Code   RO          342    .ARM.Collect$$libshutdown$$0000000E  c_p.l(libshutdown2.o)
    0x00000156   0x00000002   Code   RO          343    .ARM.Collect$$libshutdown$$0000000F  c_p.l(libshutdown2.o)
    0x00000158   0x00000000   Code   RO          172    .ARM.Collect$$rtentry$$00000000  c_p.l(rtentry.o)
    0x00000158   0x00000000   Code   RO          186    .ARM.Collect$$rtentry$$00000002  c_p.l(rtentry2.o)
    0x00000158   0x00000006   Code   RO          198    .ARM.Collect$$rtentry$$00000004  c_p.l(rtentry4.o)
    0x0000015e   0x00000000   Code   RO          188    .ARM.Collect$$rtentry$$00000009  c_p.l(rtentry2.o)
    0x0000015e   0x00000004   Code   RO          189    .ARM.Collect$$rtentry$$0000000A  c_p.l(rtentry2.o)
    0x00000162   0x00000000   Code   RO          191    .ARM.Collect$$rtentry$$0000000C  c_p.l(rtentry2.o)
    0x00000162   0x00000008   Code   RO          192    .ARM.Collect$$rtentry$$0000000D  c_p.l(rtentry2.o)
    0x0000016a   0x00000002   Code   RO          225    .ARM.Collect$$rtexit$$00000000  c_p.l(rtexit.o)
    0x0000016c   0x00000000   Code   RO          279    .ARM.Collect$$rtexit$$00000002  c_p.l(rtexit2.o)
    0x0000016c   0x00000004   Code   RO          280    .ARM.Collect$$rtexit$$00000003  c_p.l(rtexit2.o)
    0x00000170   0x00000006   Code   RO          281    .ARM.Collect$$rtexit$$00000004  c_p.l(rtexit2.o)
    0x00000176   0x00000002   PAD
    0x00000178   0x00000048   Code   RO            1    .text               uart0_write_test.o
    0x000001c0   0x00000068   Code   RO           42    .text               common.o
    0x00000228   0x0000007c   Code   RO           54    .text               retarget.o
    0x000002a4   0x0000005c   Code   RO           76  * .text               startup_m051.o
    0x00000300   0x00000128   Code   RO           81    .text               system_clock.o
    0x00000428   0x000003c4   Code   RO           99    .text               uart.o
    0x000007ec   0x0000001c   Code   RO          125    .text               c_p.l(noretval__2printf.o)
    0x00000808   0x0000006c   Code   RO          129    .text               c_p.l(_printf_dec.o)
    0x00000874   0x0000010e   Code   RO          139    .text               c_p.l(__printf_wp.o)
    0x00000982   0x0000015a   Code   RO          153    .text               c_p.l(aeabi_sdiv.o)
    0x00000adc   0x00000006   Code   RO          157    .text               c_p.l(heapauxi.o)
    0x00000ae2   0x00000002   PAD
    0x00000ae4   0x0000007c   Code   RO          161    .text               fz_ps.l(d2f.o)
    0x00000b60   0x00000448   Code   RO          163    .text               fz_ps.l(ddiv.o)
    0x00000fa8   0x00000054   Code   RO          166    .text               fz_ps.l(f2d.o)
    0x00000ffc   0x0000005e   Code   RO          168    .text               fz_ps.l(fflti.o)
    0x0000105a   0x000000b0   Code   RO          177    .text               c_p.l(_printf_intcommon.o)
    0x0000110a   0x00000002   PAD
    0x0000110c   0x00000028   Code   RO          179    .text               c_p.l(_printf_char_file.o)
    0x00001134   0x00000028   Code   RO          182    .text               c_p.l(rtudiv10.o)
    0x0000115c   0x00000030   Code   RO          202    .text               c_p.l(_printf_char_common.o)
    0x0000118c   0x0000003e   Code   RO          204    .text               c_p.l(sys_stackheap_outer.o)
    0x000011ca   0x0000000c   Code   RO          209    .text               c_p.l(exit.o)
    0x000011d6   0x00000002   PAD
    0x000011d8   0x00000008   Code   RO          221    .text               c_p.l(libspace.o)
    0x000011e0   0x0000000c   Code   RO          276    .text               c_p.l(sys_exit.o)
    0x000011ec   0x00000002   Code   RO          293    .text               c_p.l(use_no_semi.o)
    0x000011ee   0x00000000   Code   RO          295    .text               c_p.l(indicate_semi.o)
    0x000011ee   0x0000000e   Code   RO          141    i._is_digit         c_p.l(__printf_wp.o)
    0x000011fc   0x000000b0   Code   RO          170    x$fpl$fmul          fz_ps.l(fmul.o)
    0x000012ac   0x00000000   Code   RO          184    x$fpl$usenofp       fz_ps.l(usenofp.o)
    0x000012ac   0x00000080   Data   RO          164    .constdata          fz_ps.l(ddiv.o)
    0x0000132c   0x00000020   Data   RO          344    Region$$Table       anon$$obj.o


    Execution Region ER_RW (Base: 0x20000000, Size: 0x00000028, Max: 0xffffffff, ABSOLUTE)

    Base Addr    Size         Type   Attr      Idx    E Section Name        Object

    0x20000000   0x00000004   Data   RW            2    .data               uart0_write_test.o
    0x20000004   0x00000008   Data   RW           55    .data               retarget.o
    0x2000000c   0x00000010   Data   RW           82    .data               system_clock.o
    0x2000001c   0x0000000c   Data   RW          101    .data               uart.o


    Execution Region ER_ZI (Base: 0x20000028, Size: 0x00000478, Max: 0xffffffff, ABSOLUTE)

    Base Addr    Size         Type   Attr      Idx    E Section Name        Object

    0x20000028   0x00000018   Zero   RW          100    .bss                uart.o
    0x20000040   0x00000060   Zero   RW          222    .bss                c_p.l(libspace.o)
    0x200000a0   0x00000000   Zero   RW           74    HEAP                startup_m051.o
    0x200000a0   0x00000400   Zero   RW           73    STACK               startup_m051.o


==============================================================================

Image component sizes


      Code (inc. data)   RO Data    RW Data    ZI Data      Debug   Object Name

       104         16          0          0          0       1053   common.o
       124          4          0          8          0       3313   retarget.o
        92         38        192          0       1024        692   startup_m051.o
       296         30          0         16          0       1696   system_clock.o
       964        114          0         12         24       2932   uart.o
        72         36          0          4          0       4947   uart0_write_test.o

    ----------------------------------------------------------------------
      1652        238        224         40       1048      14633   Object Totals
         0          0         32          0          0          0   (incl. Generated)
         0          0          0          0          0          0   (incl. Padding)

    ----------------------------------------------------------------------

      Code (inc. data)   RO Data    RW Data    ZI Data      Debug   Library Member Name

         8          0          0          0          0         68   __main.o
       284          0          0          0          0        136   __printf_wp.o
        60          8          0          0          0          0   __scatter.o
        26          0          0          0          0          0   __scatter_copy.o
        28          0          0          0          0          0   __scatter_zi.o
        48          6          0          0          0         88   _printf_char_common.o
        40          6          0          0          0         72   _printf_char_file.o
        10          0          0          0          0          0   _printf_d.o
       108         18          0          0          0         76   _printf_dec.o
       176          0          0          0          0         84   _printf_intcommon.o
         2          0          0          0          0          0   _printf_percent.o
         4          0          0          0          0          0   _printf_percent_end.o
       346          0          0          0          0         92   aeabi_sdiv.o
        12          0          0          0          0         64   exit.o
         6          0          0          0          0        136   heapauxi.o
         0          0          0          0          0          0   indicate_semi.o
         2          0          0          0          0          0   libinit.o
         6          0          0          0          0          0   libinit2.o
         2          0          0          0          0          0   libshutdown.o
         2          0          0          0          0          0   libshutdown2.o
         8          4          0          0         96         68   libspace.o
        28          6          0          0          0         84   noretval__2printf.o
         0          0          0          0          0          0   rtentry.o
        12          0          0          0          0          0   rtentry2.o
         6          0          0          0          0          0   rtentry4.o
         2          0          0          0          0          0   rtexit.o
        10          0          0          0          0          0   rtexit2.o
        40          0          0          0          0         60   rtudiv10.o
        12          4          0          0          0         60   sys_exit.o
        62          0          0          0          0         80   sys_stackheap_outer.o
         2          0          0          0          0         68   use_no_semi.o
       124          4          0          0          0         72   d2f.o
      1096         26        128          0          0        116   ddiv.o
        84          4          0          0          0         60   f2d.o
        94          0          0          0          0         92   fflti.o
       176          4          0          0          0         80   fmul.o
         0          0          0          0          0          0   usenofp.o

    ----------------------------------------------------------------------
      2936         90        128          0         96       1656   Library Totals
        10          0          0          0          0          0   (incl. Padding)

    ----------------------------------------------------------------------

      Code (inc. data)   RO Data    RW Data    ZI Data      Debug   Library Name

      1352         52          0          0         96       1236   c_p.l
      1574         38        128          0          0        420   fz_ps.l

    ----------------------------------------------------------------------
      2936         90        128          0         96       1656   Library Totals

    ----------------------------------------------------------------------

==============================================================================


      Code (inc. data)   RO Data    RW Data    ZI Data      Debug   

      4588        328        352         40       1144      15213   Grand Totals
      4588        328        352         40       1144      15213   ELF Image Totals
      4588        328        352         40          0          0   ROM Totals

==============================================================================

    Total RO  Size (Code + RO Data)                 4940 (   4.82kB)
    Total RW  Size (RW Data + ZI Data)              1184 (   1.16kB)
    Total ROM Size (Code + RO Data + RW Data)       4980 (   4.86kB)

==============================================================================

