Product: MDK-ARM Lite 5.10
Component: ARM Compiler 5.04 update 1 (build 49)
Tool: armlink [5040049]

==============================================================================

Section Cross References

    switchbotmain.o(.text) refers to _printf_percent.o(.ARM.Collect$$_printf_percent$$00000000) for _printf_percent
    switchbotmain.o(.text) refers to _printf_d.o(.ARM.Collect$$_printf_percent$$00000009) for _printf_d
    switchbotmain.o(.text) refers to _printf_f.o(.ARM.Collect$$_printf_percent$$00000003) for _printf_f
    switchbotmain.o(.text) refers to _printf_dec.o(.text) for _printf_int_dec
    switchbotmain.o(.text) refers to printf1.o(x$fpl$printf1) for _printf_fp_dec
    switchbotmain.o(.text) refers to fmul.o(x$fpl$fmul) for __aeabi_fmul
    switchbotmain.o(.text) refers to flef.o(x$fpl$fleqf) for __aeabi_cfcmple
    switchbotmain.o(.text) refers to estimator.o(.text) for Complementary_Filter
    switchbotmain.o(.text) refers to faddsub.o(x$fpl$fsub) for __aeabi_fsub
    switchbotmain.o(.text) refers to f2d.o(.text) for __aeabi_f2d
    switchbotmain.o(.text) refers to dmul.o(.text) for __aeabi_dmul
    switchbotmain.o(.text) refers to daddsub.o(.text) for __aeabi_dadd
    switchbotmain.o(.text) refers to d2f.o(.text) for __aeabi_d2f
    switchbotmain.o(.text) refers to adc.o(.text) for readPots
    switchbotmain.o(.text) refers to ddiv.o(.text) for __aeabi_ddiv
    switchbotmain.o(.text) refers to switchbotmain.o(.data) for K
    switchbotmain.o(.text) refers to switchbotmain.o(.bss) for xhat
    switchbotmain.o(.text) refers to faddsub.o(x$fpl$fadd) for __aeabi_fadd
    switchbotmain.o(.text) refers to encoders.o(.text) for get_encoderRcount
    switchbotmain.o(.text) refers to uart.o(.text) for parseUART0buffer
    switchbotmain.o(.text) refers to switchbotmain.o(i.__ARM_common_switch8) for __ARM_common_switch8
    switchbotmain.o(.text) refers to motor_drive.o(.text) for motorESTOP
    switchbotmain.o(.text) refers to ffixi.o(.text) for __aeabi_f2iz
    switchbotmain.o(.text) refers to dflti.o(.text) for __aeabi_i2d
    switchbotmain.o(.text) refers to drlef.o(x$fpl$drleqf) for __aeabi_cdrcmple
    switchbotmain.o(.text) refers to dlef.o(x$fpl$dleqf) for __aeabi_cdcmple
    switchbotmain.o(.text) refers to fdiv.o(.text) for __aeabi_fdiv
    switchbotmain.o(.text) refers to frlef.o(x$fpl$frleqf) for __aeabi_cfrcmple
    switchbotmain.o(.text) refers to sin.o(i.sin) for sin
    switchbotmain.o(.text) refers to asin.o(i.asin) for asin
    switchbotmain.o(.text) refers to fflti.o(.text) for __aeabi_i2f
    switchbotmain.o(.text) refers to floor.o(i.floor) for floor
    switchbotmain.o(.text) refers to dfixi.o(.text) for __aeabi_d2iz
    switchbotmain.o(.text) refers to faddsub.o(x$fpl$frsb) for __aeabi_frsub
    switchbotmain.o(.text) refers to switchbotmain.o(.constdata) for UDIR
    switchbotmain.o(.text) refers to noretval__2printf.o(.text) for __2printf
    switchbotmain.o(.text) refers to system_clock.o(.text) for Init_System_Clocks_PLL
    switchbotmain.o(.text) refers to imu.o(.text) for Init_Digital_IMU2
    switchbotmain.o(.text) refers to gpio.o(.text) for Init_GPIO_Output
    switchbotmain.o(.text) refers to interrupt_priority.o(.text) for Init_Interrupt_Priority
    switchbotmain.o(.text) refers to timers.o(.text) for Init_Timer2_ISR
    switchbotmain.o(.text) refers to aeabi_sdiv.o(.text) for __aeabi_uidivmod
    startup_m051.o(STACK) refers (Special) to heapauxi.o(.text) for __use_two_region_memory
    startup_m051.o(HEAP) refers (Special) to heapauxi.o(.text) for __use_two_region_memory
    startup_m051.o(RESET) refers (Special) to heapauxi.o(.text) for __use_two_region_memory
    startup_m051.o(RESET) refers to startup_m051.o(STACK) for __initial_sp
    startup_m051.o(RESET) refers to startup_m051.o(.text) for Reset_Handler
    startup_m051.o(RESET) refers to system_clock.o(.text) for SysTick_Handler
    startup_m051.o(RESET) refers to encoders.o(.text) for GPIOP0P1_IRQHandler
    startup_m051.o(RESET) refers to switchbotmain.o(.text) for TMR2_IRQHandler
    startup_m051.o(RESET) refers to uart.o(.text) for UART0_IRQHandler
    startup_m051.o(.text) refers (Special) to heapauxi.o(.text) for __use_two_region_memory
    startup_m051.o(.text) refers to __main.o(!!!main) for __main
    startup_m051.o(.text) refers to startup_m051.o(HEAP) for Heap_Mem
    startup_m051.o(.text) refers to startup_m051.o(STACK) for Stack_Mem
    system_clock.o(.text) refers to common.o(.text) for Un_Lock_Reg
    system_clock.o(.text) refers to fflti.o(.text) for __aeabi_ui2f
    system_clock.o(.text) refers to fmul.o(x$fpl$fmul) for __aeabi_fmul
    system_clock.o(.text) refers to system_clock.o(.data) for count
    uart.o(.text) refers to system_clock.o(.text) for millis
    uart.o(.text) refers to faddsub.o(x$fpl$fsub) for __aeabi_fsub
    uart.o(.text) refers to f2d.o(.text) for __aeabi_f2d
    uart.o(.text) refers to dlef.o(x$fpl$dleqf) for __aeabi_cdcmple
[...]
    ../clib/bigflt.c                         0x00000000   Number         0  bigflt0.o ABSOLUTE
    ../clib/btod.c                           0x00000000   Number         0  btod.o ABSOLUTE
    ../clib/division.c                       0x00000000   Number         0  lludiv10.o ABSOLUTE
    ../clib/division.c                       0x00000000   Number         0  rtudiv10.o ABSOLUTE
    ../clib/division.s                       0x00000000   Number         0  aeabi_sdiv_div0.o ABSOLUTE
    ../clib/division.s                       0x00000000   Number         0  aeabi_sdiv.o ABSOLUTE
    ../clib/fenv.c                           0x00000000   Number         0  _rserrno.o ABSOLUTE
    ../clib/heapalloc.c                      0x00000000   Number         0  hrguard.o ABSOLUTE
    ../clib/heapaux.c                        0x00000000   Number         0  heapauxi.o ABSOLUTE
    ../clib/libinit.s                        0x00000000   Number         0  libshutdown2.o ABSOLUTE
    ../clib/libinit.s                        0x00000000   Number         0  libshutdown.o ABSOLUTE
    ../clib/libinit.s                        0x00000000   Number         0  libinit.o ABSOLUTE
    ../clib/libinit.s                        0x00000000   Number         0  libinit2.o ABSOLUTE
    ../clib/locale.s                         0x00000000   Number         0  lc_numeric_c.o ABSOLUTE
    ../clib/misc.s                           0x00000000   Number         0  printf_stubs.o ABSOLUTE
    ../clib/printf.c                         0x00000000   Number         0  _printf_fp_dec.o ABSOLUTE
    ../clib/printf.c                         0x00000000   Number         0  __2printf.o ABSOLUTE
    ../clib/printf.c                         0x00000000   Number         0  _printf_char_file.o ABSOLUTE
    ../clib/printf.c                         0x00000000   Number         0  __printf.o ABSOLUTE
    ../clib/printf.c                         0x00000000   Number         0  _printf_dec.o ABSOLUTE
    ../clib/printf.c                         0x00000000   Number         0  __printf_flags.o ABSOLUTE
    ../clib/printf.c                         0x00000000   Number         0  __printf_ss.o ABSOLUTE
    ../clib/printf.c                         0x00000000   Number         0  __printf_flags_ss.o ABSOLUTE
    ../clib/printf.c                         0x00000000   Number         0  __printf_wp.o ABSOLUTE
    ../clib/printf.c                         0x00000000   Number         0  __printf_flags_wp.o ABSOLUTE
    ../clib/printf.c                         0x00000000   Number         0  __printf_ss_wp.o ABSOLUTE
    ../clib/printf.c                         0x00000000   Number         0  __printf_flags_ss_wp.o ABSOLUTE
    ../clib/printf.c                         0x00000000   Number         0  noretval__2printf.o ABSOLUTE
    ../clib/printf.c                         0x00000000   Number         0  __printf_nopercent.o ABSOLUTE
    ../clib/printf.c                         0x00000000   Number         0  _printf_intcommon.o ABSOLUTE
    ../clib/printf.c                         0x00000000   Number         0  _printf_fp_infnan.o ABSOLUTE
    ../clib/printf.c                         0x00000000   Number         0  _printf_char_common.o ABSOLUTE
    ../clib/printf_percent.s                 0x00000000   Number         0  _printf_percent_end.o ABSOLUTE
    ../clib/printf_percent.s                 0x00000000   Number         0  _printf_d.o ABSOLUTE
    ../clib/printf_percent.s                 0x00000000   Number         0  _printf_percent.o ABSOLUTE
    ../clib/printf_percent.s                 0x00000000   Number         0  _printf_f.o ABSOLUTE
    ../clib/signal.c                         0x00000000   Number         0  defsig_rtred_inner.o ABSOLUTE
    ../clib/signal.c                         0x00000000   Number         0  defsig_rtmem_formal.o ABSOLUTE
    ../clib/signal.c                         0x00000000   Number         0  defsig_rtmem_outer.o ABSOLUTE
    ../clib/signal.c                         0x00000000   Number         0  defsig_stak_inner.o ABSOLUTE
    ../clib/signal.c                         0x00000000   Number         0  defsig_rtmem_inner.o ABSOLUTE
    ../clib/signal.c                         0x00000000   Number         0  defsig_exit.o ABSOLUTE
    ../clib/signal.c                         0x00000000   Number         0  defsig_fpe_inner.o ABSOLUTE
    ../clib/signal.c                         0x00000000   Number         0  defsig_general.o ABSOLUTE
    ../clib/signal.c                         0x00000000   Number         0  __raise.o ABSOLUTE
    ../clib/signal.c                         0x00000000   Number         0  defsig_abrt_inner.o ABSOLUTE
    ../clib/signal.c                         0x00000000   Number         0  defsig_other.o ABSOLUTE
    ../clib/signal.c                         0x00000000   Number         0  defsig_cppl_inner.o ABSOLUTE
    ../clib/signal.c                         0x00000000   Number         0  defsig_segv_inner.o ABSOLUTE
    ../clib/signal.c                         0x00000000   Number         0  defsig_pvfn_inner.o ABSOLUTE
    ../clib/signal.c                         0x00000000   Number         0  defsig_fpe_formal.o ABSOLUTE
    ../clib/signal.c                         0x00000000   Number         0  defsig_fpe_outer.o ABSOLUTE
    ../clib/signal.s                         0x00000000   Number         0  defsig.o ABSOLUTE
    ../clib/stdlib.c                         0x00000000   Number         0  exit.o ABSOLUTE
    ../clib/string.c                         0x00000000   Number         0  strcmp.o ABSOLUTE
    ../fplib/cfplib/cmpret.c                 0x00000000   Number         0  cmpret.o ABSOLUTE
    ../fplib/cfplib/d2f.c                    0x00000000   Number         0  d2f.o ABSOLUTE
    ../fplib/cfplib/daddsub.c                0x00000000   Number         0  daddsub.o ABSOLUTE
    ../fplib/cfplib/dcmpin.c                 0x00000000   Number         0  dcmpin.o ABSOLUTE
    ../fplib/cfplib/ddiv.c                   0x00000000   Number         0  ddiv.o ABSOLUTE
    ../fplib/cfplib/dmul.c                   0x00000000   Number         0  dmul.o ABSOLUTE
    ../fplib/cfplib/dsqrt.c                  0x00000000   Number         0  dsqrt.o ABSOLUTE
    ../fplib/cfplib/f2d.c                    0x00000000   Number         0  f2d.o ABSOLUTE
    ../fplib/cfplib/fcmpin.c                 0x00000000   Number         0  fcmpin.o ABSOLUTE
    ../fplib/cfplib/fdiv.c                   0x00000000   Number         0  fdiv.o ABSOLUTE
    ../fplib/cfplib/ffix.c                   0x00000000   Number         0  dfixi.o ABSOLUTE
    ../fplib/cfplib/ffix.c                   0x00000000   Number         0  ffixi.o ABSOLUTE
    ../fplib/cfplib/fflt.c                   0x00000000   Number         0  fflti.o ABSOLUTE
    ../fplib/cfplib/fflt.c                   0x00000000   Number         0  dflti.o ABSOLUTE
    ../fplib/cfplib/fpinit.c                 0x00000000   Number         0  fpinit.o ABSOLUTE
    ../fplib/cfplib/ieee_status.c            0x00000000   Number         0  ieee_status.o ABSOLUTE
    ../fplib/cfplib/nan2.c                   0x00000000   Number         0  dnan2.o ABSOLUTE
    ../fplib/cfplib/nan2.c                   0x00000000   Number         0  fnan2.o ABSOLUTE
    ../fplib/cfplib/retnan.c                 0x00000000   Number         0  retnan.o ABSOLUTE
    ../fplib/cfplib/scalbn.c                 0x00000000   Number         0  dscalbn.o ABSOLUTE
    ../fplib/dleqf6m.s                       0x00000000   Number         0  dlef.o ABSOLUTE
    ../fplib/drleqf6m.s                      0x00000000   Number         0  drlef.o ABSOLUTE
    ../fplib/faddsub6m.s                     0x00000000   Number         0  faddsub.o ABSOLUTE
    ../fplib/fleqf6m.s                       0x00000000   Number         0  flef.o ABSOLUTE
    ../fplib/fmul6m.s                        0x00000000   Number         0  fmul.o ABSOLUTE
    ../fplib/frleqf6m.s                      0x00000000   Number         0  frlef.o ABSOLUTE
    ../fplib/printf1.s                       0x00000000   Number         0  printf1.o ABSOLUTE
    ../fplib/usenofp.s                       0x00000000   Number         0  usenofp.o ABSOLUTE
    ../mathlib/asin.c                        0x00000000   Number         0  asin.o ABSOLUTE
    ../mathlib/asin.c                        0x00000000   Number         0  asin_x.o ABSOLUTE
    ../mathlib/atan.c                        0x00000000   Number         0  atan.o ABSOLUTE
    ../mathlib/atan.c                        0x00000000   Number         0  atan_x.o ABSOLUTE
    ../mathlib/atan2.c                       0x00000000   Number         0  atan2_x.o ABSOLUTE
    ../mathlib/atan2.c                       0x00000000   Number         0  atan2.o ABSOLUTE
    ../mathlib/cos_i.c                       0x00000000   Number         0  cos_i.o ABSOLUTE
    ../mathlib/dunder.c                      0x00000000   Number         0  dunder.o ABSOLUTE
    ../mathlib/floor.c                       0x00000000   Number         0  floor.o ABSOLUTE
    ../mathlib/fpclassify.c                  0x00000000   Number         0  fpclassify.o ABSOLUTE
    ../mathlib/poly.c                        0x00000000   Number         0  poly.o ABSOLUTE
    ../mathlib/qnan.c                        0x00000000   Number         0  qnan.o ABSOLUTE
    ../mathlib/rred.c                        0x00000000   Number         0  rred.o ABSOLUTE
    ../mathlib/sin.c                         0x00000000   Number         0  sin_x.o ABSOLUTE
    ../mathlib/sin.c                         0x00000000   Number         0  sin.o ABSOLUTE
    ../mathlib/sin_i.c                       0x00000000   Number         0  sin_i.o ABSOLUTE
    ../mathlib/sin_i.c                       0x00000000   Number         0  sin_i_x.o ABSOLUTE
    ../mathlib/sqrt.c                        0x00000000   Number         0  sqrt.o ABSOLUTE
    ../mathlib/sqrt.c                        0x00000000   Number         0  sqrt_x.o ABSOLUTE
    ..\..\Libraries\Common\common.c          0x00000000   Number         0  common.o ABSOLUTE
    ..\..\Libraries\Common\retarget.c        0x00000000   Number         0  retarget.o ABSOLUTE
    ..\..\Libraries\Common\startup_M051.s    0x00000000   Number         0  startup_m051.o ABSOLUTE
    ..\..\Libraries\MiP_Libraries\ADC\ADC.c  0x00000000   Number         0  adc.o ABSOLUTE
    ..\..\Libraries\MiP_Libraries\Encoders\Encoders.c 0x00000000   Number         0  encoders.o ABSOLUTE
    ..\..\Libraries\MiP_Libraries\Estimator\Estimator.c 0x00000000   Number         0  estimator.o ABSOLUTE
    ..\..\Libraries\MiP_Libraries\GPIO\GPIO.c 0x00000000   Number         0  gpio.o ABSOLUTE
    ..\..\Libraries\MiP_Libraries\IMU\IMU.c  0x00000000   Number         0  imu.o ABSOLUTE
    ..\..\Libraries\MiP_Libraries\Interrupt_Priority\Interrupt_Priority.c 0x00000000   Number         0  interrupt_priority.o ABSOLUTE
    ..\..\Libraries\MiP_Libraries\Motor_drive\Motor_Drive.c 0x00000000   Number         0  motor_drive.o ABSOLUTE
    ..\..\Libraries\MiP_Libraries\PWM\PWM.c  0x00000000   Number         0  pwm.o ABSOLUTE
    ..\..\Libraries\MiP_Libraries\SPI\SPI.c  0x00000000   Number         0  spi.o ABSOLUTE
    ..\..\Libraries\MiP_Libraries\System_Clock\System_Clock.c 0x00000000   Number         0  system_clock.o ABSOLUTE
    ..\..\Libraries\MiP_Libraries\Timers\Timers.c 0x00000000   Number         0  timers.o ABSOLUTE
    ..\..\Libraries\MiP_Libraries\UART\UART.c 0x00000000   Number         0  uart.o ABSOLUTE
    Source\switchbotMain.c                   0x00000000   Number         0  switchbotmain.o ABSOLUTE
    dc.s                                     0x00000000   Number         0  dc.o ABSOLUTE
    !!!main                                  0x000000c0   Section        8  __main.o(!!!main)
    !!!scatter                               0x000000c8   Section       60  __scatter.o(!!!scatter)
    !!handler_zi                             0x00000104   Section       28  __scatter_zi.o(!!handler_zi)
    .ARM.Collect$$_printf_percent$$00000000  0x00000120   Section        2  _printf_percent.o(.ARM.Collect$$_printf_percent$$00000000)
    .ARM.Collect$$_printf_percent$$00000003  0x00000122   Section       10  _printf_f.o(.ARM.Collect$$_printf_percent$$00000003)
    .ARM.Collect$$_printf_percent$$00000009  0x0000012c   Section       10  _printf_d.o(.ARM.Collect$$_printf_percent$$00000009)
    .ARM.Collect$$_printf_percent$$00000017  0x00000136   Section        4  _printf_percent_end.o(.ARM.Collect$$_printf_percent$$00000017)
    .ARM.Collect$$libinit$$00000000          0x0000013a   Section        2  libinit.o(.ARM.Collect$$libinit$$00000000)
    .ARM.Collect$$libinit$$00000001          0x0000013c   Section        4  libinit2.o(.ARM.Collect$$libinit$$00000001)
    .ARM.Collect$$libinit$$00000008          0x00000140   Section        0  libinit2.o(.ARM.Collect$$libinit$$00000008)
    .ARM.Collect$$libinit$$0000000A          0x00000140   Section        0  libinit2.o(.ARM.Collect$$libinit$$0000000A)
    .ARM.Collect$$libinit$$0000000C          0x00000140   Section        0  libinit2.o(.ARM.Collect$$libinit$$0000000C)
    .ARM.Collect$$libinit$$0000000D          0x00000140   Section        6  libinit2.o(.ARM.Collect$$libinit$$0000000D)
    .ARM.Collect$$libinit$$0000000F          0x00000146   Section        0  libinit2.o(.ARM.Collect$$libinit$$0000000F)
    .ARM.Collect$$libinit$$00000011          0x00000146   Section        0  libinit2.o(.ARM.Collect$$libinit$$00000011)
    .ARM.Collect$$libinit$$00000013          0x00000146   Section        0  libinit2.o(.ARM.Collect$$libinit$$00000013)
    .ARM.Collect$$libinit$$00000014          0x00000146   Section       10  libinit2.o(.ARM.Collect$$libinit$$00000014)
    .ARM.Collect$$libinit$$00000015          0x00000150   Section        0  libinit2.o(.ARM.Collect$$libinit$$00000015)
    .ARM.Collect$$libinit$$00000017          0x00000150   Section        0  libinit2.o(.ARM.Collect$$libinit$$00000017)
    .ARM.Collect$$libinit$$00000019          0x00000150   Section        0  libinit2.o(.ARM.Collect$$libinit$$00000019)
    .ARM.Collect$$libinit$$0000001B          0x00000150   Section        0  libinit2.o(.ARM.Collect$$libinit$$0000001B)
    .ARM.Collect$$libinit$$0000001D          0x00000150   Section        0  libinit2.o(.ARM.Collect$$libinit$$0000001D)
    .ARM.Collect$$libinit$$0000001F          0x00000150   Section        0  libinit2.o(.ARM.Collect$$libinit$$0000001F)
    .ARM.Collect$$libinit$$00000021          0x00000150   Section        0  libinit2.o(.ARM.Collect$$libinit$$00000021)
    .ARM.Collect$$libinit$$00000023          0x00000150   Section        0  libinit2.o(.ARM.Collect$$libinit$$00000023)
    .ARM.Collect$$libinit$$0000002A          0x00000150   Section        0  libinit2.o(.ARM.Collect$$libinit$$0000002A)
    .ARM.Collect$$libinit$$0000002C          0x00000150   Section        0  libinit2.o(.ARM.Collect$$libinit$$0000002C)
    .ARM.Collect$$libinit$$0000002E          0x00000150   Section        0  libinit2.o(.ARM.Collect$$libinit$$0000002E)
    .ARM.Collect$$libinit$$00000030          0x00000150   Section        0  libinit2.o(.ARM.Collect$$libinit$$00000030)
    .ARM.Collect$$libinit$$00000031          0x00000150   Section        2  libinit2.o(.ARM.Collect$$libinit$$00000031)
    .ARM.Collect$$libshutdown$$00000000      0x00000152   Section        2  libshutdown.o(.ARM.Collect$$libshutdown$$00000000)
    .ARM.Collect$$libshutdown$$00000003      0x00000154   Section        0  libshutdown2.o(.ARM.Collect$$libshutdown$$00000003)
    .ARM.Collect$$libshutdown$$00000006      0x00000154   Section        0  libshutdown2.o(.ARM.Collect$$libshutdown$$00000006)
    .ARM.Collect$$libshutdown$$00000009      0x00000154   Section        0  libshutdown2.o(.ARM.Collect$$libshutdown$$00000009)
    .ARM.Collect$$libshutdown$$0000000B      0x00000154   Section        0  libshutdown2.o(.ARM.Collect$$libshutdown$$0000000B)
    .ARM.Collect$$libshutdown$$0000000E      0x00000154   Section        0  libshutdown2.o(.ARM.Collect$$libshutdown$$0000000E)
    .ARM.Collect$$libshutdown$$0000000F      0x00000154   Section        2  libshutdown2.o(.ARM.Collect$$libshutdown$$0000000F)
    .ARM.Collect$$rtentry$$00000000          0x00000156   Section        0  rtentry.o(.ARM.Collect$$rtentry$$00000000)
    .ARM.Collect$$rtentry$$00000002          0x00000156   Section        0  rtentry2.o(.ARM.Collect$$rtentry$$00000002)
    .ARM.Collect$$rtentry$$00000004          0x00000156   Section        6  rtentry4.o(.ARM.Collect$$rtentry$$00000004)
    .ARM.Collect$$rtentry$$00000009          0x0000015c   Section        0  rtentry2.o(.ARM.Collect$$rtentry$$00000009)
    .ARM.Collect$$rtentry$$0000000A          0x0000015c   Section        4  rtentry2.o(.ARM.Collect$$rtentry$$0000000A)
    .ARM.Collect$$rtentry$$0000000C          0x00000160   Section        0  rtentry2.o(.ARM.Collect$$rtentry$$0000000C)
    .ARM.Collect$$rtentry$$0000000D          0x00000160   Section        8  rtentry2.o(.ARM.Collect$$rtentry$$0000000D)
    .ARM.Collect$$rtexit$$00000000           0x00000168   Section        2  rtexit.o(.ARM.Collect$$rtexit$$00000000)
    .ARM.Collect$$rtexit$$00000002           0x0000016a   Section        0  rtexit2.o(.ARM.Collect$$rtexit$$00000002)
    .ARM.Collect$$rtexit$$00000003           0x0000016a   Section        4  rtexit2.o(.ARM.Collect$$rtexit$$00000003)
    .ARM.Collect$$rtexit$$00000004           0x0000016e   Section        6  rtexit2.o(.ARM.Collect$$rtexit$$00000004)
    .text                                    0x00000174   Section        0  switchbotmain.o(.text)
    .text                                    0x00001c90   Section        0  common.o(.text)
    .text                                    0x00001cf8   Section        0  retarget.o(.text)
    .text                                    0x00001d74   Section       92  startup_m051.o(.text)
    Default_Handler                          0x00001d9f   Thumb Code     2  startup_m051.o(.text)
    .text                                    0x00001dd0   Section        0  system_clock.o(.text)
    .text                                    0x00001ef8   Section        0  uart.o(.text)
    .text                                    0x00002210   Section        0  spi.o(.text)
    .text                                    0x00002508   Section        0  imu.o(.text)
    .text                                    0x00002694   Section        0  timers.o(.text)
    .text                                    0x000028f4   Section        0  gpio.o(.text)
    .text                                    0x00002bcc   Section        0  pwm.o(.text)
    .text                                    0x00002fdc   Section        0  encoders.o(.text)
    .text                                    0x00003584   Section        0  motor_drive.o(.text)
    .text                                    0x00003aa4   Section        0  estimator.o(.text)
    .text                                    0x00003ba0   Section        0  adc.o(.text)
    .text                                    0x000040d8   Section        0  interrupt_priority.o(.text)
    .text                                    0x0000435c   Section        0  noretval__2printf.o(.text)
    .text                                    0x00004378   Section        0  _printf_dec.o(.text)
    .text                                    0x000043e4   Section        0  __printf_wp.o(.text)
    .text                                    0x000044f2   Section      346  aeabi_sdiv.o(.text)
    .text                                    0x0000464c   Section        0  heapauxi.o(.text)
    .text                                    0x00004654   Section        0  d2f.o(.text)
    .text                                    0x000046d0   Section        0  daddsub.o(.text)
    _dadd1                                   0x000046d1   Thumb Code   290  daddsub.o(.text)
    _dsub1                                   0x000047f3   Thumb Code   470  daddsub.o(.text)
    .text                                    0x00004a20   Section        0  ddiv.o(.text)
    .text                                    0x00004e68   Section        0  dfixi.o(.text)
    .text                                    0x00004ed4   Section        0  dflti.o(.text)
    .text                                    0x00004f2c   Section        0  dmul.o(.text)
    .text                                    0x00005194   Section        0  f2d.o(.text)
    .text                                    0x000051e8   Section        0  fdiv.o(.text)
    .text                                    0x00005348   Section        0  ffixi.o(.text)
    .text                                    0x00005394   Section        0  fflti.o(.text)
    .text                                    0x000053f2   Section        0  _rserrno.o(.text)
    .text                                    0x00005408   Section        0  _printf_intcommon.o(.text)
    .text                                    0x000054b8   Section        0  _printf_fp_dec.o(.text)
    _fp_digits                               0x000054bb   Thumb Code   408  _printf_fp_dec.o(.text)
    .text                                    0x000058cc   Section        0  _printf_char_file.o(.text)
    .text                                    0x000058f4   Section        0  rtudiv10.o(.text)
    .text                                    0x0000591c   Section        0  dcmpin.o(.text)
    .text                                    0x000059ac   Section        0  dscalbn.o(.text)
    .text                                    0x00005a08   Section        0  fcmpin.o(.text)
    .text                                    0x00005a6c   Section        8  rt_locale_intlibspace.o(.text)
    .text                                    0x00005a74   Section        8  rt_errno_addr_intlibspace.o(.text)
    .text                                    0x00005a7c   Section        0  lludiv10.o(.text)
    .text                                    0x00005af8   Section        0  _printf_char_common.o(.text)
    _printf_input_char                       0x00005af9   Thumb Code    10  _printf_char_common.o(.text)
    .text                                    0x00005b28   Section        0  _printf_fp_infnan.o(.text)
    .text                                    0x00005bb0   Section        0  bigflt0.o(.text)
    .text                                    0x00005c78   Section        0  btod.o(.text)
    btod_internal_mul                        0x00005cb9   Thumb Code   456  btod.o(.text)
    btod_internal_div                        0x00005e81   Thumb Code   494  btod.o(.text)
    .text                                    0x00006120   Section        0  cmpret.o(.text)
    .text                                    0x00006150   Section        0  dnan2.o(.text)
    .text                                    0x00006164   Section        0  dsqrt.o(.text)
    .text                                    0x00006268   Section        0  fnan2.o(.text)
    .text                                    0x00006278   Section        8  libspace.o(.text)
    .text                                    0x00006280   Section       62  sys_stackheap_outer.o(.text)
    .text                                    0x000062be   Section        0  exit.o(.text)
    .text                                    0x000062cc   Section        0  strcmp.o(.text)
    .text                                    0x00006354   Section        0  retnan.o(.text)
    .text                                    0x000063b4   Section        0  sys_exit.o(.text)
    .text                                    0x000063c0   Section        2  use_no_semi.o(.text)
    .text                                    0x000063c2   Section        0  indicate_semi.o(.text)
    .text                                    0x000063c2   Section        0  __dczerorl2.o(.text)
    i.__ARM_common_ll_muluu                  0x00006418   Section        0  btod.o(i.__ARM_common_ll_muluu)
    i.__ARM_common_switch8                   0x00006448   Section        0  switchbotmain.o(i.__ARM_common_switch8)
    i.__ARM_fpclassify                       0x00006464   Section        0  fpclassify.o(i.__ARM_fpclassify)
    i.__ieee754_rem_pio2                     0x00006490   Section        0  rred.o(i.__ieee754_rem_pio2)
    i.__kernel_cos                           0x00006830   Section        0  cos_i.o(i.__kernel_cos)
    i.__kernel_poly                          0x00006924   Section        0  poly.o(i.__kernel_poly)
    i.__kernel_sin                           0x000069d0   Section        0  sin_i.o(i.__kernel_sin)
    i.__mathlib_dbl_underflow                0x00006abc   Section        0  dunder.o(i.__mathlib_dbl_underflow)
    i._is_digit                              0x00006ad0   Section        0  __printf_wp.o(i._is_digit)
    i.asin                                   0x00006ae0   Section        0  asin.o(i.asin)
    i.atan                                   0x00006d5c   Section        0  atan.o(i.atan)
    i.atan2                                  0x00006f7c   Section        0  atan2.o(i.atan2)
    i.floor                                  0x000070f4   Section        0  floor.o(i.floor)
    i.sin                                    0x000071bc   Section        0  sin.o(i.sin)
    i.sqrt                                   0x00007260   Section        0  sqrt.o(i.sqrt)
    locale$$code                             0x000072a8   Section       44  lc_numeric_c.o(locale$$code)
    x$fpl$dleqf                              0x000072d4   Section      100  dlef.o(x$fpl$dleqf)
    x$fpl$drleqf                             0x00007338   Section      104  drlef.o(x$fpl$drleqf)
    x$fpl$fadd                               0x000073a0   Section      140  faddsub.o(x$fpl$fadd)
    _fadd1                                   0x000073ad   Thumb Code     0  faddsub.o(x$fpl$fadd)
    x$fpl$fleqf                              0x0000742c   Section       84  flef.o(x$fpl$fleqf)
    x$fpl$fmul                               0x00007480   Section      176  fmul.o(x$fpl$fmul)
    x$fpl$frleqf                             0x00007530   Section       88  frlef.o(x$fpl$frleqf)
    x$fpl$frsb                               0x00007588   Section       24  faddsub.o(x$fpl$frsb)
    x$fpl$fsub                               0x000075a0   Section      208  faddsub.o(x$fpl$fsub)
    _fsub1                                   0x000075ad   Thumb Code     0  faddsub.o(x$fpl$fsub)
    x$fpl$printf1                            0x00007670   Section       16  printf1.o(x$fpl$printf1)
    .constdata                               0x00007680   Section       48  switchbotmain.o(.constdata)
    x$fpl$usenofp                            0x00007680   Section        0  usenofp.o(x$fpl$usenofp)
    .constdata                               0x000076b0   Section      128  ddiv.o(.constdata)
    ddiv_reciptbl                            0x000076b0   Data         128  ddiv.o(.constdata)
    .constdata                               0x00007730   Section       64  fdiv.o(.constdata)
    fdiv_tab                                 0x00007730   Data          64  fdiv.o(.constdata)
    .constdata                               0x00007770   Section       80  asin.o(.constdata)
    pS                                       0x00007770   Data          48  asin.o(.constdata)
    qS                                       0x000077a0   Data          32  asin.o(.constdata)
    .constdata                               0x000077c0   Section      152  atan.o(.constdata)
    atanhi                                   0x000077c0   Data          32  atan.o(.constdata)
    atanlo                                   0x000077e0   Data          32  atan.o(.constdata)
    aTodd                                    0x00007800   Data          40  atan.o(.constdata)
    aTeven                                   0x00007828   Data          48  atan.o(.constdata)
    .constdata                               0x00007858   Section       48  cos_i.o(.constdata)
    C                                        0x00007858   Data          48  cos_i.o(.constdata)
    .constdata                               0x00007888   Section        8  qnan.o(.constdata)
    .constdata                               0x00007890   Section      200  rred.o(.constdata)
    pio2s                                    0x00007890   Data          48  rred.o(.constdata)
    twooverpi                                0x000078c0   Data         152  rred.o(.constdata)
    .constdata                               0x00007958   Section       40  sin_i.o(.constdata)
    S                                        0x00007958   Data          40  sin_i.o(.constdata)
    .constdata                               0x00007980   Section      148  bigflt0.o(.constdata)
    tenpwrs_x                                0x00007980   Data          60  bigflt0.o(.constdata)
    tenpwrs_i                                0x000079bc   Data          64  bigflt0.o(.constdata)
    locale$$data                             0x00007a34   Section       28  lc_numeric_c.o(locale$$data)
    __lcnum_c_name                           0x00007a38   Data           2  lc_numeric_c.o(locale$$data)
    __lcnum_c_start                          0x00007a40   Data           0  lc_numeric_c.o(locale$$data)
    __lcnum_c_point                          0x00007a4c   Data           0  lc_numeric_c.o(locale$$data)
    __lcnum_c_thousands                      0x00007a4e   Data           0  lc_numeric_c.o(locale$$data)
    __lcnum_c_grouping                       0x00007a4f   Data           0  lc_numeric_c.o(locale$$data)
    __lcnum_c_end                            0x00007a50   Data           0  lc_numeric_c.o(locale$$data)
    .data                                    0x20000000   Section     1232  switchbotmain.o(.data)
    Timer_Count                              0x20000000   Data           4  switchbotmain.o(.data)
    .data                                    0x200004d0   Section        8  retarget.o(.data)
    .data                                    0x200004d8   Section       16  system_clock.o(.data)
    .data                                    0x200004e8   Section        8  uart.o(.data)
    .data                                    0x200004f0   Section       36  imu.o(.data)
    .data                                    0x20000514   Section       32  encoders.o(.data)
    .data                                    0x20000534   Section       24  estimator.o(.data)
    .data                                    0x2000054c   Section        8  adc.o(.data)
    .bss                                     0x20000554   Section      460  switchbotmain.o(.bss)
    .bss                                     0x20000720   Section       12  uart.o(.bss)
    .bss                                     0x2000072c   Section       24  encoders.o(.bss)
    .bss                                     0x20000744   Section       64  adc.o(.bss)
    .bss                                     0x20000784   Section       96  libspace.o(.bss)
    HEAP                                     0x200007e8   Section        0  startup_m051.o(HEAP)
    STACK                                    0x200007e8   Section     1024  startup_m051.o(STACK)
    Heap_Mem                                 0x200007e8   Data           0  startup_m051.o(HEAP)
    Stack_Mem                                0x200007e8   Data        1024  startup_m051.o(STACK)
    __initial_sp                             0x20000be8   Data           0  startup_m051.o(STACK)

    Global Symbols

    Symbol Name                              Value     Ov Type        Size  Object(Section)

    BuildAttributes$$THM_ISAv3M$S$PE$A:L22$X:L11$S22$IEEE1$IW$USESV6$~STKCKD$USESV7$~SHL$OTIME$ROPI$IEEEX$EBA8$UX$STANDARDLIB$REQ8$PRES8$EABIv2 0x00000000   Number         0  anon$$obj.o ABSOLUTE
    __ARM_use_no_argv                        0x00000000   Number         0  switchbotmain.o ABSOLUTE
    __Vectors                                0x00000000   Data           4  startup_m051.o(RESET)
    _printf_flags                            0x00000000   Number         0  printf_stubs.o ABSOLUTE
    _printf_return_value                     0x00000000   Number         0  printf_stubs.o ABSOLUTE
    _printf_sizespec                         0x00000000   Number         0  printf_stubs.o ABSOLUTE
    _printf_widthprec                        0x00000000   Number         0  printf_stubs.o ABSOLUTE
    __ARM_exceptions_init                     - Undefined Weak Reference
    __alloca_initialize                       - Undefined Weak Reference
    __cpp_initialize__aeabi_                  - Undefined Weak Reference
    __cxa_finalize                            - Undefined Weak Reference
    __sigvec_lookup                           - Undefined Weak Reference
    _atexit_init                              - Undefined Weak Reference
    _call_atexit_fns                          - Undefined Weak Reference
    _clock_init                               - Undefined Weak Reference
    _fp_trap_init                             - Undefined Weak Reference
    _fp_trap_shutdown                         - Undefined Weak Reference
    _get_lc_collate                           - Undefined Weak Reference
    _get_lc_ctype                             - Undefined Weak Reference
    _get_lc_monetary                          - Undefined Weak Reference
    _get_lc_time                              - Undefined Weak Reference
    _getenv_init                              - Undefined Weak Reference
    _handle_redirection                       - Undefined Weak Reference
    _init_alloc                               - Undefined Weak Reference
    _init_user_alloc                          - Undefined Weak Reference
    _initio                                   - Undefined Weak Reference
    _printf_post_padding                      - Undefined Weak Reference
    _printf_pre_padding                       - Undefined Weak Reference
    _printf_truncate_signed                   - Undefined Weak Reference
    _printf_truncate_unsigned                 - Undefined Weak Reference
    _rand_init                                - Undefined Weak Reference
    _signal_finish                            - Undefined Weak Reference
    _signal_init                              - Undefined Weak Reference
    _terminate_alloc                          - Undefined Weak Reference
    _terminate_user_alloc                     - Undefined Weak Reference
    _terminateio                              - Undefined Weak Reference
    __main                                   0x000000c1   Thumb Code     8  __main.o(!!!main)
    __scatterload                            0x000000c9   Thumb Code     0  __scatter.o(!!!scatter)
    __scatterload_rt2                        0x000000c9   Thumb Code    52  __scatter.o(!!!scatter)
    __scatterload_rt2_thumb_only             0x000000c9   Thumb Code     0  __scatter.o(!!!scatter)
    __scatterload_null                       0x000000d9   Thumb Code     0  __scatter.o(!!!scatter)
    __scatterload_zeroinit                   0x00000105   Thumb Code    28  __scatter_zi.o(!!handler_zi)
    _printf_percent                          0x00000121   Thumb Code     0  _printf_percent.o(.ARM.Collect$$_printf_percent$$00000000)
    _printf_f                                0x00000123   Thumb Code     0  _printf_f.o(.ARM.Collect$$_printf_percent$$00000003)
    _printf_d                                0x0000012d   Thumb Code     0  _printf_d.o(.ARM.Collect$$_printf_percent$$00000009)
    _printf_percent_end                      0x00000137   Thumb Code     0  _printf_percent_end.o(.ARM.Collect$$_printf_percent$$00000017)
    __rt_lib_init                            0x0000013b   Thumb Code     0  libinit.o(.ARM.Collect$$libinit$$00000000)
    __rt_lib_init_fp_1                       0x0000013d   Thumb Code     0  libinit2.o(.ARM.Collect$$libinit$$00000001)
    __rt_lib_init_heap_1                     0x00000141   Thumb Code     0  libinit2.o(.ARM.Collect$$libinit$$00000008)
    __rt_lib_init_lc_common                  0x00000141   Thumb Code     0  libinit2.o(.ARM.Collect$$libinit$$0000000D)
    __rt_lib_init_rand_1                     0x00000141   Thumb Code     0  libinit2.o(.ARM.Collect$$libinit$$0000000C)
    __rt_lib_init_user_alloc_1               0x00000141   Thumb Code     0  libinit2.o(.ARM.Collect$$libinit$$0000000A)
    __rt_lib_init_lc_collate_1               0x00000147   Thumb Code     0  libinit2.o(.ARM.Collect$$libinit$$0000000F)
    __rt_lib_init_lc_ctype_1                 0x00000147   Thumb Code     0  libinit2.o(.ARM.Collect$$libinit$$00000011)
    __rt_lib_init_lc_monetary_1              0x00000147   Thumb Code     0  libinit2.o(.ARM.Collect$$libinit$$00000013)
    __rt_lib_init_lc_numeric_2               0x00000147   Thumb Code     0  libinit2.o(.ARM.Collect$$libinit$$00000014)
    __rt_lib_init_alloca_1                   0x00000151   Thumb Code     0  libinit2.o(.ARM.Collect$$libinit$$0000002C)
    __rt_lib_init_argv_1                     0x00000151   Thumb Code     0  libinit2.o(.ARM.Collect$$libinit$$0000002A)
    __rt_lib_init_atexit_1                   0x00000151   Thumb Code     0  libinit2.o(.ARM.Collect$$libinit$$00000019)
    __rt_lib_init_clock_1                    0x00000151   Thumb Code     0  libinit2.o(.ARM.Collect$$libinit$$0000001F)
    __rt_lib_init_cpp_1                      0x00000151   Thumb Code     0  libinit2.o(.ARM.Collect$$libinit$$00000030)
    __rt_lib_init_exceptions_1               0x00000151   Thumb Code     0  libinit2.o(.ARM.Collect$$libinit$$0000002E)
    __rt_lib_init_fp_trap_1                  0x00000151   Thumb Code     0  libinit2.o(.ARM.Collect$$libinit$$0000001D)
    __rt_lib_init_getenv_1                   0x00000151   Thumb Code     0  libinit2.o(.ARM.Collect$$libinit$$00000021)
    __rt_lib_init_lc_numeric_1               0x00000151   Thumb Code     0  libinit2.o(.ARM.Collect$$libinit$$00000015)
    __rt_lib_init_lc_time_1                  0x00000151   Thumb Code     0  libinit2.o(.ARM.Collect$$libinit$$00000017)
    __rt_lib_init_return                     0x00000151   Thumb Code     0  libinit2.o(.ARM.Collect$$libinit$$00000031)
    __rt_lib_init_signal_1                   0x00000151   Thumb Code     0  libinit2.o(.ARM.Collect$$libinit$$0000001B)
    __rt_lib_init_stdio_1                    0x00000151   Thumb Code     0  libinit2.o(.ARM.Collect$$libinit$$00000023)
    __rt_lib_shutdown                        0x00000153   Thumb Code     0  libshutdown.o(.ARM.Collect$$libshutdown$$00000000)
    __rt_lib_shutdown_fp_trap_1              0x00000155   Thumb Code     0  libshutdown2.o(.ARM.Collect$$libshutdown$$00000006)
    __rt_lib_shutdown_heap_1                 0x00000155   Thumb Code     0  libshutdown2.o(.ARM.Collect$$libshutdown$$0000000E)
    __rt_lib_shutdown_return                 0x00000155   Thumb Code     0  libshutdown2.o(.ARM.Collect$$libshutdown$$0000000F)
    __rt_lib_shutdown_signal_1               0x00000155   Thumb Code     0  libshutdown2.o(.ARM.Collect$$libshutdown$$00000009)
    __rt_lib_shutdown_stdio_1                0x00000155   Thumb Code     0  libshutdown2.o(.ARM.Collect$$libshutdown$$00000003)
    __rt_lib_shutdown_user_alloc_1           0x00000155   Thumb Code     0  libshutdown2.o(.ARM.Collect$$libshutdown$$0000000B)
    __rt_entry                               0x00000157   Thumb Code     0  rtentry.o(.ARM.Collect$$rtentry$$00000000)
    __rt_entry_presh_1                       0x00000157   Thumb Code     0  rtentry2.o(.ARM.Collect$$rtentry$$00000002)
    __rt_entry_sh                            0x00000157   Thumb Code     0  rtentry4.o(.ARM.Collect$$rtentry$$00000004)
    __rt_entry_li                            0x0000015d   Thumb Code     0  rtentry2.o(.ARM.Collect$$rtentry$$0000000A)
    __rt_entry_postsh_1                      0x0000015d   Thumb Code     0  rtentry2.o(.ARM.Collect$$rtentry$$00000009)
    __rt_entry_main                          0x00000161   Thumb Code     0  rtentry2.o(.ARM.Collect$$rtentry$$0000000D)
    __rt_entry_postli_1                      0x00000161   Thumb Code     0  rtentry2.o(.ARM.Collect$$rtentry$$0000000C)
    __rt_exit                                0x00000169   Thumb Code     0  rtexit.o(.ARM.Collect$$rtexit$$00000000)
    __rt_exit_ls                             0x0000016b   Thumb Code     0  rtexit2.o(.ARM.Collect$$rtexit$$00000003)
    __rt_exit_prels_1                        0x0000016b   Thumb Code     0  rtexit2.o(.ARM.Collect$$rtexit$$00000002)
    __rt_exit_exit                           0x0000016f   Thumb Code     0  rtexit2.o(.ARM.Collect$$rtexit$$00000004)
    maskK                                    0x00000175   Thumb Code   202  switchbotmain.o(.text)
    median                                   0x0000023f   Thumb Code   102  switchbotmain.o(.text)
    estimator                                0x000002a5   Thumb Code  1146  switchbotmain.o(.text)
    stateMachine                             0x0000071f   Thumb Code   564  switchbotmain.o(.text)
    reference                                0x00000953   Thumb Code  2260  switchbotmain.o(.text)
    controller                               0x00001227   Thumb Code  2208  switchbotmain.o(.text)
    debugOutput                              0x00001ac7   Thumb Code   212  switchbotmain.o(.text)
    main                                     0x00001b9b   Thumb Code    82  switchbotmain.o(.text)
    TMR2_IRQHandler                          0x00001bed   Thumb Code   130  switchbotmain.o(.text)
    Un_Lock_Reg                              0x00001c91   Thumb Code    16  common.o(.text)
    Lock_Reg                                 0x00001ca1   Thumb Code     8  common.o(.text)
    PLL_Enable                               0x00001ca9   Thumb Code    16  common.o(.text)
    Short_Delay                              0x00001cb9   Thumb Code    18  common.o(.text)
    NSR_Enable                               0x00001ccb   Thumb Code    14  common.o(.text)
    NSR_Disable                              0x00001cd9   Thumb Code    16  common.o(.text)
    SendChar                                 0x00001cf9   Thumb Code    48  retarget.o(.text)
    GetCharPU20                              0x00001d29   Thumb Code    26  retarget.o(.text)
    _ttywrch                                 0x00001d43   Thumb Code    12  retarget.o(.text)
    fputc                                    0x00001d4f   Thumb Code    16  retarget.o(.text)
    fgetc                                    0x00001d5f   Thumb Code    10  retarget.o(.text)
    ferror                                   0x00001d69   Thumb Code     8  retarget.o(.text)
    Reset_Handler                            0x00001d75   Thumb Code    32  startup_m051.o(.text)
    NMI_Handler                              0x00001d95   Thumb Code     2  startup_m051.o(.text)
    HardFault_Handler                        0x00001d97   Thumb Code     2  startup_m051.o(.text)
    SVC_Handler                              0x00001d99   Thumb Code     2  startup_m051.o(.text)
    PendSV_Handler                           0x00001d9b   Thumb Code     2  startup_m051.o(.text)
    ADC_IRQHandler                           0x00001d9f   Thumb Code     0  startup_m051.o(.text)
    BOD_IRQHandler                           0x00001d9f   Thumb Code     0  startup_m051.o(.text)
    EINT0_IRQHandler                         0x00001d9f   Thumb Code     0  startup_m051.o(.text)
    EINT1_IRQHandler                         0x00001d9f   Thumb Code     0  startup_m051.o(.text)
    I2C_IRQHandler                           0x00001d9f   Thumb Code     0  startup_m051.o(.text)
    PWMA_IRQHandler                          0x00001d9f   Thumb Code     0  startup_m051.o(.text)
    PWMB_IRQHandler                          0x00001d9f   Thumb Code     0  startup_m051.o(.text)
    PWRWU_IRQHandler                         0x00001d9f   Thumb Code     0  startup_m051.o(.text)
    SPI0_IRQHandler                          0x00001d9f   Thumb Code     0  startup_m051.o(.text)
    SPI1_IRQHandler                          0x00001d9f   Thumb Code     0  startup_m051.o(.text)
    TMR0_IRQHandler                          0x00001d9f   Thumb Code     0  startup_m051.o(.text)
    TMR1_IRQHandler                          0x00001d9f   Thumb Code     0  startup_m051.o(.text)
    TMR3_IRQHandler                          0x00001d9f   Thumb Code     0  startup_m051.o(.text)
    UART1_IRQHandler                         0x00001d9f   Thumb Code     0  startup_m051.o(.text)
    WDT_IRQHandler                           0x00001d9f   Thumb Code     0  startup_m051.o(.text)
    __user_initial_stackheap                 0x00001da1   Thumb Code     0  startup_m051.o(.text)
    Init_System_Clocks_PLL                   0x00001dd1   Thumb Code    76  system_clock.o(.text)
    Init_System_Clocks_External_12MHz        0x00001e1d   Thumb Code    74  system_clock.o(.text)
    Init_System_Millis_Timer                 0x00001e67   Thumb Code    46  system_clock.o(.text)
    millis                                   0x00001e95   Thumb Code    50  system_clock.o(.text)
    Reset_millis                             0x00001ec7   Thumb Code     8  system_clock.o(.text)
    SysTick_Handler                          0x00001ecf   Thumb Code    12  system_clock.o(.text)
    parseUART0buffer                         0x00001ef9   Thumb Code   410  uart.o(.text)
    Init_Uart0                               0x00002093   Thumb Code   254  uart.o(.text)
    UART0_IRQHandler                         0x00002191   Thumb Code    78  uart.o(.text)
    Timer0_Init                              0x00002211   Thumb Code    84  spi.o(.text)
    TMR0_Delay1ms                            0x00002265   Thumb Code    66  spi.o(.text)
    Init_SPI                                 0x000022a7   Thumb Code   226  spi.o(.text)
    SPI_SingleWrite                          0x00002389   Thumb Code    50  spi.o(.text)
    SPI_IsBusy                               0x000023bb   Thumb Code    20  spi.o(.text)
    SPI_WriteAndWait                         0x000023cf   Thumb Code    22  spi.o(.text)
    SPI_Read                                 0x000023e5   Thumb Code    42  spi.o(.text)
    SPI_Sensor_Read                          0x0000240f   Thumb Code   148  spi.o(.text)
    SPI_Sensor_Read_Int                      0x000024a3   Thumb Code    74  spi.o(.text)
    ConfigureMIPIMU                          0x00002509   Thumb Code   100  imu.o(.text)
    IMU_Update2                              0x0000256d   Thumb Code   200  imu.o(.text)
    Init_Digital_IMU2                        0x00002635   Thumb Code    16  imu.o(.text)
    get_acc_theta                            0x00002645   Thumb Code     6  imu.o(.text)
    get_gyro_thetad                          0x0000264b   Thumb Code     6  imu.o(.text)
    Init_Timer0_ISR                          0x00002695   Thumb Code   142  timers.o(.text)
    Init_Timer1_ISR                          0x00002723   Thumb Code   142  timers.o(.text)
    Init_Timer2_ISR                          0x000027b1   Thumb Code   146  timers.o(.text)
    Init_Timer3_ISR                          0x00002843   Thumb Code   146  timers.o(.text)
    Init_GPIO_Output                         0x000028f5   Thumb Code   216  gpio.o(.text)
    Init_GPIO_Input                          0x000029cd   Thumb Code   212  gpio.o(.text)
    digitalWrite                             0x00002aa1   Thumb Code   224  gpio.o(.text)
    digitalRead                              0x00002b81   Thumb Code    68  gpio.o(.text)
    Init_PWM                                 0x00002bcd   Thumb Code   908  pwm.o(.text)
    PWM_Write                                0x00002f59   Thumb Code    70  pwm.o(.text)
    Init_Port4_Ext_Int                       0x00002fdd   Thumb Code   152  encoders.o(.text)
    Init_Port0_Ext_Int                       0x00003075   Thumb Code   172  encoders.o(.text)
    Init_Encoders                            0x00003121   Thumb Code    12  encoders.o(.text)
    Encoder_Update                           0x0000312d   Thumb Code    30  encoders.o(.text)
    reset_Encoder                            0x0000314b   Thumb Code    12  encoders.o(.text)
    encVelWMA_R                              0x00003157   Thumb Code   192  encoders.o(.text)
    encVelWMA_L                              0x00003217   Thumb Code   192  encoders.o(.text)
    encVelLP_R                               0x000032d7   Thumb Code   118  encoders.o(.text)
    encVelLP_L                               0x0000334d   Thumb Code   228  encoders.o(.text)
    get_encoderLcount                        0x00003431   Thumb Code     6  encoders.o(.text)
    get_encoderRcount                        0x00003437   Thumb Code     6  encoders.o(.text)
    Outputs4Debugging_Encoders               0x0000343d   Thumb Code    76  encoders.o(.text)
    GPIOP0P1_IRQHandler                      0x00003489   Thumb Code   112  encoders.o(.text)
    GPIOP2P3P4_IRQHandler                    0x000034f9   Thumb Code    94  encoders.o(.text)
    Init_Motors                              0x00003585   Thumb Code   144  motor_drive.o(.text)
    motorEnable                              0x00003615   Thumb Code    34  motor_drive.o(.text)
    motorESTOP                               0x00003637   Thumb Code    34  motor_drive.o(.text)
    Drive_Motor                              0x00003659   Thumb Code   196  motor_drive.o(.text)
    Drive_Motor_by_U                         0x0000371d   Thumb Code   300  motor_drive.o(.text)
    driveMotors                              0x00003849   Thumb Code   594  motor_drive.o(.text)
    Initialize_Estimator                     0x00003aa5   Thumb Code    28  estimator.o(.text)
    Complementary_Filter                     0x00003ac1   Thumb Code   170  estimator.o(.text)
    get_theta                                0x00003b6b   Thumb Code     6  estimator.o(.text)
    get_thetad                               0x00003b71   Thumb Code     6  estimator.o(.text)
    Init_ADC                                 0x00003ba1   Thumb Code   982  adc.o(.text)
    readPots                                 0x00003f77   Thumb Code   326  adc.o(.text)
    Init_Interrupt_Priority                  0x000040d9   Thumb Code   614  interrupt_priority.o(.text)
    __2printf                                0x0000435d   Thumb Code    22  noretval__2printf.o(.text)
    _printf_int_dec                          0x00004379   Thumb Code    90  _printf_dec.o(.text)
    __printf                                 0x000043e5   Thumb Code   270  __printf_wp.o(.text)
    __aeabi_uidiv                            0x000044f3   Thumb Code     0  aeabi_sdiv.o(.text)
    __aeabi_uidivmod                         0x000044f3   Thumb Code    20  aeabi_sdiv.o(.text)
    __aeabi_idiv                             0x00004507   Thumb Code     0  aeabi_sdiv.o(.text)
    __aeabi_idivmod                          0x00004507   Thumb Code   326  aeabi_sdiv.o(.text)
    __use_two_region_memory                  0x0000464d   Thumb Code     2  heapauxi.o(.text)
    __rt_heap_escrow$2region                 0x0000464f   Thumb Code     2  heapauxi.o(.text)
    __rt_heap_expand$2region                 0x00004651   Thumb Code     2  heapauxi.o(.text)
    __aeabi_d2f                              0x00004655   Thumb Code     0  d2f.o(.text)
    _d2f                                     0x00004655   Thumb Code   120  d2f.o(.text)
    __aeabi_dadd                             0x000049c9   Thumb Code     0  daddsub.o(.text)
    _dadd                                    0x000049c9   Thumb Code    22  daddsub.o(.text)
    __aeabi_dsub                             0x000049df   Thumb Code     0  daddsub.o(.text)
    _dsub                                    0x000049df   Thumb Code    22  daddsub.o(.text)
    __aeabi_drsub                            0x000049f5   Thumb Code     0  daddsub.o(.text)
    _drsb                                    0x000049f5   Thumb Code    24  daddsub.o(.text)
    __aeabi_ddiv                             0x00004a21   Thumb Code     0  ddiv.o(.text)
    _ddiv                                    0x00004a21   Thumb Code  1072  ddiv.o(.text)
    _drdiv                                   0x00004e51   Thumb Code    20  ddiv.o(.text)
    __aeabi_d2iz                             0x00004e69   Thumb Code     0  dfixi.o(.text)
    _dfix                                    0x00004e69   Thumb Code    98  dfixi.o(.text)
    __aeabi_i2d_normalise                    0x00004ed5   Thumb Code    66  dflti.o(.text)
    __aeabi_i2d                              0x00004f17   Thumb Code    16  dflti.o(.text)
    _dflt                                    0x00004f17   Thumb Code     0  dflti.o(.text)
    __aeabi_ui2d                             0x00004f27   Thumb Code     6  dflti.o(.text)
    _dfltu                                   0x00004f27   Thumb Code     0  dflti.o(.text)
    __aeabi_dmul                             0x00004f2d   Thumb Code     0  dmul.o(.text)
    _dmul                                    0x00004f2d   Thumb Code   592  dmul.o(.text)
    __aeabi_f2d                              0x00005195   Thumb Code     0  f2d.o(.text)
    _f2d                                     0x00005195   Thumb Code    80  f2d.o(.text)
    __aeabi_fdiv                             0x000051e9   Thumb Code     0  fdiv.o(.text)
    _fdiv                                    0x000051e9   Thumb Code   336  fdiv.o(.text)
    _frdiv                                   0x00005339   Thumb Code     8  fdiv.o(.text)
    __aeabi_f2iz                             0x00005349   Thumb Code     0  ffixi.o(.text)
    _ffix                                    0x00005349   Thumb Code    76  ffixi.o(.text)
    __aeabi_i2f_normalise                    0x00005395   Thumb Code    72  fflti.o(.text)
    __aeabi_i2f                              0x000053dd   Thumb Code    16  fflti.o(.text)
    _fflt                                    0x000053dd   Thumb Code     0  fflti.o(.text)
    __aeabi_ui2f                             0x000053ed   Thumb Code     6  fflti.o(.text)
    _ffltu                                   0x000053ed   Thumb Code     0  fflti.o(.text)
    __read_errno                             0x000053f3   Thumb Code    10  _rserrno.o(.text)
    __set_errno                              0x000053fd   Thumb Code    12  _rserrno.o(.text)
    _printf_int_common                       0x00005409   Thumb Code   176  _printf_intcommon.o(.text)
    __lib_sel_fp_printf                      0x000054b9   Thumb Code     2  _printf_fp_dec.o(.text)
    _printf_fp_dec_real                      0x00005653   Thumb Code   620  _printf_fp_dec.o(.text)
    _printf_char_file                        0x000058cd   Thumb Code    34  _printf_char_file.o(.text)
    __rt_udiv10                              0x000058f5   Thumb Code    40  rtudiv10.o(.text)
    __fpl_dcmp_InfNaN                        0x0000591d   Thumb Code   140  dcmpin.o(.text)
    __ARM_scalbn                             0x000059ad   Thumb Code    80  dscalbn.o(.text)
    __fpl_fcmp_InfNaN                        0x00005a09   Thumb Code    96  fcmpin.o(.text)
    __rt_locale                              0x00005a6d   Thumb Code     8  rt_locale_intlibspace.o(.text)
    __aeabi_errno_addr                       0x00005a75   Thumb Code     8  rt_errno_addr_intlibspace.o(.text)
    __errno$intlibspace                      0x00005a75   Thumb Code     0  rt_errno_addr_intlibspace.o(.text)
    __rt_errno_addr$intlibspace              0x00005a75   Thumb Code     0  rt_errno_addr_intlibspace.o(.text)
    _ll_udiv10                               0x00005a7d   Thumb Code   122  lludiv10.o(.text)
    _printf_char_common                      0x00005b03   Thumb Code    32  _printf_char_common.o(.text)
    _printf_fp_infnan                        0x00005b29   Thumb Code   120  _printf_fp_infnan.o(.text)
    _btod_etento                             0x00005bb1   Thumb Code   196  bigflt0.o(.text)
    _btod_d2e                                0x00005c79   Thumb Code    64  btod.o(.text)
    _btod_emul                               0x0000606f   Thumb Code    24  btod.o(.text)
    _btod_emuld                              0x00006087   Thumb Code    60  btod.o(.text)
    _btod_ediv                               0x000060c3   Thumb Code    22  btod.o(.text)
    _btod_edivd                              0x000060d9   Thumb Code    60  btod.o(.text)
    __fpl_cmpreturn                          0x00006121   Thumb Code    44  cmpret.o(.text)
    __fpl_dcheck_NaN2                        0x00006151   Thumb Code    14  dnan2.o(.text)
    _dsqrt                                   0x00006165   Thumb Code   250  dsqrt.o(.text)
    __fpl_fcheck_NaN2                        0x00006269   Thumb Code    10  fnan2.o(.text)
    __user_libspace                          0x00006279   Thumb Code     8  libspace.o(.text)
    __user_perproc_libspace                  0x00006279   Thumb Code     0  libspace.o(.text)
    __user_perthread_libspace                0x00006279   Thumb Code     0  libspace.o(.text)
    __user_setup_stackheap                   0x00006281   Thumb Code    62  sys_stackheap_outer.o(.text)
    exit                                     0x000062bf   Thumb Code    12  exit.o(.text)
    strcmp                                   0x000062cd   Thumb Code   132  strcmp.o(.text)
    __fpl_return_NaN                         0x00006355   Thumb Code    94  retnan.o(.text)
    _sys_exit                                0x000063b5   Thumb Code     8  sys_exit.o(.text)
    __I$use$semihosting                      0x000063c1   Thumb Code     0  use_no_semi.o(.text)
    __use_no_semihosting_swi                 0x000063c1   Thumb Code     2  use_no_semi.o(.text)
    __decompress                             0x000063c3   Thumb Code     0  __dczerorl2.o(.text)
    __decompress1                            0x000063c3   Thumb Code    86  __dczerorl2.o(.text)
    __semihosting_library_function           0x000063c3   Thumb Code     0  indicate_semi.o(.text)
    __ARM_common_ll_muluu                    0x00006419   Thumb Code    48  btod.o(i.__ARM_common_ll_muluu)
    __ARM_common_switch8                     0x00006449   Thumb Code    28  switchbotmain.o(i.__ARM_common_switch8)
    __ARM_fpclassify                         0x00006465   Thumb Code    40  fpclassify.o(i.__ARM_fpclassify)
    __ieee754_rem_pio2                       0x00006491   Thumb Code   846  rred.o(i.__ieee754_rem_pio2)
    __kernel_cos                             0x00006831   Thumb Code   224  cos_i.o(i.__kernel_cos)
    __kernel_poly                            0x00006925   Thumb Code   172  poly.o(i.__kernel_poly)
    __kernel_sin                             0x000069d1   Thumb Code   222  sin_i.o(i.__kernel_sin)
    __mathlib_dbl_underflow                  0x00006abd   Thumb Code    14  dunder.o(i.__mathlib_dbl_underflow)
    _is_digit                                0x00006ad1   Thumb Code    14  __printf_wp.o(i._is_digit)
    asin                                     0x00006ae1   Thumb Code   584  asin.o(i.asin)
    atan                                     0x00006d5d   Thumb Code   474  atan.o(i.atan)
    atan2                                    0x00006f7d   Thumb Code   334  atan2.o(i.atan2)
    floor                                    0x000070f5   Thumb Code   180  floor.o(i.floor)
    sin                                      0x000071bd   Thumb Code   156  sin.o(i.sin)
    sqrt                                     0x00007261   Thumb Code    66  sqrt.o(i.sqrt)
    _get_lc_numeric                          0x000072a9   Thumb Code    44  lc_numeric_c.o(locale$$code)
    __aeabi_cdcmple                          0x000072d5   Thumb Code     0  dlef.o(x$fpl$dleqf)
    _dcmple                                  0x000072d5   Thumb Code    94  dlef.o(x$fpl$dleqf)
    __aeabi_cdrcmple                         0x00007339   Thumb Code     0  drlef.o(x$fpl$drleqf)
    _drcmple                                 0x00007339   Thumb Code   100  drlef.o(x$fpl$drleqf)
    __aeabi_fadd                             0x000073a1   Thumb Code     0  faddsub.o(x$fpl$fadd)
    _fadd                                    0x000073a1   Thumb Code   134  faddsub.o(x$fpl$fadd)
    __aeabi_cfcmple                          0x0000742d   Thumb Code     0  flef.o(x$fpl$fleqf)
    _fcmple                                  0x0000742d   Thumb Code    78  flef.o(x$fpl$fleqf)
    __aeabi_fmul                             0x00007481   Thumb Code     0  fmul.o(x$fpl$fmul)
    _fmul                                    0x00007481   Thumb Code   172  fmul.o(x$fpl$fmul)
    __aeabi_cfrcmple                         0x00007531   Thumb Code     0  frlef.o(x$fpl$frleqf)
    _frcmple                                 0x00007531   Thumb Code    84  frlef.o(x$fpl$frleqf)
    __aeabi_frsub                            0x00007589   Thumb Code     0  faddsub.o(x$fpl$frsb)
    _frsb                                    0x00007589   Thumb Code    24  faddsub.o(x$fpl$frsb)
    __aeabi_fsub                             0x000075a1   Thumb Code     0  faddsub.o(x$fpl$fsub)
    _fsub                                    0x000075a1   Thumb Code   204  faddsub.o(x$fpl$fsub)
    _printf_fp_dec                           0x00007671   Thumb Code    16  printf1.o(x$fpl$printf1)
    UDIR                                     0x00007680   Data          48  switchbotmain.o(.constdata)
    __I$use$fp                               0x00007680   Number         0  usenofp.o(x$fpl$usenofp)
    __mathlib_zero                           0x00007888   Data           8  qnan.o(.constdata)
    Region$$Table$$Base                      0x00007a14   Number         0  anon$$obj.o(Region$$Table)
    Region$$Table$$Limit                     0x00007a34   Number         0  anon$$obj.o(Region$$Table)
    i                                        0x20000004   Data           4  switchbotmain.o(.data)
    j                                        0x20000008   Data           4  switchbotmain.o(.data)
    u1y                                      0x2000000c   Data           4  switchbotmain.o(.data)
    u2y                                      0x20000010   Data           4  switchbotmain.o(.data)
    u3y                                      0x20000014   Data           4  switchbotmain.o(.data)
    temp                                     0x20000018   Data           4  switchbotmain.o(.data)
    gyroLP                                   0x2000001c   Data           4  switchbotmain.o(.data)
    yawRef                                   0x20000020   Data           4  switchbotmain.o(.data)
    button                                   0x20000024   Data           1  switchbotmain.o(.data)
    mode                                     0x20000025   Data           1  switchbotmain.o(.data)
    modeOld                                  0x20000026   Data           1  switchbotmain.o(.data)
    ESTOP                                    0x20000027   Data           1  switchbotmain.o(.data)
    K                                        0x20000028   Data         168  switchbotmain.o(.data)
    nGains                                   0x200000d0   Data           4  switchbotmain.o(.data)
    KS                                       0x200000d4   Data        1008  switchbotmain.o(.data)
    t                                        0x200004c4   Data           4  switchbotmain.o(.data)
    tread                                    0x200004c8   Data           4  switchbotmain.o(.data)
    treadd                                   0x200004cc   Data           4  switchbotmain.o(.data)
    __stdout                                 0x200004d0   Data           4  retarget.o(.data)
    __stdin                                  0x200004d4   Data           4  retarget.o(.data)
    time_CPU_Cycle                           0x200004d8   Data           4  system_clock.o(.data)
    clkspeed                                 0x200004dc   Data           4  system_clock.o(.data)
    time_Millis_Sec                          0x200004e0   Data           4  system_clock.o(.data)
    count                                    0x200004e4   Data           4  system_clock.o(.data)
    count0                                   0x200004e8   Data           4  uart.o(.data)
    timestamp0                               0x200004ec   Data           4  uart.o(.data)
    Accel1                                   0x200004f0   Data           4  imu.o(.data)
    Accel2                                   0x200004f4   Data           4  imu.o(.data)
    Accel1L                                  0x200004f8   Data           4  imu.o(.data)
    Accel2L                                  0x200004fc   Data           4  imu.o(.data)
    Gyro1L                                   0x20000500   Data           4  imu.o(.data)
    Gyro1                                    0x20000504   Data           4  imu.o(.data)
    GyroOffset                               0x20000508   Data           4  imu.o(.data)
    acc_theta                                0x2000050c   Data           4  imu.o(.data)
    gyro_thetad                              0x20000510   Data           4  imu.o(.data)
    encoderLcount                            0x20000514   Data           4  encoders.o(.data)
    encoderRcount                            0x20000518   Data           4  encoders.o(.data)
    encoderRcountOld                         0x2000051c   Data           4  encoders.o(.data)
    encoderLcountOld                         0x20000520   Data           4  encoders.o(.data)
    encoderLvelWMA                           0x20000524   Data           4  encoders.o(.data)
    encoderRvelWMA                           0x20000528   Data           4  encoders.o(.data)
    encoderRvelLP                            0x2000052c   Data           4  encoders.o(.data)
    encoderLvelLP                            0x20000530   Data           4  encoders.o(.data)
    accLP                                    0x20000534   Data           4  estimator.o(.data)
    gyroIntHP                                0x20000538   Data           4  estimator.o(.data)
    theta                                    0x2000053c   Data           4  estimator.o(.data)
    thetad                                   0x20000540   Data           4  estimator.o(.data)
    phi                                      0x20000544   Data           4  estimator.o(.data)
    phid                                     0x20000548   Data           4  estimator.o(.data)
    Run_Init_Only_Once                       0x2000054c   Data           4  adc.o(.data)
    Already_Init                             0x20000550   Data           4  adc.o(.data)
    xhat                                     0x20000554   Data          56  switchbotmain.o(.bss)
    ref                                      0x2000058c   Data          56  switchbotmain.o(.bss)
    refOld                                   0x200005c4   Data          56  switchbotmain.o(.bss)
    u                                        0x200005fc   Data          24  switchbotmain.o(.bss)
    pots                                     0x20000614   Data          16  switchbotmain.o(.bss)
    potsLP                                   0x20000624   Data          16  switchbotmain.o(.bss)
    potVelLP                                 0x20000634   Data          16  switchbotmain.o(.bss)
    potVelWMA                                0x20000644   Data          16  switchbotmain.o(.bss)
    potsOld                                  0x20000654   Data          64  switchbotmain.o(.bss)
    potsMFold                                0x20000694   Data          80  switchbotmain.o(.bss)
    potsMed                                  0x200006e4   Data          20  switchbotmain.o(.bss)
    ustar                                    0x200006f8   Data          24  switchbotmain.o(.bss)
    joy                                      0x20000710   Data          16  switchbotmain.o(.bss)
    RX0Data                                  0x20000720   Data          12  uart.o(.bss)
    encoderLold                              0x2000072c   Data          12  encoders.o(.bss)
    encoderRold                              0x20000738   Data          12  encoders.o(.bss)
    RawAnalogData                            0x20000744   Data          32  adc.o(.bss)
    ADC_Activated                            0x20000764   Data          32  adc.o(.bss)
    __libspace_start                         0x20000784   Data          96  libspace.o(.bss)
    __temporary_stack_top$libspace           0x200007e4   Data           0  libspace.o(.bss)



==============================================================================

Memory Map of the image

  Image Entry point : 0x00001d75

  Load Region LR_1 (Base: 0x00000000, Size: 0x00007fa4, Max: 0xffffffff, ABSOLUTE, COMPRESSED[0x00007d88])

    Execution Region ER_RO (Base: 0x00000000, Size: 0x00007a50, Max: 0xffffffff, ABSOLUTE)

    Base Addr    Size         Type   Attr      Idx    E Section Name        Object

    0x00000000   0x000000c0   Data   RO          126    RESET               startup_m051.o
    0x000000c0   0x00000008   Code   RO          432  * !!!main             c_p.l(__main.o)
    0x000000c8   0x0000003c   Code   RO          769    !!!scatter          c_p.l(__scatter.o)
    0x00000104   0x0000001c   Code   RO          771    !!handler_zi        c_p.l(__scatter_zi.o)
    0x00000120   0x00000002   Code   RO          425    .ARM.Collect$$_printf_percent$$00000000  c_p.l(_printf_percent.o)
    0x00000122   0x0000000a   Code   RO          424    .ARM.Collect$$_printf_percent$$00000003  c_p.l(_printf_f.o)
    0x0000012c   0x0000000a   Code   RO          423    .ARM.Collect$$_printf_percent$$00000009  c_p.l(_printf_d.o)
    0x00000136   0x00000004   Code   RO          517    .ARM.Collect$$_printf_percent$$00000017  c_p.l(_printf_percent_end.o)
    0x0000013a   0x00000002   Code   RO          643    .ARM.Collect$$libinit$$00000000  c_p.l(libinit.o)
    0x0000013c   0x00000004   Code   RO          644    .ARM.Collect$$libinit$$00000001  c_p.l(libinit2.o)
    0x00000140   0x00000000   Code   RO          648    .ARM.Collect$$libinit$$00000008  c_p.l(libinit2.o)
    0x00000140   0x00000000   Code   RO          650    .ARM.Collect$$libinit$$0000000A  c_p.l(libinit2.o)
    0x00000140   0x00000000   Code   RO          652    .ARM.Collect$$libinit$$0000000C  c_p.l(libinit2.o)
    0x00000140   0x00000006   Code   RO          653    .ARM.Collect$$libinit$$0000000D  c_p.l(libinit2.o)
    0x00000146   0x00000000   Code   RO          655    .ARM.Collect$$libinit$$0000000F  c_p.l(libinit2.o)
    0x00000146   0x00000000   Code   RO          657    .ARM.Collect$$libinit$$00000011  c_p.l(libinit2.o)
    0x00000146   0x00000000   Code   RO          659    .ARM.Collect$$libinit$$00000013  c_p.l(libinit2.o)
    0x00000146   0x0000000a   Code   RO          660    .ARM.Collect$$libinit$$00000014  c_p.l(libinit2.o)
    0x00000150   0x00000000   Code   RO          661    .ARM.Collect$$libinit$$00000015  c_p.l(libinit2.o)
    0x00000150   0x00000000   Code   RO          663    .ARM.Collect$$libinit$$00000017  c_p.l(libinit2.o)
    0x00000150   0x00000000   Code   RO          665    .ARM.Collect$$libinit$$00000019  c_p.l(libinit2.o)
    0x00000150   0x00000000   Code   RO          667    .ARM.Collect$$libinit$$0000001B  c_p.l(libinit2.o)
    0x00000150   0x00000000   Code   RO          669    .ARM.Collect$$libinit$$0000001D  c_p.l(libinit2.o)
    0x00000150   0x00000000   Code   RO          671    .ARM.Collect$$libinit$$0000001F  c_p.l(libinit2.o)
    0x00000150   0x00000000   Code   RO          673    .ARM.Collect$$libinit$$00000021  c_p.l(libinit2.o)
    0x00000150   0x00000000   Code   RO          675    .ARM.Collect$$libinit$$00000023  c_p.l(libinit2.o)
    0x00000150   0x00000000   Code   RO          679    .ARM.Collect$$libinit$$0000002A  c_p.l(libinit2.o)
    0x00000150   0x00000000   Code   RO          681    .ARM.Collect$$libinit$$0000002C  c_p.l(libinit2.o)
    0x00000150   0x00000000   Code   RO          683    .ARM.Collect$$libinit$$0000002E  c_p.l(libinit2.o)
    0x00000150   0x00000000   Code   RO          685    .ARM.Collect$$libinit$$00000030  c_p.l(libinit2.o)
    0x00000150   0x00000002   Code   RO          686    .ARM.Collect$$libinit$$00000031  c_p.l(libinit2.o)
    0x00000152   0x00000002   Code   RO          734    .ARM.Collect$$libshutdown$$00000000  c_p.l(libshutdown.o)
    0x00000154   0x00000000   Code   RO          753    .ARM.Collect$$libshutdown$$00000003  c_p.l(libshutdown2.o)
    0x00000154   0x00000000   Code   RO          756    .ARM.Collect$$libshutdown$$00000006  c_p.l(libshutdown2.o)
    0x00000154   0x00000000   Code   RO          759    .ARM.Collect$$libshutdown$$00000009  c_p.l(libshutdown2.o)
    0x00000154   0x00000000   Code   RO          761    .ARM.Collect$$libshutdown$$0000000B  c_p.l(libshutdown2.o)
    0x00000154   0x00000000   Code   RO          764    .ARM.Collect$$libshutdown$$0000000E  c_p.l(libshutdown2.o)
    0x00000154   0x00000002   Code   RO          765    .ARM.Collect$$libshutdown$$0000000F  c_p.l(libshutdown2.o)
    0x00000156   0x00000000   Code   RO          504    .ARM.Collect$$rtentry$$00000000  c_p.l(rtentry.o)
    0x00000156   0x00000000   Code   RO          569    .ARM.Collect$$rtentry$$00000002  c_p.l(rtentry2.o)
    0x00000156   0x00000006   Code   RO          581    .ARM.Collect$$rtentry$$00000004  c_p.l(rtentry4.o)
    0x0000015c   0x00000000   Code   RO          571    .ARM.Collect$$rtentry$$00000009  c_p.l(rtentry2.o)
    0x0000015c   0x00000004   Code   RO          572    .ARM.Collect$$rtentry$$0000000A  c_p.l(rtentry2.o)
    0x00000160   0x00000000   Code   RO          574    .ARM.Collect$$rtentry$$0000000C  c_p.l(rtentry2.o)
    0x00000160   0x00000008   Code   RO          575    .ARM.Collect$$rtentry$$0000000D  c_p.l(rtentry2.o)
    0x00000168   0x00000002   Code   RO          690    .ARM.Collect$$rtexit$$00000000  c_p.l(rtexit.o)
    0x0000016a   0x00000000   Code   RO          705    .ARM.Collect$$rtexit$$00000002  c_p.l(rtexit2.o)
    0x0000016a   0x00000004   Code   RO          706    .ARM.Collect$$rtexit$$00000003  c_p.l(rtexit2.o)
    0x0000016e   0x00000006   Code   RO          707    .ARM.Collect$$rtexit$$00000004  c_p.l(rtexit2.o)
    0x00000174   0x00001b1c   Code   RO            1    .text               switchbotmain.o
    0x00001c90   0x00000068   Code   RO           93    .text               common.o
    0x00001cf8   0x0000007c   Code   RO          105    .text               retarget.o
    0x00001d74   0x0000005c   Code   RO          127  * .text               startup_m051.o
    0x00001dd0   0x00000128   Code   RO          132    .text               system_clock.o
    0x00001ef8   0x00000318   Code   RO          150    .text               uart.o
    0x00002210   0x000002f8   Code   RO          175    .text               spi.o
    0x00002508   0x0000018c   Code   RO          193    .text               imu.o
    0x00002694   0x00000260   Code   RO          217    .text               timers.o
    0x000028f4   0x000002d8   Code   RO          238    .text               gpio.o
    0x00002bcc   0x00000410   Code   RO          253    .text               pwm.o
    0x00002fdc   0x000005a8   Code   RO          268    .text               encoders.o
    0x00003584   0x00000520   Code   RO          293    .text               motor_drive.o
    0x00003aa4   0x000000fc   Code   RO          317    .text               estimator.o
    0x00003ba0   0x00000538   Code   RO          350    .text               adc.o
    0x000040d8   0x00000284   Code   RO          378    .text               interrupt_priority.o
    0x0000435c   0x0000001c   Code   RO          397    .text               c_p.l(noretval__2printf.o)
    0x00004378   0x0000006c   Code   RO          401    .text               c_p.l(_printf_dec.o)
    0x000043e4   0x0000010e   Code   RO          411    .text               c_p.l(__printf_wp.o)
    0x000044f2   0x0000015a   Code   RO          426    .text               c_p.l(aeabi_sdiv.o)
    0x0000464c   0x00000006   Code   RO          430    .text               c_p.l(heapauxi.o)
    0x00004652   0x00000002   PAD
    0x00004654   0x0000007c   Code   RO          434    .text               fz_ps.l(d2f.o)
    0x000046d0   0x00000350   Code   RO          436    .text               fz_ps.l(daddsub.o)
    0x00004a20   0x00000448   Code   RO          438    .text               fz_ps.l(ddiv.o)
    0x00004e68   0x0000006c   Code   RO          441    .text               fz_ps.l(dfixi.o)
    0x00004ed4   0x00000058   Code   RO          443    .text               fz_ps.l(dflti.o)
    0x00004f2c   0x00000268   Code   RO          447    .text               fz_ps.l(dmul.o)
    0x00005194   0x00000054   Code   RO          451    .text               fz_ps.l(f2d.o)
    0x000051e8   0x00000160   Code   RO          459    .text               fz_ps.l(fdiv.o)
    0x00005348   0x0000004c   Code   RO          462    .text               fz_ps.l(ffixi.o)
    0x00005394   0x0000005e   Code   RO          464    .text               fz_ps.l(fflti.o)
    0x000053f2   0x00000016   Code   RO          509    .text               c_p.l(_rserrno.o)
    0x00005408   0x000000b0   Code   RO          511    .text               c_p.l(_printf_intcommon.o)
    0x000054b8   0x00000414   Code   RO          513    .text               c_p.l(_printf_fp_dec.o)
    0x000058cc   0x00000028   Code   RO          515    .text               c_p.l(_printf_char_file.o)
    0x000058f4   0x00000028   Code   RO          518    .text               c_p.l(rtudiv10.o)
    0x0000591c   0x00000090   Code   RO          520    .text               fz_ps.l(dcmpin.o)
    0x000059ac   0x0000005c   Code   RO          522    .text               fz_ps.l(dscalbn.o)
    0x00005a08   0x00000064   Code   RO          524    .text               fz_ps.l(fcmpin.o)
    0x00005a6c   0x00000008   Code   RO          588    .text               c_p.l(rt_locale_intlibspace.o)
    0x00005a74   0x00000008   Code   RO          593    .text               c_p.l(rt_errno_addr_intlibspace.o)
    0x00005a7c   0x0000007a   Code   RO          595    .text               c_p.l(lludiv10.o)
    0x00005af6   0x00000002   PAD
    0x00005af8   0x00000030   Code   RO          597    .text               c_p.l(_printf_char_common.o)
    0x00005b28   0x00000088   Code   RO          599    .text               c_p.l(_printf_fp_infnan.o)
    0x00005bb0   0x000000c8   Code   RO          601    .text               c_p.l(bigflt0.o)
    0x00005c78   0x000004a8   Code   RO          604    .text               c_p.l(btod.o)
    0x00006120   0x00000030   Code   RO          612    .text               fz_ps.l(cmpret.o)
    0x00006150   0x00000014   Code   RO          614    .text               fz_ps.l(dnan2.o)
    0x00006164   0x00000104   Code   RO          616    .text               fz_ps.l(dsqrt.o)
    0x00006268   0x00000010   Code   RO          618    .text               fz_ps.l(fnan2.o)
    0x00006278   0x00000008   Code   RO          622    .text               c_p.l(libspace.o)
    0x00006280   0x0000003e   Code   RO          625    .text               c_p.l(sys_stackheap_outer.o)
    0x000062be   0x0000000c   Code   RO          630    .text               c_p.l(exit.o)
    0x000062ca   0x00000002   PAD
    0x000062cc   0x00000088   Code   RO          636    .text               c_p.l(strcmp.o)
    0x00006354   0x0000005e   Code   RO          687    .text               fz_ps.l(retnan.o)
    0x000063b2   0x00000002   PAD
    0x000063b4   0x0000000c   Code   RO          702    .text               c_p.l(sys_exit.o)
    0x000063c0   0x00000002   Code   RO          721    .text               c_p.l(use_no_semi.o)
    0x000063c2   0x00000000   Code   RO          723    .text               c_p.l(indicate_semi.o)
    0x000063c2   0x00000056   Code   RO          767    .text               c_p.l(__dczerorl2.o)
    0x00006418   0x00000030   Code   RO          607    i.__ARM_common_ll_muluu  c_p.l(btod.o)
    0x00006448   0x0000001c   Code   RO           16    i.__ARM_common_switch8  switchbotmain.o
    0x00006464   0x0000002c   Code   RO          542    i.__ARM_fpclassify  m_ps.l(fpclassify.o)
    0x00006490   0x000003a0   Code   RO          547    i.__ieee754_rem_pio2  m_ps.l(rred.o)
    0x00006830   0x000000f4   Code   RO          537    i.__kernel_cos      m_ps.l(cos_i.o)
    0x00006924   0x000000ac   Code   RO          544    i.__kernel_poly     m_ps.l(poly.o)
    0x000069d0   0x000000ec   Code   RO          554    i.__kernel_sin      m_ps.l(sin_i.o)
    0x00006abc   0x00000014   Code   RO          540    i.__mathlib_dbl_underflow  m_ps.l(dunder.o)
    0x00006ad0   0x0000000e   Code   RO          413    i._is_digit         c_p.l(__printf_wp.o)
    0x00006ade   0x00000002   PAD
    0x00006ae0   0x0000027c   Code   RO          475    i.asin              m_ps.l(asin.o)
    0x00006d5c   0x00000220   Code   RO          528    i.atan              m_ps.l(atan.o)
    0x00006f7c   0x00000178   Code   RO          485    i.atan2             m_ps.l(atan2.o)
    0x000070f4   0x000000c8   Code   RO          493    i.floor             m_ps.l(floor.o)
    0x000071bc   0x000000a4   Code   RO          497    i.sin               m_ps.l(sin.o)
    0x00007260   0x00000048   Code   RO          561    i.sqrt              m_ps.l(sqrt.o)
    0x000072a8   0x0000002c   Code   RO          610    locale$$code        c_p.l(lc_numeric_c.o)
    0x000072d4   0x00000064   Code   RO          445    x$fpl$dleqf         fz_ps.l(dlef.o)
    0x00007338   0x00000068   Code   RO          449    x$fpl$drleqf        fz_ps.l(drlef.o)
    0x000073a0   0x0000008c   Code   RO          453    x$fpl$fadd          fz_ps.l(faddsub.o)
    0x0000742c   0x00000054   Code   RO          466    x$fpl$fleqf         fz_ps.l(flef.o)
    0x00007480   0x000000b0   Code   RO          468    x$fpl$fmul          fz_ps.l(fmul.o)
    0x00007530   0x00000058   Code   RO          470    x$fpl$frleqf        fz_ps.l(frlef.o)
    0x00007588   0x00000018   Code   RO          454    x$fpl$frsb          fz_ps.l(faddsub.o)
    0x000075a0   0x000000d0   Code   RO          455    x$fpl$fsub          fz_ps.l(faddsub.o)
    0x00007670   0x00000010   Code   RO          472    x$fpl$printf1       fz_ps.l(printf1.o)
    0x00007680   0x00000000   Code   RO          526    x$fpl$usenofp       fz_ps.l(usenofp.o)
    0x00007680   0x00000030   Data   RO            3    .constdata          switchbotmain.o
    0x000076b0   0x00000080   Data   RO          439    .constdata          fz_ps.l(ddiv.o)
    0x00007730   0x00000040   Data   RO          460    .constdata          fz_ps.l(fdiv.o)
    0x00007770   0x00000050   Data   RO          476    .constdata          m_ps.l(asin.o)
    0x000077c0   0x00000098   Data   RO          529    .constdata          m_ps.l(atan.o)
    0x00007858   0x00000030   Data   RO          538    .constdata          m_ps.l(cos_i.o)
    0x00007888   0x00000008   Data   RO          546    .constdata          m_ps.l(qnan.o)
    0x00007890   0x000000c8   Data   RO          549    .constdata          m_ps.l(rred.o)
    0x00007958   0x00000028   Data   RO          555    .constdata          m_ps.l(sin_i.o)
    0x00007980   0x00000094   Data   RO          602    .constdata          c_p.l(bigflt0.o)
    0x00007a14   0x00000020   Data   RO          766    Region$$Table       anon$$obj.o
    0x00007a34   0x0000001c   Data   RO          609    locale$$data        c_p.l(lc_numeric_c.o)


    Execution Region ER_RW (Base: 0x20000000, Size: 0x00000554, Max: 0xffffffff, ABSOLUTE, COMPRESSED[0x00000338])

    Base Addr    Size         Type   Attr      Idx    E Section Name        Object

    0x20000000   0x000004d0   Data   RW            4    .data               switchbotmain.o
    0x200004d0   0x00000008   Data   RW          106    .data               retarget.o
    0x200004d8   0x00000010   Data   RW          133    .data               system_clock.o
    0x200004e8   0x00000008   Data   RW          152    .data               uart.o
    0x200004f0   0x00000024   Data   RW          194    .data               imu.o
    0x20000514   0x00000020   Data   RW          270    .data               encoders.o
    0x20000534   0x00000018   Data   RW          318    .data               estimator.o
    0x2000054c   0x00000008   Data   RW          352    .data               adc.o


    Execution Region ER_ZI (Base: 0x20000554, Size: 0x00000694, Max: 0xffffffff, ABSOLUTE)

    Base Addr    Size         Type   Attr      Idx    E Section Name        Object

    0x20000554   0x000001cc   Zero   RW            2    .bss                switchbotmain.o
    0x20000720   0x0000000c   Zero   RW          151    .bss                uart.o
    0x2000072c   0x00000018   Zero   RW          269    .bss                encoders.o
    0x20000744   0x00000040   Zero   RW          351    .bss                adc.o
    0x20000784   0x00000060   Zero   RW          623    .bss                c_p.l(libspace.o)
    0x200007e4   0x00000004   PAD
    0x200007e8   0x00000000   Zero   RW          125    HEAP                startup_m051.o
    0x200007e8   0x00000400   Zero   RW          124    STACK               startup_m051.o


==============================================================================

Image component sizes


      Code (inc. data)   RO Data    RW Data    ZI Data      Debug   Object Name

      1336         86          0          8         64       2158   adc.o
       104         16          0          0          0       1053   common.o
      1448        156          0         32         24       4404   encoders.o
       252         42          0         24          0       1401   estimator.o
       728         48          0          0          0       1436   gpio.o
       396         68          0         36          0       1676   imu.o
       644         44          0          0          0        874   interrupt_priority.o
      1312         30          0          0          0       1950   motor_drive.o
      1040         82          0          0          0       1053   pwm.o
       124          4          0          8          0       3301   retarget.o
       760         28          0          0          0       2946   spi.o
        92         38        192          0       1024        692   startup_m051.o
      6968        656         48       1232        460      10588   switchbotmain.o
       296         30          0         16          0       1688   system_clock.o
       608         32          0          0          0        970   timers.o
       792         50          0          8         12       2179   uart.o

    ----------------------------------------------------------------------
     16900       1410        272       1364       1584      38369   Object Totals
         0          0         32          0          0          0   (incl. Generated)
         0          0          0          0          0          0   (incl. Padding)

    ----------------------------------------------------------------------

      Code (inc. data)   RO Data    RW Data    ZI Data      Debug   Library Member Name

        86          0          0          0          0          0   __dczerorl2.o
         8          0          0          0          0         68   __main.o
       284          0          0          0          0        136   __printf_wp.o
        60          8          0          0          0          0   __scatter.o
        28          0          0          0          0          0   __scatter_zi.o
        48          6          0          0          0         88   _printf_char_common.o
        40          6          0          0          0         72   _printf_char_file.o
        10          0          0          0          0          0   _printf_d.o
       108         18          0          0          0         76   _printf_dec.o
        10          0          0          0          0          0   _printf_f.o
      1044         14          0          0          0        176   _printf_fp_dec.o
       136         16          0          0          0         76   _printf_fp_infnan.o
       176          0          0          0          0         84   _printf_intcommon.o
         2          0          0          0          0          0   _printf_percent.o
         4          0          0          0          0          0   _printf_percent_end.o
        22          0          0          0          0         92   _rserrno.o
       346          0          0          0          0         92   aeabi_sdiv.o
       200          4        148          0          0         80   bigflt0.o
      1240         12          0          0          0        316   btod.o
        12          0          0          0          0         64   exit.o
         6          0          0          0          0        136   heapauxi.o
         0          0          0          0          0          0   indicate_semi.o
        44         10         28          0          0         76   lc_numeric_c.o
         2          0          0          0          0          0   libinit.o
        22          0          0          0          0          0   libinit2.o
         2          0          0          0          0          0   libshutdown.o
         2          0          0          0          0          0   libshutdown2.o
         8          4          0          0         96         68   libspace.o
       122          0          0          0          0         72   lludiv10.o
        28          6          0          0          0         84   noretval__2printf.o
         8          4          0          0          0         68   rt_errno_addr_intlibspace.o
         8          4          0          0          0         68   rt_locale_intlibspace.o
         0          0          0          0          0          0   rtentry.o
        12          0          0          0          0          0   rtentry2.o
         6          0          0          0          0          0   rtentry4.o
         2          0          0          0          0          0   rtexit.o
        10          0          0          0          0          0   rtexit2.o
        40          0          0          0          0         60   rtudiv10.o
       136          4          0          0          0         72   strcmp.o
        12          4          0          0          0         60   sys_exit.o
        62          0          0          0          0         80   sys_stackheap_outer.o
         2          0          0          0          0         68   use_no_semi.o
        48          4          0          0          0         60   cmpret.o
       124          4          0          0          0         72   d2f.o
       848         20          0          0          0        228   daddsub.o
       144          4          0          0          0         76   dcmpin.o
      1096         26        128          0          0        116   ddiv.o
       108         10          0          0          0         72   dfixi.o
        88          0          0          0          0         92   dflti.o
       100          4          0          0          0         92   dlef.o
       616         24          0          0          0         84   dmul.o
        20          6          0          0          0         68   dnan2.o
       104          4          0          0          0        104   drlef.o
        92         12          0          0          0         72   dscalbn.o
       260         10          0          0          0         76   dsqrt.o
        84          4          0          0          0         60   f2d.o
       372          8          0          0          0        240   faddsub.o
       100          4          0          0          0         68   fcmpin.o
       352          8         64          0          0         88   fdiv.o
        76          0          0          0          0         68   ffixi.o
        94          0          0          0          0         92   fflti.o
        84          4          0          0          0         76   flef.o
       176          4          0          0          0         80   fmul.o
        16          6          0          0          0         68   fnan2.o
        88          4          0          0          0         76   frlef.o
        16          4          0          0          0         76   printf1.o
        94          0          0          0          0         68   retnan.o
         0          0          0          0          0          0   usenofp.o
       636         52         80          0          0        104   asin.o
       544         70        152          0          0        112   atan.o
       376         42          0          0          0        144   atan2.o
       244         20         48          0          0         92   cos_i.o
        20          6          0          0          0         68   dunder.o
       200         20          0          0          0         76   floor.o
        44          4          0          0          0         60   fpclassify.o
       172          0          0          0          0         76   poly.o
         0          0          8          0          0          0   qnan.o
       928         82        200          0          0        120   rred.o
       164          8          0          0          0        104   sin.o
       236         14         40          0          0        100   sin_i.o
        72          6          0          0          0         76   sqrt.o

    ----------------------------------------------------------------------
     13244        618        896          0        100       5736   Library Totals
        10          0          0          0          4          0   (incl. Padding)

    ----------------------------------------------------------------------

      Code (inc. data)   RO Data    RW Data    ZI Data      Debug   Library Name

      4398        120        176          0         96       2332   c_p.l
      5200        174        192          0          0       2272   fz_ps.l
      3636        324        528          0          0       1132   m_ps.l

    ----------------------------------------------------------------------
     13244        618        896          0        100       5736   Library Totals

    ----------------------------------------------------------------------

==============================================================================


      Code (inc. data)   RO Data    RW Data    ZI Data      Debug   

     30144       2028       1168       1364       1684      40217   Grand Totals
     30144       2028       1168        824       1684      40217   ELF Image Totals (compressed)
     30144       2028       1168        824          0          0   ROM Totals

==============================================================================

    Total RO  Size (Code + RO Data)                31312 (  30.58kB)
    Total RW  Size (RW Data + ZI Data)              3048 (   2.98kB)
    Total ROM Size (Code + RO Data + RW Data)      32136 (  31.38kB)

==============================================================================

