<html>
<body>
<pre>
<h1>µVision Build Log</h1>
<h2>Project:</h2>
\\psf\Dropbox\switchbot\switchbotNuvoton\Code_with_Libraries\Encoders\Encoders.uvproj
Project File Date:  10/29/2014

<h2>Output:</h2>
Rebuild target 'Encoders_test'
compiling Encoders_test.c...
compiling common.c...
compiling retarget.c...
assembling startup_M051.s...
compiling UART.c...
..\..\Libraries\MiP_Libraries\UART\UART.c(48): warning:  #9-D: nested comment is not allowed
  } //*/
..\..\Libraries\MiP_Libraries\UART\UART.c(57): warning:  #9-D: nested comment is not allowed
        printf("\n");//*/
..\..\Libraries\MiP_Libraries\UART\UART.c(196): warning:  #9-D: nested comment is not allowed
  } //*/
..\..\Libraries\MiP_Libraries\UART\UART.c: 3 warnings, 0 errors
compiling Encoders.c...
..\..\Libraries\MiP_Libraries\Encoders\Encoders.c(201): warning:  #9-D: nested comment is not allowed
        //*/
..\..\Libraries\MiP_Libraries\Encoders\Encoders.c(240): warning:  #9-D: nested comment is not allowed
        //*/
..\..\Libraries\MiP_Libraries\Encoders\Encoders.c: 2 warnings, 0 errors
compiling System_Clock.c...
compiling GPIO.c...
linking...
Program Size: Code=11736 RO-data=592 RW-data=68 ZI-data=1156  
After Build - User command #1: fromelf --bin ".\output\Timer_Demo.axf" --output ".\output\Timer_Demo.bin"
After Build - User command #2: fromelf --text -c ".\output\Timer_Demo.axf" --output ".\output\Timer_Demo.txt"
".\Output\Timer_Demo.axf" - 0 Error(s), 5 Warning(s).
Load "\\\\psf\\Dropbox\\switchbot\\switchbotNuvoton\\Code_with_Libraries\\Encoders\\Output\\Timer_Demo.axf" 
</pre>
</body>
</html>
