<html>
<body>
<pre>
<h1>µVision Build Log</h1>
<h2>Project:</h2>
C:\Users\AnteaterXPS\Dropbox\Nuvoton\My Prac Nuvoton Code\Nuvoton Test Code\Code_with_Libraries\Combined_Timer_Interrupt_ADC_PWM_SPI1\Combined_Timer_Interrupt_ADC_PWM_SPI1.uvproj
Project File Date:  08/11/2014

<h2>Output:</h2>
Rebuild target 'Combined_Timer_Interrupt_PWM_and_SPI'
compiling Combined_Timer_Interrupt_ADC_PWM_SPI1_test.c...
Source\Combined_Timer_Interrupt_ADC_PWM_SPI1_test.c(58): warning:  #223-D: function "Init_ADC" declared implicitly
        Init_ADC(0);                                                                            // Enabling ADC in continousmode on pin.  Init_ADC(pin)
Source\Combined_Timer_Interrupt_ADC_PWM_SPI1_test.c: 1 warning, 0 errors
compiling common.c...
compiling retarget.c...
assembling startup_M051.s...
compiling IMU.c...
compiling SPI.c...
compiling System_Clock.c...
compiling ADC.c...
compiling PWM.c...
compiling GPIO.c...
compiling Timers.c...
..\..\Libraries\MiP_Libraries\Timers\Timers.c(19): warning:  #177-D: variable "Timer_Count" was declared but never referenced
  static uint32_t Timer_Count = 0;
..\..\Libraries\MiP_Libraries\Timers\Timers.c: 1 warning, 0 errors
compiling UART.c...
linking...
Program Size: Code=16276 RO-data=756 RW-data=76 ZI-data=1212  
After Build - User command #1: fromelf --bin ".\output\Timer_Demo.axf" --output ".\output\Timer_Demo.bin"
After Build - User command #2: fromelf --text -c ".\output\Timer_Demo.axf" --output ".\output\Timer_Demo.txt"
".\Output\Timer_Demo.axf" - 0 Error(s), 2 Warning(s).
</pre>
</body>
</html>
